<html>
<body>
<pre>
<h1>µVision Build Log</h1>
<h2>Tool Versions:</h2>
IDE-Version: ¦ÌVision V5.23.0.0
Copyright (C) 2017 ARM Ltd and ARM Germany GmbH. All rights reserved.
License Information: z Administrator, zzz, LIC=TIVHL-077DV-9TX3L-0LCCH-5SI4B-3JYEC
 
Tool Versions:
Toolchain:       MDK-ARM Plus  Version: 5.23
Toolchain Path:  C:\Keil_v5\ARM\ARMCC\Bin
C Compiler:      Armcc.exe V5.06 update 4 (build 422)
Assembler:       Armasm.exe V5.06 update 4 (build 422)
Linker/Locator:  ArmLink.exe V5.06 update 4 (build 422)
Library Manager: ArmAr.exe V5.06 update 4 (build 422)
Hex Converter:   FromElf.exe V5.06 update 4 (build 422)
CPU DLL:         SARMCM3.DLL V5.23
Dialog DLL:      DCM.DLL V1.15.0.0
Target DLL:      Segger\JL2CM3.dll V2.99.23.0
Dialog DLL:      TCM.DLL V1.27.0.0
 
<h2>Project:</h2>
D:\workstation\BPG1101B-A\code\project\keil\BPG1101B-A.uvprojx
Project File Date:  02/22/2022

<h2>Output:</h2>
*** Using Compiler 'V5.06 update 4 (build 422)', folder: 'C:\Keil_v5\ARM\ARMCC\Bin'
Build target 'project'
compiling adc.c...
compiling hid_core.c...
compiling key.c...
compiling gpio.c...
compiling config.c...
compiling gd32f3x0_it.c...
compiling led.c...
compiling hid_descriptor.c...
compiling comm.c...
compiling digitizer_comm.c...
compiling app_usart.c...
compiling queue.c...
compiling pwm.c...
compiling systick.c...
compiling main.c...
compiling pressure.c...
compiling timer.c...
compiling usart.c...
compiling scan.c...
compiling system.c...
compiling usb_delay.c...
compiling usb.c...
compiling wdog.c...
compiling xy_antana.c...
compiling xy_calibration.c...
compiling system_gd32f3x0.c...
compiling gd32f3x0_dbg.c...
compiling gd32f3x0_ctc.c...
compiling ugee_i2c.c...
compiling IQS.c...
compiling gd32f3x0_exti.c...
compiling gd32f3x0_adc.c...
compiling gd32f3x0_dma.c...
compiling gd32f3x0_fmc.c...
compiling gd32f3x0_fwdgt.c...
compiling gd32f3x0_gpio.c...
compiling gd32f3x0_i2c.c...
compiling gd32f3x0_misc.c...
compiling gd32f3x0_pmu.c...
compiling gd32f3x0_syscfg.c...
compiling gd32f3x0_rtc.c...
compiling gd32f3x0_rcu.c...
assembling startup_gd32f3x0.s...
compiling gd32f3x0_usart.c...
compiling gd32f3x0_wwdgt.c...
compiling gd32f3x0_timer.c...
compiling gd32f3x0_crc.c...
compiling gd32f3x0_tsi.c...
compiling usb_core.c...
compiling usbd_core.c...
compiling flexible_button.c...
compiling clock.c...
compiling usbd_int.c...
compiling SEGGER_RTT_printf.c...
compiling drv_pin.c...
compiling serial.c...
compiling usbd_std.c...
compiling taskschedule.c...
compiling SEGGER_RTT.c...
linking...
Program Size: Code=37612 RO-data=5864 RW-data=1356 ZI-data=3052  
FromELF: creating hex file...
After Build - User command #1: fromelf --bin ".\Objects\HandPad_BPG1101B_20220222.axf" --output ".\Objects\HandPad_BPG1101B_20220222.bin"
".\Objects\HandPad_BPG1101B_20220222.axf" - 0 Error(s), 0 Warning(s).

<h2>Collection of Component include folders:</h2>
  .\RTE\_project
  C:\Users\Administrator\AppData\Local\Arm\Packs\GigaDevice\GD32F3x0_DFP\2.0.0\Device\Include

<h2>Collection of Component Files used:</h2>
Build Time Elapsed:  00:00:05
</pre>
</body>
</html>
