Component: ARM Compiler 5.06 update 6 (build 750) Tool: armlink [4d35ed]

==============================================================================

Section Cross References

    dfu.o(i.Deinit_AllFunc) refers to gd32f3x0_misc.o(i.nvic_irq_disable) for nvic_irq_disable
    dfu.o(i.Deinit_AllFunc) refers to gd32f3x0_rcu.o(i.rcu_periph_clock_disable) for rcu_periph_clock_disable
    dfu.o(i.Flash_Erase) refers to gd32f3x0_fmc.o(i.fmc_unlock) for fmc_unlock
    dfu.o(i.Flash_Erase) refers to gd32f3x0_fmc.o(i.fmc_flag_get) for fmc_flag_get
    dfu.o(i.Flash_Erase) refers to gd32f3x0_fmc.o(i.fmc_page_erase) for fmc_page_erase
    dfu.o(i.Flash_Erase) refers to gd32f3x0_fmc.o(i.fmc_ready_wait) for fmc_ready_wait
    dfu.o(i.Flash_Erase) refers to gd32f3x0_fmc.o(i.fmc_lock) for fmc_lock
    dfu.o(i.Flash_Write) refers to gd32f3x0_fmc.o(i.fmc_unlock) for fmc_unlock
    dfu.o(i.Flash_Write) refers to gd32f3x0_fmc.o(i.fmc_flag_clear) for fmc_flag_clear
    dfu.o(i.Flash_Write) refers to gd32f3x0_fmc.o(i.fmc_flag_get) for fmc_flag_get
    dfu.o(i.Flash_Write) refers to gd32f3x0_fmc.o(i.fmc_word_program) for fmc_word_program
    dfu.o(i.Flash_Write) refers to gd32f3x0_fmc.o(i.fmc_lock) for fmc_lock
    dfu.o(i.USBD_SendReport) refers to hid_core.o(i.custom_hid_report_send) for custom_hid_report_send
    dfu.o(i.USBD_SendReport) refers to main.o(.data) for usbhs_core_dev
    dfu.o(i.getFlashMemorySize) refers to dfu.o(.data) for .data
    dfu.o(i.getISPFlag) refers to dfu.o(i.Flash_Read) for Flash_Read
    dfu.o(i.getUserConfigInfo) refers to dfu.o(i.Flash_Read) for Flash_Read
    dfu.o(i.get_ugUSBStatusRecv) refers to dfu.o(.data) for .data
    dfu.o(i.get_ugUSBStatusSend) refers to dfu.o(.data) for .data
    dfu.o(i.reset_ugUSBStatus) refers to dfu.o(.data) for .data
    dfu.o(i.setISPFlag) refers to dfu.o(i.Flash_Read) for Flash_Read
    dfu.o(i.setISPFlag) refers to dfu.o(i.Flash_Erase) for Flash_Erase
    dfu.o(i.setISPFlag) refers to dfu.o(i.ugee_fmc_program) for ugee_fmc_program
    dfu.o(i.setISPFlag) refers to dfu.o(.bss) for .bss
    dfu.o(i.set_ugUSBStatusRecv) refers to dfu.o(.data) for .data
    dfu.o(i.set_ugUSBStatusSend) refers to dfu.o(.data) for .data
    dfu.o(i.ugee_fmc_program) refers to gd32f3x0_fmc.o(i.fmc_unlock) for fmc_unlock
    dfu.o(i.ugee_fmc_program) refers to gd32f3x0_fmc.o(i.fmc_flag_get) for fmc_flag_get
    dfu.o(i.ugee_fmc_program) refers to gd32f3x0_fmc.o(i.fmc_word_program) for fmc_word_program
    dfu.o(i.ugee_fmc_program) refers to gd32f3x0_fmc.o(i.fmc_flag_clear) for fmc_flag_clear
    dfu.o(i.ugee_fmc_program) refers to gd32f3x0_fmc.o(i.fmc_lock) for fmc_lock
    dfu.o(i.ugee_usbd_ep_tx) refers to usbd_core.o(i.usbd_ep_tx) for usbd_ep_tx
    dfu.o(i.ugee_usbd_ep_tx) refers to dfu.o(i.set_ugUSBStatusSend) for set_ugUSBStatusSend
    dfu.o(i.ugee_usbd_ep_tx) refers to main.o(.data) for usbhs_core_dev
    dfu.o(i.usb_TaskFunc) refers to main.o(i.get_usbCurStatus) for get_usbCurStatus
    dfu.o(i.usb_TaskFunc) refers to segger_rtt_printf.o(i.SEGGER_RTT_printf) for SEGGER_RTT_printf
    dfu.o(i.usb_TaskFunc) refers to dfu.o(i.checkIfAppInvalid) for checkIfAppInvalid
    dfu.o(i.usb_TaskFunc) refers to dfu.o(i.getISPFlag) for getISPFlag
    dfu.o(i.usb_TaskFunc) refers to dfu.o(i.setISPFlag) for setISPFlag
    dfu.o(i.usb_TaskFunc) refers to framework.o(i.FRAMEWORK_GetTransmitFrame) for FRAMEWORK_GetTransmitFrame
    dfu.o(i.usb_TaskFunc) refers to systick.o(i.delay_1ms) for delay_1ms
    dfu.o(i.usb_TaskFunc) refers to dfu.o(i.get_ugUSBStatusSend) for get_ugUSBStatusSend
    dfu.o(i.usb_TaskFunc) refers to dfu.o(i.ugee_usbd_ep_tx) for ugee_usbd_ep_tx
    dfu.o(i.usb_TaskFunc) refers to framework.o(i.FRAMEWORK_BuildRxFrame) for FRAMEWORK_BuildRxFrame
    dfu.o(i.usb_TaskFunc) refers to usbd_core.o(i.usbd_ep_rx) for usbd_ep_rx
    dfu.o(i.usb_TaskFunc) refers to dfu.o(.data) for .data
    dfu.o(i.usb_TaskFunc) refers to dfu.o(.conststring) for .conststring
    dfu.o(i.usb_TaskFunc) refers to dfu.o(.bss) for .bss
    dfu.o(i.usb_TaskFunc) refers to hid_core.o(.bss) for report_buf
    dfu.o(i.usb_TaskFunc) refers to main.o(.data) for usbhs_core_dev
    framework.o(i.CalculateCrc) refers to framework.o(.constdata) for .constdata
    framework.o(i.FRAMEWORK_BuildRxFrame) refers to framework.o(i.CalculateCrc) for CalculateCrc
    framework.o(i.FRAMEWORK_BuildRxFrame) refers to framework.o(.data) for .data
    framework.o(i.FRAMEWORK_BuildRxFrame) refers to framework.o(.bss) for .bss
    framework.o(i.FRAMEWORK_ExitFirmwareUpgradeMode) refers to framework.o(.data) for .data
    framework.o(i.FRAMEWORK_FrameWorkTask) refers to framework.o(i.HandleCommand) for HandleCommand
    framework.o(i.FRAMEWORK_FrameWorkTask) refers to framework.o(.data) for .data
    framework.o(i.FRAMEWORK_GetTransmitFrame) refers to framework.o(i.CalculateCrc) for CalculateCrc
    framework.o(i.FRAMEWORK_GetTransmitFrame) refers to framework.o(.bss) for .bss
[...]
    Removing gd32f3x0_fmc.o(i.ob_reset), (16 bytes).
    Removing gd32f3x0_fmc.o(i.ob_security_protection_config), (136 bytes).
    Removing gd32f3x0_fmc.o(i.ob_unlock), (32 bytes).
    Removing gd32f3x0_fmc.o(i.ob_user_get), (16 bytes).
    Removing gd32f3x0_fmc.o(i.ob_user_write), (112 bytes).
    Removing gd32f3x0_fmc.o(i.ob_value_modify), (124 bytes).
    Removing gd32f3x0_fmc.o(i.ob_write_protection_enable), (204 bytes).
    Removing gd32f3x0_fmc.o(i.ob_write_protection_get), (12 bytes).
    Removing gd32f3x0_gpio.o(.rev16_text), (4 bytes).
    Removing gd32f3x0_gpio.o(.revsh_text), (4 bytes).
    Removing gd32f3x0_gpio.o(i.gpio_af_set), (100 bytes).
    Removing gd32f3x0_gpio.o(i.gpio_bit_reset), (4 bytes).
    Removing gd32f3x0_gpio.o(i.gpio_bit_set), (4 bytes).
    Removing gd32f3x0_gpio.o(i.gpio_bit_toggle), (4 bytes).
    Removing gd32f3x0_gpio.o(i.gpio_deinit), (92 bytes).
    Removing gd32f3x0_gpio.o(i.gpio_input_port_get), (6 bytes).
    Removing gd32f3x0_gpio.o(i.gpio_output_bit_get), (10 bytes).
    Removing gd32f3x0_gpio.o(i.gpio_output_port_get), (6 bytes).
    Removing gd32f3x0_gpio.o(i.gpio_pin_lock), (16 bytes).
    Removing gd32f3x0_gpio.o(i.gpio_port_toggle), (8 bytes).
    Removing gd32f3x0_gpio.o(i.gpio_port_write), (4 bytes).
    Removing gd32f3x0_misc.o(.rev16_text), (4 bytes).
    Removing gd32f3x0_misc.o(.revsh_text), (4 bytes).
    Removing gd32f3x0_misc.o(i.system_lowpower_reset), (16 bytes).
    Removing gd32f3x0_misc.o(i.system_lowpower_set), (16 bytes).
    Removing gd32f3x0_misc.o(i.systick_clksource_set), (24 bytes).
    Removing gd32f3x0_pmu.o(.rev16_text), (4 bytes).
    Removing gd32f3x0_pmu.o(.revsh_text), (4 bytes).
    Removing gd32f3x0_pmu.o(i.pmu_backup_write_disable), (16 bytes).
    Removing gd32f3x0_pmu.o(i.pmu_backup_write_enable), (16 bytes).
    Removing gd32f3x0_pmu.o(i.pmu_deinit), (22 bytes).
    Removing gd32f3x0_pmu.o(i.pmu_flag_clear), (32 bytes).
    Removing gd32f3x0_pmu.o(i.pmu_flag_get), (20 bytes).
    Removing gd32f3x0_pmu.o(i.pmu_highdriver_mode_disable), (16 bytes).
    Removing gd32f3x0_pmu.o(i.pmu_highdriver_mode_enable), (16 bytes).
    Removing gd32f3x0_pmu.o(i.pmu_highdriver_switch_select), (40 bytes).
    Removing gd32f3x0_pmu.o(i.pmu_ldo_output_select), (24 bytes).
    Removing gd32f3x0_pmu.o(i.pmu_lowdriver_mode_disable), (20 bytes).
    Removing gd32f3x0_pmu.o(i.pmu_lowdriver_mode_enable), (24 bytes).
    Removing gd32f3x0_pmu.o(i.pmu_lowpower_driver_config), (24 bytes).
    Removing gd32f3x0_pmu.o(i.pmu_lvd_disable), (16 bytes).
    Removing gd32f3x0_pmu.o(i.pmu_lvd_select), (40 bytes).
    Removing gd32f3x0_pmu.o(i.pmu_normalpower_driver_config), (24 bytes).
    Removing gd32f3x0_pmu.o(i.pmu_to_sleepmode), (24 bytes).
    Removing gd32f3x0_pmu.o(i.pmu_to_standbymode), (48 bytes).
    Removing gd32f3x0_pmu.o(i.pmu_wakeup_pin_disable), (16 bytes).
    Removing gd32f3x0_pmu.o(i.pmu_wakeup_pin_enable), (16 bytes).
    Removing gd32f3x0_rcu.o(.rev16_text), (4 bytes).
    Removing gd32f3x0_rcu.o(.revsh_text), (4 bytes).
    Removing gd32f3x0_rcu.o(i.rcu_adc_clock_config), (144 bytes).
    Removing gd32f3x0_rcu.o(i.rcu_ahb_clock_config), (20 bytes).
    Removing gd32f3x0_rcu.o(i.rcu_all_reset_flag_clear), (16 bytes).
    Removing gd32f3x0_rcu.o(i.rcu_apb1_clock_config), (20 bytes).
    Removing gd32f3x0_rcu.o(i.rcu_apb2_clock_config), (20 bytes).
    Removing gd32f3x0_rcu.o(i.rcu_bkp_reset_disable), (16 bytes).
    Removing gd32f3x0_rcu.o(i.rcu_bkp_reset_enable), (16 bytes).
    Removing gd32f3x0_rcu.o(i.rcu_cec_clock_config), (24 bytes).
    Removing gd32f3x0_rcu.o(i.rcu_ckout_config), (20 bytes).
    Removing gd32f3x0_rcu.o(i.rcu_clock_freq_get), (460 bytes).
    Removing gd32f3x0_rcu.o(i.rcu_deepsleep_voltage_set), (32 bytes).
    Removing gd32f3x0_rcu.o(i.rcu_deinit), (144 bytes).
    Removing gd32f3x0_rcu.o(i.rcu_hxtal_clock_monitor_disable), (16 bytes).
    Removing gd32f3x0_rcu.o(i.rcu_hxtal_clock_monitor_enable), (16 bytes).
    Removing gd32f3x0_rcu.o(i.rcu_hxtal_prediv_config), (20 bytes).
    Removing gd32f3x0_rcu.o(i.rcu_interrupt_disable), (28 bytes).
    Removing gd32f3x0_rcu.o(i.rcu_interrupt_enable), (28 bytes).
    Removing gd32f3x0_rcu.o(i.rcu_interrupt_flag_clear), (28 bytes).
    Removing gd32f3x0_rcu.o(i.rcu_interrupt_flag_get), (32 bytes).
    Removing gd32f3x0_rcu.o(i.rcu_irc28m_adjust_value_set), (20 bytes).
    Removing gd32f3x0_rcu.o(i.rcu_irc8m_adjust_value_set), (20 bytes).
    Removing gd32f3x0_rcu.o(i.rcu_lxtal_drive_capability_config), (24 bytes).
    Removing gd32f3x0_rcu.o(i.rcu_osci_bypass_mode_disable), (60 bytes).
    Removing gd32f3x0_rcu.o(i.rcu_osci_bypass_mode_enable), (60 bytes).
    Removing gd32f3x0_rcu.o(i.rcu_osci_off), (28 bytes).
    Removing gd32f3x0_rcu.o(i.rcu_osci_on), (28 bytes).
    Removing gd32f3x0_rcu.o(i.rcu_osci_stab_wait), (236 bytes).
    Removing gd32f3x0_rcu.o(i.rcu_periph_clock_sleep_disable), (28 bytes).
    Removing gd32f3x0_rcu.o(i.rcu_periph_clock_sleep_enable), (28 bytes).
    Removing gd32f3x0_rcu.o(i.rcu_periph_reset_disable), (28 bytes).
    Removing gd32f3x0_rcu.o(i.rcu_periph_reset_enable), (28 bytes).
    Removing gd32f3x0_rcu.o(i.rcu_pll_config), (52 bytes).
    Removing gd32f3x0_rcu.o(i.rcu_pll_preselection_config), (24 bytes).
    Removing gd32f3x0_rcu.o(i.rcu_rtc_clock_config), (24 bytes).
    Removing gd32f3x0_rcu.o(i.rcu_system_clock_source_config), (20 bytes).
    Removing gd32f3x0_rcu.o(i.rcu_system_clock_source_get), (16 bytes).
    Removing gd32f3x0_rcu.o(i.rcu_usart_clock_config), (24 bytes).
    Removing gd32f3x0_rcu.o(i.rcu_voltage_key_unlock), (36 bytes).
    Removing gd32f3x0_syscfg.o(.rev16_text), (4 bytes).
    Removing gd32f3x0_syscfg.o(.revsh_text), (4 bytes).
    Removing gd32f3x0_syscfg.o(i.syscfg_compensation_config), (20 bytes).
    Removing gd32f3x0_syscfg.o(i.syscfg_cps_rdy_flag_get), (20 bytes).
    Removing gd32f3x0_syscfg.o(i.syscfg_deinit), (22 bytes).
    Removing gd32f3x0_syscfg.o(i.syscfg_dma_remap_disable), (16 bytes).
    Removing gd32f3x0_syscfg.o(i.syscfg_dma_remap_enable), (16 bytes).
    Removing gd32f3x0_syscfg.o(i.syscfg_exti_line_config), (92 bytes).
    Removing gd32f3x0_syscfg.o(i.syscfg_flag_clear), (16 bytes).
    Removing gd32f3x0_syscfg.o(i.syscfg_flag_get), (20 bytes).
    Removing gd32f3x0_syscfg.o(i.syscfg_high_current_disable), (16 bytes).
    Removing gd32f3x0_syscfg.o(i.syscfg_high_current_enable), (16 bytes).
    Removing gd32f3x0_syscfg.o(i.syscfg_lock_config), (16 bytes).
    Removing gd32f3x0_timer.o(.rev16_text), (4 bytes).
    Removing gd32f3x0_timer.o(.revsh_text), (4 bytes).
    Removing gd32f3x0_timer.o(i.timer_auto_reload_shadow_disable), (10 bytes).
    Removing gd32f3x0_timer.o(i.timer_auto_reload_shadow_enable), (10 bytes).
    Removing gd32f3x0_timer.o(i.timer_automatic_output_disable), (10 bytes).
    Removing gd32f3x0_timer.o(i.timer_automatic_output_enable), (10 bytes).
    Removing gd32f3x0_timer.o(i.timer_autoreload_value_config), (4 bytes).
    Removing gd32f3x0_timer.o(i.timer_break_config), (32 bytes).
    Removing gd32f3x0_timer.o(i.timer_break_disable), (10 bytes).
    Removing gd32f3x0_timer.o(i.timer_break_enable), (10 bytes).
    Removing gd32f3x0_timer.o(i.timer_break_struct_para_init), (18 bytes).
    Removing gd32f3x0_timer.o(i.timer_channel_capture_value_register_read), (34 bytes).
    Removing gd32f3x0_timer.o(i.timer_channel_complementary_output_polarity_config), (78 bytes).
    Removing gd32f3x0_timer.o(i.timer_channel_complementary_output_state_config), (58 bytes).
    Removing gd32f3x0_timer.o(i.timer_channel_control_shadow_config), (20 bytes).
    Removing gd32f3x0_timer.o(i.timer_channel_control_shadow_update_config), (24 bytes).
    Removing gd32f3x0_timer.o(i.timer_channel_dma_request_source_select), (24 bytes).
    Removing gd32f3x0_timer.o(i.timer_channel_input_capture_prescaler_config), (78 bytes).
    Removing gd32f3x0_timer.o(i.timer_channel_input_struct_para_init), (14 bytes).
    Removing gd32f3x0_timer.o(i.timer_channel_output_clear_config), (78 bytes).
    Removing gd32f3x0_timer.o(i.timer_channel_output_config), (492 bytes).
    Removing gd32f3x0_timer.o(i.timer_channel_output_fast_config), (78 bytes).
    Removing gd32f3x0_timer.o(i.timer_channel_output_mode_config), (78 bytes).
    Removing gd32f3x0_timer.o(i.timer_channel_output_polarity_config), (78 bytes).
    Removing gd32f3x0_timer.o(i.timer_channel_output_pulse_value_config), (30 bytes).
    Removing gd32f3x0_timer.o(i.timer_channel_output_shadow_config), (78 bytes).
    Removing gd32f3x0_timer.o(i.timer_channel_output_state_config), (78 bytes).
    Removing gd32f3x0_timer.o(i.timer_channel_output_struct_para_init), (16 bytes).
    Removing gd32f3x0_timer.o(i.timer_channel_remap_config), (4 bytes).
    Removing gd32f3x0_timer.o(i.timer_counter_alignment), (16 bytes).
    Removing gd32f3x0_timer.o(i.timer_counter_down_direction), (10 bytes).
    Removing gd32f3x0_timer.o(i.timer_counter_read), (4 bytes).
    Removing gd32f3x0_timer.o(i.timer_counter_up_direction), (10 bytes).
    Removing gd32f3x0_timer.o(i.timer_counter_value_config), (4 bytes).
    Removing gd32f3x0_timer.o(i.timer_deinit), (128 bytes).
    Removing gd32f3x0_timer.o(i.timer_dma_disable), (8 bytes).
    Removing gd32f3x0_timer.o(i.timer_dma_enable), (8 bytes).
    Removing gd32f3x0_timer.o(i.timer_dma_transfer_config), (22 bytes).
    Removing gd32f3x0_timer.o(i.timer_enable), (10 bytes).
    Removing gd32f3x0_timer.o(i.timer_event_software_generate), (8 bytes).
    Removing gd32f3x0_timer.o(i.timer_external_clock_mode0_config), (26 bytes).
    Removing gd32f3x0_timer.o(i.timer_external_clock_mode1_config), (18 bytes).
    Removing gd32f3x0_timer.o(i.timer_external_clock_mode1_disable), (10 bytes).
    Removing gd32f3x0_timer.o(i.timer_external_trigger_as_external_clock_config), (156 bytes).
    Removing gd32f3x0_timer.o(i.timer_external_trigger_config), (28 bytes).
    Removing gd32f3x0_timer.o(i.timer_hall_mode_config), (24 bytes).
    Removing gd32f3x0_timer.o(i.timer_init), (160 bytes).
    Removing gd32f3x0_timer.o(i.timer_input_capture_config), (300 bytes).
    Removing gd32f3x0_timer.o(i.timer_input_pwm_capture_config), (334 bytes).
    Removing gd32f3x0_timer.o(i.timer_input_trigger_source_select), (16 bytes).
    Removing gd32f3x0_timer.o(i.timer_internal_clock_config), (10 bytes).
    Removing gd32f3x0_timer.o(i.timer_internal_trigger_as_external_clock_config), (26 bytes).
    Removing gd32f3x0_timer.o(i.timer_interrupt_disable), (8 bytes).
    Removing gd32f3x0_timer.o(i.timer_interrupt_enable), (8 bytes).
    Removing gd32f3x0_timer.o(i.timer_interrupt_flag_clear), (6 bytes).
    Removing gd32f3x0_timer.o(i.timer_interrupt_flag_get), (20 bytes).
    Removing gd32f3x0_timer.o(i.timer_master_output_trigger_source_select), (16 bytes).
    Removing gd32f3x0_timer.o(i.timer_master_slave_mode_config), (24 bytes).
    Removing gd32f3x0_timer.o(i.timer_ocpre_clear_source_config), (26 bytes).
    Removing gd32f3x0_timer.o(i.timer_output_value_selection_config), (30 bytes).
    Removing gd32f3x0_timer.o(i.timer_prescaler_config), (16 bytes).
    Removing gd32f3x0_timer.o(i.timer_prescaler_read), (6 bytes).
    Removing gd32f3x0_timer.o(i.timer_primary_output_config), (20 bytes).
    Removing gd32f3x0_timer.o(i.timer_quadrature_decoder_mode_config), (64 bytes).
    Removing gd32f3x0_timer.o(i.timer_repetition_value_config), (4 bytes).
    Removing gd32f3x0_timer.o(i.timer_single_pulse_mode_config), (24 bytes).
    Removing gd32f3x0_timer.o(i.timer_slave_mode_select), (16 bytes).
    Removing gd32f3x0_timer.o(i.timer_struct_para_init), (20 bytes).
    Removing gd32f3x0_timer.o(i.timer_update_event_disable), (10 bytes).
    Removing gd32f3x0_timer.o(i.timer_update_event_enable), (10 bytes).
    Removing gd32f3x0_timer.o(i.timer_update_source_config), (24 bytes).
    Removing gd32f3x0_timer.o(i.timer_write_chxval_register_config), (30 bytes).
    Removing startup_gd32f3x0.o(HEAP), (1024 bytes).
    Removing usb_core.o(.rev16_text), (4 bytes).
    Removing usb_core.o(.revsh_text), (4 bytes).
    Removing usb_core.o(i.usb_device_stop), (80 bytes).
    Removing usb_core.o(i.usb_remotewakeup_active), (76 bytes).
    Removing usbd_core.o(.rev16_text), (4 bytes).
    Removing usbd_core.o(.revsh_text), (4 bytes).
    Removing usbd_core.o(i.usbd_ep_fifo_flush), (16 bytes).
    Removing usbd_core.o(i.usbd_rxcount_get), (16 bytes).
    Removing usbd_int.o(.rev16_text), (4 bytes).
    Removing usbd_int.o(.revsh_text), (4 bytes).
    Removing usbd_std.o(.rev16_text), (4 bytes).
    Removing usbd_std.o(.revsh_text), (4 bytes).
    Removing usbd_std.o(i.get_RxendPointStatus), (12 bytes).
    Removing usbd_std.o(i.get_TxendPointStatus), (12 bytes).
    Removing segger_rtt.o(i.SEGGER_RTT_AllocDownBuffer), (104 bytes).
    Removing segger_rtt.o(i.SEGGER_RTT_AllocUpBuffer), (104 bytes).
    Removing segger_rtt.o(i.SEGGER_RTT_ConfigDownBuffer), (96 bytes).
    Removing segger_rtt.o(i.SEGGER_RTT_ConfigUpBuffer), (96 bytes).
    Removing segger_rtt.o(i.SEGGER_RTT_GetAvailWriteSpace), (20 bytes).
    Removing segger_rtt.o(i.SEGGER_RTT_GetBytesInBuffer), (36 bytes).
    Removing segger_rtt.o(i.SEGGER_RTT_GetKey), (28 bytes).
    Removing segger_rtt.o(i.SEGGER_RTT_HasData), (24 bytes).
    Removing segger_rtt.o(i.SEGGER_RTT_HasDataUp), (24 bytes).
    Removing segger_rtt.o(i.SEGGER_RTT_HasKey), (32 bytes).
    Removing segger_rtt.o(i.SEGGER_RTT_PutChar), (92 bytes).
    Removing segger_rtt.o(i.SEGGER_RTT_PutCharSkip), (80 bytes).
    Removing segger_rtt.o(i.SEGGER_RTT_PutCharSkipNoLock), (52 bytes).
    Removing segger_rtt.o(i.SEGGER_RTT_Read), (24 bytes).
    Removing segger_rtt.o(i.SEGGER_RTT_ReadNoLock), (120 bytes).
    Removing segger_rtt.o(i.SEGGER_RTT_ReadUpBuffer), (24 bytes).
    Removing segger_rtt.o(i.SEGGER_RTT_ReadUpBufferNoLock), (124 bytes).
    Removing segger_rtt.o(i.SEGGER_RTT_SetFlagsDownBuffer), (64 bytes).
    Removing segger_rtt.o(i.SEGGER_RTT_SetFlagsUpBuffer), (64 bytes).
    Removing segger_rtt.o(i.SEGGER_RTT_SetNameDownBuffer), (64 bytes).
    Removing segger_rtt.o(i.SEGGER_RTT_SetNameUpBuffer), (64 bytes).
    Removing segger_rtt.o(i.SEGGER_RTT_SetTerminal), (140 bytes).
    Removing segger_rtt.o(i.SEGGER_RTT_TerminalOut), (176 bytes).
    Removing segger_rtt.o(i.SEGGER_RTT_WaitKey), (14 bytes).
    Removing segger_rtt.o(i.SEGGER_RTT_WriteDownBuffer), (56 bytes).
    Removing segger_rtt.o(i.SEGGER_RTT_WriteDownBufferNoLock), (92 bytes).
    Removing segger_rtt.o(i.SEGGER_RTT_WriteSkipNoLock), (112 bytes).
    Removing segger_rtt.o(i.SEGGER_RTT_WriteString), (26 bytes).
    Removing segger_rtt.o(i.SEGGER_RTT_WriteWithOverwriteNoLock), (148 bytes).
    Removing segger_rtt.o(i._PostTerminalSwitch), (32 bytes).
    Removing segger_rtt.o(.data), (17 bytes).

278 unused section(s) (total 11785 bytes) removed from the image.

==============================================================================

Image Symbol Table

    Local Symbols

    Symbol Name                              Value     Ov Type        Size  Object(Section)

    ../clib/../cmprslib/zerorunl2.c          0x00000000   Number         0  __dczerorl2.o ABSOLUTE
    ../clib/microlib/init/entry.s            0x00000000   Number         0  entry2.o ABSOLUTE
    ../clib/microlib/init/entry.s            0x00000000   Number         0  entry8a.o ABSOLUTE
    ../clib/microlib/init/entry.s            0x00000000   Number         0  entry5.o ABSOLUTE
    ../clib/microlib/init/entry.s            0x00000000   Number         0  entry.o ABSOLUTE
    ../clib/microlib/init/entry.s            0x00000000   Number         0  entry7a.o ABSOLUTE
    ../clib/microlib/init/entry.s            0x00000000   Number         0  entry7b.o ABSOLUTE
    ../clib/microlib/init/entry.s            0x00000000   Number         0  entry10a.o ABSOLUTE
    ../clib/microlib/init/entry.s            0x00000000   Number         0  entry9b.o ABSOLUTE
    ../clib/microlib/init/entry.s            0x00000000   Number         0  entry10b.o ABSOLUTE
    ../clib/microlib/init/entry.s            0x00000000   Number         0  entry8b.o ABSOLUTE
    ../clib/microlib/init/entry.s            0x00000000   Number         0  entry9a.o ABSOLUTE
    ../clib/microlib/init/entry.s            0x00000000   Number         0  entry11b.o ABSOLUTE
    ../clib/microlib/init/entry.s            0x00000000   Number         0  entry11a.o ABSOLUTE
    ../clib/microlib/string/memcpy.c         0x00000000   Number         0  memcpyb.o ABSOLUTE
    ../clib/microlib/string/memcpy.c         0x00000000   Number         0  memcpya.o ABSOLUTE
    ../clib/microlib/string/strcpy.c         0x00000000   Number         0  strcpy.o ABSOLUTE
    ../clib/microlib/string/strlen.c         0x00000000   Number         0  strlen.o ABSOLUTE
    ..\Firmware\CMSIS\GD\GD32F3x0\Source\ARM\startup_gd32f3x0.s 0x00000000   Number         0  startup_gd32f3x0.o ABSOLUTE
    ..\Firmware\GD32F3x0_standard_peripheral\Source\gd32f3x0_exti.c 0x00000000   Number         0  gd32f3x0_exti.o ABSOLUTE
    ..\Firmware\GD32F3x0_standard_peripheral\Source\gd32f3x0_fmc.c 0x00000000   Number         0  gd32f3x0_fmc.o ABSOLUTE
    ..\Firmware\GD32F3x0_standard_peripheral\Source\gd32f3x0_gpio.c 0x00000000   Number         0  gd32f3x0_gpio.o ABSOLUTE
    ..\Firmware\GD32F3x0_standard_peripheral\Source\gd32f3x0_misc.c 0x00000000   Number         0  gd32f3x0_misc.o ABSOLUTE
    ..\Firmware\GD32F3x0_standard_peripheral\Source\gd32f3x0_pmu.c 0x00000000   Number         0  gd32f3x0_pmu.o ABSOLUTE
    ..\Firmware\GD32F3x0_standard_peripheral\Source\gd32f3x0_rcu.c 0x00000000   Number         0  gd32f3x0_rcu.o ABSOLUTE
    ..\Firmware\GD32F3x0_standard_peripheral\Source\gd32f3x0_syscfg.c 0x00000000   Number         0  gd32f3x0_syscfg.o ABSOLUTE
    ..\Firmware\GD32F3x0_standard_peripheral\Source\gd32f3x0_timer.c 0x00000000   Number         0  gd32f3x0_timer.o ABSOLUTE
    ..\Firmware\GD32F3x0_usbfs_driver\Source\system_gd32f3x0.c 0x00000000   Number         0  system_gd32f3x0.o ABSOLUTE
    ..\Firmware\GD32F3x0_usbfs_driver\Source\usb_core.c 0x00000000   Number         0  usb_core.o ABSOLUTE
    ..\Firmware\GD32F3x0_usbfs_driver\Source\usbd_core.c 0x00000000   Number         0  usbd_core.o ABSOLUTE
    ..\Firmware\GD32F3x0_usbfs_driver\Source\usbd_int.c 0x00000000   Number         0  usbd_int.o ABSOLUTE
    ..\Firmware\GD32F3x0_usbfs_driver\Source\usbd_std.c 0x00000000   Number         0  usbd_std.o ABSOLUTE
    ..\RTT\RTT\SEGGER_RTT.c                  0x00000000   Number         0  segger_rtt.o ABSOLUTE
    ..\RTT\RTT\SEGGER_RTT_printf.c           0x00000000   Number         0  segger_rtt_printf.o ABSOLUTE
    ..\\Firmware\\GD32F3x0_standard_peripheral\\Source\\gd32f3x0_exti.c 0x00000000   Number         0  gd32f3x0_exti.o ABSOLUTE
    ..\\Firmware\\GD32F3x0_standard_peripheral\\Source\\gd32f3x0_fmc.c 0x00000000   Number         0  gd32f3x0_fmc.o ABSOLUTE
    ..\\Firmware\\GD32F3x0_standard_peripheral\\Source\\gd32f3x0_gpio.c 0x00000000   Number         0  gd32f3x0_gpio.o ABSOLUTE
    ..\\Firmware\\GD32F3x0_standard_peripheral\\Source\\gd32f3x0_misc.c 0x00000000   Number         0  gd32f3x0_misc.o ABSOLUTE
    ..\\Firmware\\GD32F3x0_standard_peripheral\\Source\\gd32f3x0_pmu.c 0x00000000   Number         0  gd32f3x0_pmu.o ABSOLUTE
    ..\\Firmware\\GD32F3x0_standard_peripheral\\Source\\gd32f3x0_rcu.c 0x00000000   Number         0  gd32f3x0_rcu.o ABSOLUTE
    ..\\Firmware\\GD32F3x0_standard_peripheral\\Source\\gd32f3x0_syscfg.c 0x00000000   Number         0  gd32f3x0_syscfg.o ABSOLUTE
    ..\\Firmware\\GD32F3x0_standard_peripheral\\Source\\gd32f3x0_timer.c 0x00000000   Number         0  gd32f3x0_timer.o ABSOLUTE
    ..\\Firmware\\GD32F3x0_usbfs_driver\\Source\\system_gd32f3x0.c 0x00000000   Number         0  system_gd32f3x0.o ABSOLUTE
    ..\\Firmware\\GD32F3x0_usbfs_driver\\Source\\usb_core.c 0x00000000   Number         0  usb_core.o ABSOLUTE
    ..\\Firmware\\GD32F3x0_usbfs_driver\\Source\\usbd_core.c 0x00000000   Number         0  usbd_core.o ABSOLUTE
    ..\\Firmware\\GD32F3x0_usbfs_driver\\Source\\usbd_int.c 0x00000000   Number         0  usbd_int.o ABSOLUTE
    ..\\Firmware\\GD32F3x0_usbfs_driver\\Source\\usbd_std.c 0x00000000   Number         0  usbd_std.o ABSOLUTE
    ..\\src\\DFU.c                           0x00000000   Number         0  dfu.o ABSOLUTE
    ..\\src\\Framework.c                     0x00000000   Number         0  framework.o ABSOLUTE
    ..\\src\\gd32f3x0_it.c                   0x00000000   Number         0  gd32f3x0_it.o ABSOLUTE
    ..\\src\\hid_core.c                      0x00000000   Number         0  hid_core.o ABSOLUTE
    ..\\src\\main.c                          0x00000000   Number         0  main.o ABSOLUTE
    ..\\src\\systick.c                       0x00000000   Number         0  systick.o ABSOLUTE
    ..\\src\\ugee_comm.c                     0x00000000   Number         0  ugee_comm.o ABSOLUTE
    ..\\src\\usb_delay.c                     0x00000000   Number         0  usb_delay.o ABSOLUTE
    ..\src\DFU.c                             0x00000000   Number         0  dfu.o ABSOLUTE
    ..\src\Framework.c                       0x00000000   Number         0  framework.o ABSOLUTE
    ..\src\gd32f3x0_it.c                     0x00000000   Number         0  gd32f3x0_it.o ABSOLUTE
    ..\src\hid_core.c                        0x00000000   Number         0  hid_core.o ABSOLUTE
    ..\src\main.c                            0x00000000   Number         0  main.o ABSOLUTE
    ..\src\systick.c                         0x00000000   Number         0  systick.o ABSOLUTE
    ..\src\ugee_comm.c                       0x00000000   Number         0  ugee_comm.o ABSOLUTE
    ..\src\usb_delay.c                       0x00000000   Number         0  usb_delay.o ABSOLUTE
    dc.s                                     0x00000000   Number         0  dc.o ABSOLUTE
    handlers.s                               0x00000000   Number         0  handlers.o ABSOLUTE
    init.s                                   0x00000000   Number         0  init.o ABSOLUTE
    RESET                                    0x08000000   Section      336  startup_gd32f3x0.o(RESET)
    .ARM.Collect$$$$00000000                 0x08000150   Section        0  entry.o(.ARM.Collect$$$$00000000)
    .ARM.Collect$$$$00000001                 0x08000150   Section        4  entry2.o(.ARM.Collect$$$$00000001)
    .ARM.Collect$$$$00000004                 0x08000154   Section        4  entry5.o(.ARM.Collect$$$$00000004)
    .ARM.Collect$$$$00000008                 0x08000158   Section        0  entry7b.o(.ARM.Collect$$$$00000008)
    .ARM.Collect$$$$0000000A                 0x08000158   Section        0  entry8b.o(.ARM.Collect$$$$0000000A)
    .ARM.Collect$$$$0000000B                 0x08000158   Section        8  entry9a.o(.ARM.Collect$$$$0000000B)
    .ARM.Collect$$$$0000000D                 0x08000160   Section        0  entry10a.o(.ARM.Collect$$$$0000000D)
    .ARM.Collect$$$$0000000F                 0x08000160   Section        0  entry11a.o(.ARM.Collect$$$$0000000F)
    .ARM.Collect$$$$00002712                 0x08000160   Section        4  entry2.o(.ARM.Collect$$$$00002712)
    __lit__00000000                          0x08000160   Data           4  entry2.o(.ARM.Collect$$$$00002712)
    .text                                    0x08000164   Section       36  startup_gd32f3x0.o(.text)
    $v0                                      0x08000164   Number         0  startup_gd32f3x0.o(.text)
    .text                                    0x08000188   Section        0  memcpya.o(.text)
    .text                                    0x080001ac   Section        0  strcpy.o(.text)
    .text                                    0x080001c0   Section       36  init.o(.text)
    .text                                    0x080001e4   Section        0  __dczerorl2.o(.text)
    i.BusFault_Handler                       0x0800023a   Section        0  gd32f3x0_it.o(i.BusFault_Handler)
    i.CalculateCrc                           0x0800023c   Section        0  framework.o(i.CalculateCrc)
    i.DebugMon_Handler                       0x08000274   Section        0  gd32f3x0_it.o(i.DebugMon_Handler)
    i.Deinit_AllFunc                         0x08000276   Section        0  dfu.o(i.Deinit_AllFunc)
    i.FRAMEWORK_BuildRxFrame                 0x08000290   Section        0  framework.o(i.FRAMEWORK_BuildRxFrame)
    i.FRAMEWORK_ExitFirmwareUpgradeMode      0x08000340   Section        0  framework.o(i.FRAMEWORK_ExitFirmwareUpgradeMode)
    i.FRAMEWORK_FrameWorkTask                0x0800034c   Section        0  framework.o(i.FRAMEWORK_FrameWorkTask)
    i.FRAMEWORK_GetTransmitFrame             0x08000364   Section        0  framework.o(i.FRAMEWORK_GetTransmitFrame)
    i.Flash_Erase                            0x080003cc   Section        0  dfu.o(i.Flash_Erase)
    i.Flash_Read                             0x0800040c   Section        0  dfu.o(i.Flash_Read)
    i.HandleCommand                          0x08000424   Section        0  framework.o(i.HandleCommand)
    i.HardFault_Handler                      0x080004f4   Section        0  gd32f3x0_it.o(i.HardFault_Handler)
    i.JmpAppFunc                             0x080004f8   Section        0  dfu.o(i.JmpAppFunc)
    i.MemManage_Handler                      0x08000520   Section        0  gd32f3x0_it.o(i.MemManage_Handler)
    i.NMI_Handler                            0x08000522   Section        0  gd32f3x0_it.o(i.NMI_Handler)
    i.NVIC_SetPriority                       0x08000524   Section        0  systick.o(i.NVIC_SetPriority)
    NVIC_SetPriority                         0x08000525   Thumb Code    32  systick.o(i.NVIC_SetPriority)
    i.PendSV_Handler                         0x08000544   Section        0  gd32f3x0_it.o(i.PendSV_Handler)
    i.SEGGER_RTT_Init                        0x08000546   Section        0  segger_rtt.o(i.SEGGER_RTT_Init)
    i.SEGGER_RTT_Write                       0x0800054c   Section        0  segger_rtt.o(i.SEGGER_RTT_Write)
    i.SEGGER_RTT_WriteNoLock                 0x08000584   Section        0  segger_rtt.o(i.SEGGER_RTT_WriteNoLock)
    i.SEGGER_RTT_printf                      0x080005e0   Section        0  segger_rtt_printf.o(i.SEGGER_RTT_printf)
    i.SEGGER_RTT_vprintf                     0x080005f6   Section        0  segger_rtt_printf.o(i.SEGGER_RTT_vprintf)
    i.SVC_Handler                            0x0800078c   Section        0  gd32f3x0_it.o(i.SVC_Handler)
    i.SysTick_Handler                        0x0800078e   Section        0  gd32f3x0_it.o(i.SysTick_Handler)
    i.SystemInit                             0x08000794   Section        0  system_gd32f3x0.o(i.SystemInit)
    i.TIMER0_BRK_UP_TRG_COM_IRQHandler       0x08000834   Section        0  gd32f3x0_it.o(i.TIMER0_BRK_UP_TRG_COM_IRQHandler)
    i.USBFS_IRQHandler                       0x08000838   Section        0  gd32f3x0_it.o(i.USBFS_IRQHandler)
    i.USBFS_WKUP_IRQHandler                  0x08000844   Section        0  gd32f3x0_it.o(i.USBFS_WKUP_IRQHandler)
    i.UsageFault_Handler                     0x08000880   Section        0  gd32f3x0_it.o(i.UsageFault_Handler)
    i.WriteHexRecord2Flash                   0x08000884   Section        0  framework.o(i.WriteHexRecord2Flash)
    i._DoInit                                0x080009c0   Section        0  segger_rtt.o(i._DoInit)
    _DoInit                                  0x080009c1   Thumb Code    76  segger_rtt.o(i._DoInit)
    i._GetAvailWriteSpace                    0x08000a28   Section        0  segger_rtt.o(i._GetAvailWriteSpace)
    _GetAvailWriteSpace                      0x08000a29   Thumb Code    22  segger_rtt.o(i._GetAvailWriteSpace)
    i._PrintInt                              0x08000a40   Section        0  segger_rtt_printf.o(i._PrintInt)
    _PrintInt                                0x08000a41   Thumb Code   198  segger_rtt_printf.o(i._PrintInt)
    i._PrintUnsigned                         0x08000b08   Section        0  segger_rtt_printf.o(i._PrintUnsigned)
    _PrintUnsigned                           0x08000b09   Thumb Code   206  segger_rtt_printf.o(i._PrintUnsigned)
    i._StoreChar                             0x08000bdc   Section        0  segger_rtt_printf.o(i._StoreChar)
    _StoreChar                               0x08000bdd   Thumb Code    62  segger_rtt_printf.o(i._StoreChar)
    i._WriteBlocking                         0x08000c1a   Section        0  segger_rtt.o(i._WriteBlocking)
    _WriteBlocking                           0x08000c1b   Thumb Code    90  segger_rtt.o(i._WriteBlocking)
    i._WriteNoCheck                          0x08000c74   Section        0  segger_rtt.o(i._WriteNoCheck)
    _WriteNoCheck                            0x08000c75   Thumb Code    66  segger_rtt.o(i._WriteNoCheck)
    i.__scatterload_copy                     0x08000cb6   Section       14  handlers.o(i.__scatterload_copy)
    i.__scatterload_null                     0x08000cc4   Section        2  handlers.o(i.__scatterload_null)
    i.__scatterload_zeroinit                 0x08000cc6   Section       14  handlers.o(i.__scatterload_zeroinit)
    i.checkIfAppInvalid                      0x08000cd4   Section        0  dfu.o(i.checkIfAppInvalid)
    i.custom_hid_data_handler                0x08000cf4   Section        0  hid_core.o(i.custom_hid_data_handler)
    i.custom_hid_deinit                      0x08000d24   Section        0  hid_core.o(i.custom_hid_deinit)
    i.custom_hid_init                        0x08000d44   Section        0  hid_core.o(i.custom_hid_init)
    i.custom_hid_req_handler                 0x08000d7c   Section        0  hid_core.o(i.custom_hid_req_handler)
    i.delay_1ms                              0x08000e68   Section        0  systick.o(i.delay_1ms)
    i.delay_decrement                        0x08000e78   Section        0  systick.o(i.delay_decrement)
    i.exti_init                              0x08000e94   Section        0  gd32f3x0_exti.o(i.exti_init)
    i.exti_interrupt_enable                  0x08000efc   Section        0  gd32f3x0_exti.o(i.exti_interrupt_enable)
    i.exti_interrupt_flag_clear              0x08000f0c   Section        0  gd32f3x0_exti.o(i.exti_interrupt_flag_clear)
    i.fmc_flag_clear                         0x08000f18   Section        0  gd32f3x0_fmc.o(i.fmc_flag_clear)
    i.fmc_flag_get                           0x08000f24   Section        0  gd32f3x0_fmc.o(i.fmc_flag_get)
    i.fmc_lock                               0x08000f38   Section        0  gd32f3x0_fmc.o(i.fmc_lock)
    i.fmc_page_erase                         0x08000f48   Section        0  gd32f3x0_fmc.o(i.fmc_page_erase)
    i.fmc_ready_wait                         0x08000f84   Section        0  gd32f3x0_fmc.o(i.fmc_ready_wait)
    i.fmc_state_get                          0x08000f9c   Section        0  gd32f3x0_fmc.o(i.fmc_state_get)
    i.fmc_unlock                             0x08000fc4   Section        0  gd32f3x0_fmc.o(i.fmc_unlock)
    i.fmc_word_program                       0x08000fe4   Section        0  gd32f3x0_fmc.o(i.fmc_word_program)
    i.fmc_word_reprogram                     0x08001018   Section        0  gd32f3x0_fmc.o(i.fmc_word_reprogram)
    i.getFlashMemorySize                     0x08001058   Section        0  dfu.o(i.getFlashMemorySize)
    i.getISPFlag                             0x08001088   Section        0  dfu.o(i.getISPFlag)
    i.getUserConfigInfo                      0x080010a0   Section        0  dfu.o(i.getUserConfigInfo)
    i.get_ugUSBStatusSend                    0x080010e0   Section        0  dfu.o(i.get_ugUSBStatusSend)
    i.get_usbCurStatus                       0x080010fc   Section        0  main.o(i.get_usbCurStatus)
    i.gpio_bit_write                         0x08001108   Section        0  gd32f3x0_gpio.o(i.gpio_bit_write)
    i.gpio_config                            0x08001114   Section        0  ugee_comm.o(i.gpio_config)
    i.gpio_input_bit_get                     0x08001164   Section        0  gd32f3x0_gpio.o(i.gpio_input_bit_get)
    i.gpio_mode_set                          0x0800116e   Section        0  gd32f3x0_gpio.o(i.gpio_mode_set)
    i.gpio_output_options_set                0x080011b4   Section        0  gd32f3x0_gpio.o(i.gpio_output_options_set)
    i.main                                   0x08001224   Section        0  main.o(i.main)
    i.nvic_irq_disable                       0x08001378   Section        0  gd32f3x0_misc.o(i.nvic_irq_disable)
    i.nvic_irq_enable                        0x08001390   Section        0  gd32f3x0_misc.o(i.nvic_irq_enable)
    i.nvic_priority_group_set                0x08001418   Section        0  gd32f3x0_misc.o(i.nvic_priority_group_set)
    i.nvic_vector_table_set                  0x0800142c   Section        0  gd32f3x0_misc.o(i.nvic_vector_table_set)
    i.pmu_to_deepsleepmode                   0x08001440   Section        0  gd32f3x0_pmu.o(i.pmu_to_deepsleepmode)
    i.rcu_ck48m_clock_config                 0x080014d4   Section        0  gd32f3x0_rcu.o(i.rcu_ck48m_clock_config)
    i.rcu_flag_get                           0x080014e8   Section        0  gd32f3x0_rcu.o(i.rcu_flag_get)
    i.rcu_periph_clock_disable               0x08001508   Section        0  gd32f3x0_rcu.o(i.rcu_periph_clock_disable)
    i.rcu_periph_clock_enable                0x08001524   Section        0  gd32f3x0_rcu.o(i.rcu_periph_clock_enable)
    i.rcu_usbfs_clock_config                 0x08001540   Section        0  gd32f3x0_rcu.o(i.rcu_usbfs_clock_config)
    i.reset_ugUSBStatus                      0x0800156c   Section        0  dfu.o(i.reset_ugUSBStatus)
    i.setISPFlag                             0x0800157c   Section        0  dfu.o(i.setISPFlag)
    i.set_ugUSBStatusRecv                    0x080015bc   Section        0  dfu.o(i.set_ugUSBStatusRecv)
    i.set_ugUSBStatusSend                    0x080015c8   Section        0  dfu.o(i.set_ugUSBStatusSend)
    i.system_clock_72m_hxtal                 0x080015e0   Section        0  system_gd32f3x0.o(i.system_clock_72m_hxtal)
    system_clock_72m_hxtal                   0x080015e1   Thumb Code   108  system_gd32f3x0.o(i.system_clock_72m_hxtal)
    i.systick_config                         0x08001654   Section        0  systick.o(i.systick_config)
    i.timer_delay_irq                        0x08001694   Section        0  usb_delay.o(i.timer_delay_irq)
    i.timer_disable                          0x080016cc   Section        0  gd32f3x0_timer.o(i.timer_disable)
    i.timer_flag_clear                       0x080016d6   Section        0  gd32f3x0_timer.o(i.timer_flag_clear)
    i.timer_flag_get                         0x080016dc   Section        0  gd32f3x0_timer.o(i.timer_flag_get)
    i.ugee_fmc_program                       0x080016e6   Section        0  dfu.o(i.ugee_fmc_program)
    i.ugee_usbd_ep_tx                        0x08001724   Section        0  dfu.o(i.ugee_usbd_ep_tx)
    i.usb_TaskFunc                           0x08001744   Section        0  dfu.o(i.usb_TaskFunc)
    i.usb_clock_config                       0x08001838   Section        0  main.o(i.usb_clock_config)
    i.usb_clock_ungate                       0x08001860   Section        0  usb_core.o(i.usb_clock_ungate)
    i.usb_core_init                          0x0800188c   Section        0  usb_core.o(i.usb_core_init)
    i.usb_core_select                        0x080018ec   Section        0  usb_core.o(i.usb_core_select)
    i.usb_devcore_init                       0x08001914   Section        0  usb_core.o(i.usb_devcore_init)
    i.usb_ep0_startout                       0x08001a5c   Section        0  usb_core.o(i.usb_ep0_startout)
    i.usb_fifo_read                          0x08001a70   Section        0  usb_core.o(i.usb_fifo_read)
    i.usb_fifo_write                         0x08001a90   Section        0  usb_core.o(i.usb_fifo_write)
    i.usb_interrupt_config                   0x08001ab4   Section        0  main.o(i.usb_interrupt_config)
    i.usb_mode_set                           0x08001af0   Section        0  usb_core.o(i.usb_mode_set)
    i.usb_rxfifo_flush                       0x08001b2c   Section        0  usb_core.o(i.usb_rxfifo_flush)
    i.usb_txfifo_flush                       0x08001b58   Section        0  usb_core.o(i.usb_txfifo_flush)
    i.usbd_clrfeature                        0x08001b90   Section        0  usbd_std.o(i.usbd_clrfeature)
    usbd_clrfeature                          0x08001b91   Thumb Code   146  usbd_std.o(i.usbd_clrfeature)
    i.usbd_configuration_descriptor_get      0x08001c22   Section        0  usbd_std.o(i.usbd_configuration_descriptor_get)
    usbd_configuration_descriptor_get        0x08001c23   Thumb Code    14  usbd_std.o(i.usbd_configuration_descriptor_get)
    i.usbd_ctlrx                             0x08001c30   Section        0  usbd_core.o(i.usbd_ctlrx)
    i.usbd_ctlstatus_rx                      0x08001c48   Section        0  usbd_core.o(i.usbd_ctlstatus_rx)
    i.usbd_ctlstatus_tx                      0x08001c66   Section        0  usbd_core.o(i.usbd_ctlstatus_tx)
    i.usbd_ctltx                             0x08001c84   Section        0  usbd_core.o(i.usbd_ctltx)
    i.usbd_device_descriptor_get             0x08001c9e   Section        0  usbd_std.o(i.usbd_device_descriptor_get)
    usbd_device_descriptor_get               0x08001c9f   Thumb Code    12  usbd_std.o(i.usbd_device_descriptor_get)
    i.usbd_emptytxfifo_write                 0x08001cac   Section        0  usbd_int.o(i.usbd_emptytxfifo_write)
    usbd_emptytxfifo_write                   0x08001cad   Thumb Code   124  usbd_int.o(i.usbd_emptytxfifo_write)
    i.usbd_enum_error                        0x08001d2c   Section        0  usbd_std.o(i.usbd_enum_error)
    i.usbd_ep_clear_stall                    0x08001d48   Section        0  usbd_core.o(i.usbd_ep_clear_stall)
    i.usbd_ep_deinit                         0x08001db4   Section        0  usbd_core.o(i.usbd_ep_deinit)
    i.usbd_ep_init                           0x08001dfc   Section        0  usbd_core.o(i.usbd_ep_init)
    i.usbd_ep_rx                             0x08001e8c   Section        0  usbd_core.o(i.usbd_ep_rx)
    i.usbd_ep_stall                          0x08001f10   Section        0  usbd_core.o(i.usbd_ep_stall)
    i.usbd_ep_tx                             0x08001f50   Section        0  usbd_core.o(i.usbd_ep_tx)
    i.usbd_getconfig                         0x08002028   Section        0  usbd_std.o(i.usbd_getconfig)
    usbd_getconfig                           0x08002029   Thumb Code    36  usbd_std.o(i.usbd_getconfig)
    i.usbd_getdescriptor                     0x08002050   Section        0  usbd_std.o(i.usbd_getdescriptor)
    usbd_getdescriptor                       0x08002051   Thumb Code   164  usbd_std.o(i.usbd_getdescriptor)
    i.usbd_getinterface                      0x080020fc   Section        0  usbd_std.o(i.usbd_getinterface)
    usbd_getinterface                        0x080020fd   Thumb Code     6  usbd_std.o(i.usbd_getinterface)
    i.usbd_getstatus                         0x08002104   Section        0  usbd_std.o(i.usbd_getstatus)
    usbd_getstatus                           0x08002105   Thumb Code   118  usbd_std.o(i.usbd_getstatus)
    i.usbd_in_transaction                    0x08002180   Section        0  usbd_std.o(i.usbd_in_transaction)
    i.usbd_init                              0x08002210   Section        0  usbd_core.o(i.usbd_init)
    i.usbd_intf_enumfinish                   0x08002270   Section        0  usbd_int.o(i.usbd_intf_enumfinish)
    usbd_intf_enumfinish                     0x08002271   Thumb Code   116  usbd_int.o(i.usbd_intf_enumfinish)
    i.usbd_intf_inep                         0x080022f0   Section        0  usbd_int.o(i.usbd_intf_inep)
    usbd_intf_inep                           0x080022f1   Thumb Code   166  usbd_int.o(i.usbd_intf_inep)
    i.usbd_intf_outep                        0x0800239c   Section        0  usbd_int.o(i.usbd_intf_outep)
    usbd_intf_outep                          0x0800239d   Thumb Code   126  usbd_int.o(i.usbd_intf_outep)
    i.usbd_intf_reset                        0x08002420   Section        0  usbd_int.o(i.usbd_intf_reset)
    usbd_intf_reset                          0x08002421   Thumb Code   254  usbd_int.o(i.usbd_intf_reset)
    i.usbd_intf_rxfifo                       0x08002528   Section        0  usbd_int.o(i.usbd_intf_rxfifo)
    usbd_intf_rxfifo                         0x08002529   Thumb Code   160  usbd_int.o(i.usbd_intf_rxfifo)
    i.usbd_isr                               0x080025d0   Section        0  usbd_int.o(i.usbd_isr)
    i.usbd_out_transaction                   0x08002700   Section        0  usbd_std.o(i.usbd_out_transaction)
    i.usbd_reserved                          0x08002762   Section        0  usbd_std.o(i.usbd_reserved)
    usbd_reserved                            0x08002763   Thumb Code     2  usbd_std.o(i.usbd_reserved)
    i.usbd_setaddress                        0x08002764   Section        0  usbd_std.o(i.usbd_setaddress)
    usbd_setaddress                          0x08002765   Thumb Code    62  usbd_std.o(i.usbd_setaddress)
    i.usbd_setconfig                         0x080027a8   Section        0  usbd_std.o(i.usbd_setconfig)
    usbd_setconfig                           0x080027a9   Thumb Code   100  usbd_std.o(i.usbd_setconfig)
    i.usbd_setdescriptor                     0x08002810   Section        0  usbd_std.o(i.usbd_setdescriptor)
    usbd_setdescriptor                       0x08002811   Thumb Code     2  usbd_std.o(i.usbd_setdescriptor)
    i.usbd_setfeature                        0x08002814   Section        0  usbd_std.o(i.usbd_setfeature)
    usbd_setfeature                          0x08002815   Thumb Code   144  usbd_std.o(i.usbd_setfeature)
    i.usbd_setinterface                      0x080028a8   Section        0  usbd_std.o(i.usbd_setinterface)
    usbd_setinterface                        0x080028a9   Thumb Code     6  usbd_std.o(i.usbd_setinterface)
    i.usbd_setup_transaction                 0x080028b0   Section        0  usbd_std.o(i.usbd_setup_transaction)
    i.usbd_string_descriptor_get             0x0800294c   Section        0  usbd_std.o(i.usbd_string_descriptor_get)
    usbd_string_descriptor_get               0x0800294d   Thumb Code    14  usbd_std.o(i.usbd_string_descriptor_get)
    i.usbd_synchframe                        0x0800295a   Section        0  usbd_std.o(i.usbd_synchframe)
    usbd_synchframe                          0x0800295b   Thumb Code     2  usbd_std.o(i.usbd_synchframe)
    .constdata                               0x0800295c   Section       34  framework.o(.constdata)
    BootInfo                                 0x0800295c   Data           2  framework.o(.constdata)
    crc_table                                0x0800295e   Data          32  framework.o(.constdata)
    .constdata                               0x0800297e   Section       18  hid_core.o(.constdata)
    .constdata                               0x08002990   Section      135  hid_core.o(.constdata)
    .constdata                               0x08002a17   Section        4  hid_core.o(.constdata)
    .constdata                               0x08002a1b   Section        4  usbd_int.o(.constdata)
    EP0_MAXLEN                               0x08002a1b   Data           4  usbd_int.o(.constdata)
    .constdata                               0x08002a1f   Section       16  segger_rtt_printf.o(.constdata)
    _aV2C                                    0x08002a1f   Data          16  segger_rtt_printf.o(.constdata)
    .conststring                             0x08002a30   Section       82  dfu.o(.conststring)
    .data                                    0x20000000   Section       17  dfu.o(.data)
    iTIME                                    0x20000002   Data           2  dfu.o(.data)
    i                                        0x20000004   Data           2  dfu.o(.data)
    .data                                    0x20000011   Section        3  framework.o(.data)
    Escape                                   0x20000012   Data           1  framework.o(.data)
    RxFrameValid                             0x20000013   Data           1  framework.o(.data)
    .data                                    0x20000014   Section       20  hid_core.o(.data)
    <Data1>                                  0x20000014   Data          20  hid_core.o(.data)
    .data                                    0x20000028   Section       36  hid_core.o(.data)
    <Data2>                                  0x20000028   Data          36  hid_core.o(.data)
    .data                                    0x2000004c   Section       16  hid_core.o(.data)
    <Data3>                                  0x2000004c   Data          16  hid_core.o(.data)
    .data                                    0x2000005c   Section       16  hid_core.o(.data)
    usbd_customhid_altset                    0x20000060   Data           4  hid_core.o(.data)
    usbd_customhid_protocol                  0x20000064   Data           4  hid_core.o(.data)
    usbd_customhid_idlestate                 0x20000068   Data           4  hid_core.o(.data)
    .data                                    0x2000006c   Section        4  hid_core.o(.data)
    .data                                    0x20000070   Section       16  hid_core.o(.data)
    .data                                    0x20000080   Section      300  main.o(.data)
    iTimes                                   0x20000084   Data           2  main.o(.data)
    .data                                    0x200001ac   Section        4  systick.o(.data)
    delay                                    0x200001ac   Data           4  systick.o(.data)
    .data                                    0x200001b0   Section        4  usb_delay.o(.data)
    .data                                    0x200001b4   Section        4  system_gd32f3x0.o(.data)
    .data                                    0x200001b8   Section        8  usb_core.o(.data)
    USBFS_TX_FIFO_SIZE                       0x200001b8   Data           8  usb_core.o(.data)
    .data                                    0x200001c0   Section        4  usbd_int.o(.data)
    USB_SPEED                                0x200001c0   Data           4  usbd_int.o(.data)
    .data                                    0x200001c4   Section       72  usbd_std.o(.data)
    cfgidx                                   0x200001c4   Data           1  usbd_std.o(.data)
    status                                   0x200001c5   Data           2  usbd_std.o(.data)
    USBD_default_config                      0x200001c8   Data           4  usbd_std.o(.data)
    StandardDeviceRequest                    0x200001cc   Data          52  usbd_std.o(.data)
    standard_descriptor_get                  0x20000200   Data          12  usbd_std.o(.data)
    .bss                                     0x2000020c   Section       20  dfu.o(.bss)
    .bss                                     0x20000220   Section     2024  dfu.o(.bss)
    UsbTxData                                0x20000620   Data        1000  dfu.o(.bss)
    .bss                                     0x20000a08   Section     2036  framework.o(.bss)
    HexRecordSt                              0x20000a08   Data          28  framework.o(.bss)
    RxBuff                                   0x20000a24   Data        1004  framework.o(.bss)
    TxBuff                                   0x20000e10   Data        1004  framework.o(.bss)
    .bss                                     0x200011fc   Section       64  hid_core.o(.bss)
    .bss                                     0x2000123c   Section       16  gd32f3x0_pmu.o(.bss)
    reg_snap                                 0x2000123c   Data          16  gd32f3x0_pmu.o(.bss)
    .bss                                     0x2000124c   Section     1208  segger_rtt.o(.bss)
    _acUpBuffer                              0x200012f4   Data        1024  segger_rtt.o(.bss)
    _acDownBuffer                            0x200016f4   Data          16  segger_rtt.o(.bss)
    STACK                                    0x20001708   Section     1024  startup_gd32f3x0.o(STACK)

    Global Symbols

    Symbol Name                              Value     Ov Type        Size  Object(Section)

    BuildAttributes$$THM_ISAv4$E$P$D$K$B$S$7EM$VFPi3$EXTD16$VFPS$VFMA$PE$A:L22UL41UL21$X:L11$S22US41US21$IEEE1$IW$USESV6$~STKCKD$USESV7$~SHL$OSPACE$EBA8$MICROLIB$REQ8$PRES8$EABIv2 0x00000000   Number         0  anon$$obj.o ABSOLUTE
    __ARM_use_no_argv                        0x00000000   Number         0  main.o ABSOLUTE
    __cpp_initialize__aeabi_                  - Undefined Weak Reference
    __cxa_finalize                            - Undefined Weak Reference
    _clock_init                               - Undefined Weak Reference
    _microlib_exit                            - Undefined Weak Reference
    __Vectors_Size                           0x00000150   Number         0  startup_gd32f3x0.o ABSOLUTE
    __Vectors                                0x08000000   Data           4  startup_gd32f3x0.o(RESET)
    __Vectors_End                            0x08000150   Data           0  startup_gd32f3x0.o(RESET)
    __main                                   0x08000151   Thumb Code     0  entry.o(.ARM.Collect$$$$00000000)
    _main_stk                                0x08000151   Thumb Code     0  entry2.o(.ARM.Collect$$$$00000001)
    _main_scatterload                        0x08000155   Thumb Code     0  entry5.o(.ARM.Collect$$$$00000004)
    __main_after_scatterload                 0x08000159   Thumb Code     0  entry5.o(.ARM.Collect$$$$00000004)
    _main_clock                              0x08000159   Thumb Code     0  entry7b.o(.ARM.Collect$$$$00000008)
    _main_cpp_init                           0x08000159   Thumb Code     0  entry8b.o(.ARM.Collect$$$$0000000A)
    _main_init                               0x08000159   Thumb Code     0  entry9a.o(.ARM.Collect$$$$0000000B)
    __rt_final_cpp                           0x08000161   Thumb Code     0  entry10a.o(.ARM.Collect$$$$0000000D)
    __rt_final_exit                          0x08000161   Thumb Code     0  entry11a.o(.ARM.Collect$$$$0000000F)
    Reset_Handler                            0x08000165   Thumb Code     8  startup_gd32f3x0.o(.text)
    ADC_CMP_IRQHandler                       0x0800017f   Thumb Code     0  startup_gd32f3x0.o(.text)
    CEC_IRQHandler                           0x0800017f   Thumb Code     0  startup_gd32f3x0.o(.text)
    DMA_Channel0_IRQHandler                  0x0800017f   Thumb Code     0  startup_gd32f3x0.o(.text)
    DMA_Channel1_2_IRQHandler                0x0800017f   Thumb Code     0  startup_gd32f3x0.o(.text)
    DMA_Channel3_4_IRQHandler                0x0800017f   Thumb Code     0  startup_gd32f3x0.o(.text)
    DMA_Channel5_6_IRQHandler                0x0800017f   Thumb Code     0  startup_gd32f3x0.o(.text)
    EXTI0_1_IRQHandler                       0x0800017f   Thumb Code     0  startup_gd32f3x0.o(.text)
    EXTI2_3_IRQHandler                       0x0800017f   Thumb Code     0  startup_gd32f3x0.o(.text)
    EXTI4_15_IRQHandler                      0x0800017f   Thumb Code     0  startup_gd32f3x0.o(.text)
    FMC_IRQHandler                           0x0800017f   Thumb Code     0  startup_gd32f3x0.o(.text)
    I2C0_ER_IRQHandler                       0x0800017f   Thumb Code     0  startup_gd32f3x0.o(.text)
    I2C0_EV_IRQHandler                       0x0800017f   Thumb Code     0  startup_gd32f3x0.o(.text)
    I2C1_ER_IRQHandler                       0x0800017f   Thumb Code     0  startup_gd32f3x0.o(.text)
    I2C1_EV_IRQHandler                       0x0800017f   Thumb Code     0  startup_gd32f3x0.o(.text)
    LVD_IRQHandler                           0x0800017f   Thumb Code     0  startup_gd32f3x0.o(.text)
    RCU_CTC_IRQHandler                       0x0800017f   Thumb Code     0  startup_gd32f3x0.o(.text)
    RTC_IRQHandler                           0x0800017f   Thumb Code     0  startup_gd32f3x0.o(.text)
    SPI0_IRQHandler                          0x0800017f   Thumb Code     0  startup_gd32f3x0.o(.text)
    SPI1_IRQHandler                          0x0800017f   Thumb Code     0  startup_gd32f3x0.o(.text)
    TIMER0_Channel_IRQHandler                0x0800017f   Thumb Code     0  startup_gd32f3x0.o(.text)
    TIMER13_IRQHandler                       0x0800017f   Thumb Code     0  startup_gd32f3x0.o(.text)
    TIMER14_IRQHandler                       0x0800017f   Thumb Code     0  startup_gd32f3x0.o(.text)
    TIMER15_IRQHandler                       0x0800017f   Thumb Code     0  startup_gd32f3x0.o(.text)
    TIMER16_IRQHandler                       0x0800017f   Thumb Code     0  startup_gd32f3x0.o(.text)
    TIMER1_IRQHandler                        0x0800017f   Thumb Code     0  startup_gd32f3x0.o(.text)
    TIMER2_IRQHandler                        0x0800017f   Thumb Code     0  startup_gd32f3x0.o(.text)
    TIMER5_DAC_IRQHandler                    0x0800017f   Thumb Code     0  startup_gd32f3x0.o(.text)
    TSI_IRQHandler                           0x0800017f   Thumb Code     0  startup_gd32f3x0.o(.text)
    USART0_IRQHandler                        0x0800017f   Thumb Code     0  startup_gd32f3x0.o(.text)
    USART1_IRQHandler                        0x0800017f   Thumb Code     0  startup_gd32f3x0.o(.text)
    WWDGT_IRQHandler                         0x0800017f   Thumb Code     0  startup_gd32f3x0.o(.text)
    __aeabi_memcpy                           0x08000189   Thumb Code    36  memcpya.o(.text)
    __aeabi_memcpy4                          0x08000189   Thumb Code     0  memcpya.o(.text)
    __aeabi_memcpy8                          0x08000189   Thumb Code     0  memcpya.o(.text)
    strcpy                                   0x080001ad   Thumb Code    18  strcpy.o(.text)
    __scatterload                            0x080001c1   Thumb Code    28  init.o(.text)
    __scatterload_rt2                        0x080001c1   Thumb Code     0  init.o(.text)
    __decompress                             0x080001e5   Thumb Code     0  __dczerorl2.o(.text)
    __decompress1                            0x080001e5   Thumb Code    86  __dczerorl2.o(.text)
    BusFault_Handler                         0x0800023b   Thumb Code     2  gd32f3x0_it.o(i.BusFault_Handler)
    CalculateCrc                             0x0800023d   Thumb Code    52  framework.o(i.CalculateCrc)
    DebugMon_Handler                         0x08000275   Thumb Code     2  gd32f3x0_it.o(i.DebugMon_Handler)
    Deinit_AllFunc                           0x08000277   Thumb Code    26  dfu.o(i.Deinit_AllFunc)
    FRAMEWORK_BuildRxFrame                   0x08000291   Thumb Code   166  framework.o(i.FRAMEWORK_BuildRxFrame)
    FRAMEWORK_ExitFirmwareUpgradeMode        0x08000341   Thumb Code     6  framework.o(i.FRAMEWORK_ExitFirmwareUpgradeMode)
    FRAMEWORK_FrameWorkTask                  0x0800034d   Thumb Code    20  framework.o(i.FRAMEWORK_FrameWorkTask)
    FRAMEWORK_GetTransmitFrame               0x08000365   Thumb Code   100  framework.o(i.FRAMEWORK_GetTransmitFrame)
    Flash_Erase                              0x080003cd   Thumb Code    64  dfu.o(i.Flash_Erase)
    Flash_Read                               0x0800040d   Thumb Code    24  dfu.o(i.Flash_Read)
    HandleCommand                            0x08000425   Thumb Code   146  framework.o(i.HandleCommand)
    HardFault_Handler                        0x080004f5   Thumb Code     2  gd32f3x0_it.o(i.HardFault_Handler)
    JmpAppFunc                               0x080004f9   Thumb Code    32  dfu.o(i.JmpAppFunc)
    MemManage_Handler                        0x08000521   Thumb Code     2  gd32f3x0_it.o(i.MemManage_Handler)
    NMI_Handler                              0x08000523   Thumb Code     2  gd32f3x0_it.o(i.NMI_Handler)
    PendSV_Handler                           0x08000545   Thumb Code     2  gd32f3x0_it.o(i.PendSV_Handler)
    SEGGER_RTT_Init                          0x08000547   Thumb Code     4  segger_rtt.o(i.SEGGER_RTT_Init)
    SEGGER_RTT_Write                         0x0800054d   Thumb Code    50  segger_rtt.o(i.SEGGER_RTT_Write)
    SEGGER_RTT_WriteNoLock                   0x08000585   Thumb Code    86  segger_rtt.o(i.SEGGER_RTT_WriteNoLock)
    SEGGER_RTT_printf                        0x080005e1   Thumb Code    22  segger_rtt_printf.o(i.SEGGER_RTT_printf)
    SEGGER_RTT_vprintf                       0x080005f7   Thumb Code   406  segger_rtt_printf.o(i.SEGGER_RTT_vprintf)
    SVC_Handler                              0x0800078d   Thumb Code     2  gd32f3x0_it.o(i.SVC_Handler)
    SysTick_Handler                          0x0800078f   Thumb Code     4  gd32f3x0_it.o(i.SysTick_Handler)
    SystemInit                               0x08000795   Thumb Code   132  system_gd32f3x0.o(i.SystemInit)
    TIMER0_BRK_UP_TRG_COM_IRQHandler         0x08000835   Thumb Code     4  gd32f3x0_it.o(i.TIMER0_BRK_UP_TRG_COM_IRQHandler)
    USBFS_IRQHandler                         0x08000839   Thumb Code     6  gd32f3x0_it.o(i.USBFS_IRQHandler)
    USBFS_WKUP_IRQHandler                    0x08000845   Thumb Code    52  gd32f3x0_it.o(i.USBFS_WKUP_IRQHandler)
    UsageFault_Handler                       0x08000881   Thumb Code     2  gd32f3x0_it.o(i.UsageFault_Handler)
    WriteHexRecord2Flash                     0x08000885   Thumb Code   302  framework.o(i.WriteHexRecord2Flash)
    __scatterload_copy                       0x08000cb7   Thumb Code    14  handlers.o(i.__scatterload_copy)
    __scatterload_null                       0x08000cc5   Thumb Code     2  handlers.o(i.__scatterload_null)
    __scatterload_zeroinit                   0x08000cc7   Thumb Code    14  handlers.o(i.__scatterload_zeroinit)
    checkIfAppInvalid                        0x08000cd5   Thumb Code    22  dfu.o(i.checkIfAppInvalid)
    custom_hid_data_handler                  0x08000cf5   Thumb Code    48  hid_core.o(i.custom_hid_data_handler)
    custom_hid_deinit                        0x08000d25   Thumb Code    30  hid_core.o(i.custom_hid_deinit)
    custom_hid_init                          0x08000d45   Thumb Code    46  hid_core.o(i.custom_hid_init)
    custom_hid_req_handler                   0x08000d7d   Thumb Code   222  hid_core.o(i.custom_hid_req_handler)
    delay_1ms                                0x08000e69   Thumb Code    12  systick.o(i.delay_1ms)
    delay_decrement                          0x08000e79   Thumb Code    20  systick.o(i.delay_decrement)
    exti_init                                0x08000e95   Thumb Code    98  gd32f3x0_exti.o(i.exti_init)
    exti_interrupt_enable                    0x08000efd   Thumb Code    10  gd32f3x0_exti.o(i.exti_interrupt_enable)
    exti_interrupt_flag_clear                0x08000f0d   Thumb Code     6  gd32f3x0_exti.o(i.exti_interrupt_flag_clear)
    fmc_flag_clear                           0x08000f19   Thumb Code     6  gd32f3x0_fmc.o(i.fmc_flag_clear)
    fmc_flag_get                             0x08000f25   Thumb Code    16  gd32f3x0_fmc.o(i.fmc_flag_get)
    fmc_lock                                 0x08000f39   Thumb Code    12  gd32f3x0_fmc.o(i.fmc_lock)
    fmc_page_erase                           0x08000f49   Thumb Code    54  gd32f3x0_fmc.o(i.fmc_page_erase)
    fmc_ready_wait                           0x08000f85   Thumb Code    22  gd32f3x0_fmc.o(i.fmc_ready_wait)
    fmc_state_get                            0x08000f9d   Thumb Code    34  gd32f3x0_fmc.o(i.fmc_state_get)
    fmc_unlock                               0x08000fc5   Thumb Code    18  gd32f3x0_fmc.o(i.fmc_unlock)
    fmc_word_program                         0x08000fe5   Thumb Code    48  gd32f3x0_fmc.o(i.fmc_word_program)
    fmc_word_reprogram                       0x08001019   Thumb Code    60  gd32f3x0_fmc.o(i.fmc_word_reprogram)
    getFlashMemorySize                       0x08001059   Thumb Code    36  dfu.o(i.getFlashMemorySize)
    getISPFlag                               0x08001089   Thumb Code    18  dfu.o(i.getISPFlag)
    getUserConfigInfo                        0x080010a1   Thumb Code    60  dfu.o(i.getUserConfigInfo)
    get_ugUSBStatusSend                      0x080010e1   Thumb Code    22  dfu.o(i.get_ugUSBStatusSend)
    get_usbCurStatus                         0x080010fd   Thumb Code     6  main.o(i.get_usbCurStatus)
    gpio_bit_write                           0x08001109   Thumb Code    10  gd32f3x0_gpio.o(i.gpio_bit_write)
    gpio_config                              0x08001115   Thumb Code    76  ugee_comm.o(i.gpio_config)
    gpio_input_bit_get                       0x08001165   Thumb Code    10  gd32f3x0_gpio.o(i.gpio_input_bit_get)
    gpio_mode_set                            0x0800116f   Thumb Code    68  gd32f3x0_gpio.o(i.gpio_mode_set)
    gpio_output_options_set                  0x080011b5   Thumb Code   112  gd32f3x0_gpio.o(i.gpio_output_options_set)
    main                                     0x08001225   Thumb Code   254  main.o(i.main)
    nvic_irq_disable                         0x08001379   Thumb Code    22  gd32f3x0_misc.o(i.nvic_irq_disable)
    nvic_irq_enable                          0x08001391   Thumb Code   132  gd32f3x0_misc.o(i.nvic_irq_enable)
    nvic_priority_group_set                  0x08001419   Thumb Code    10  gd32f3x0_misc.o(i.nvic_priority_group_set)
    nvic_vector_table_set                    0x0800142d   Thumb Code    12  gd32f3x0_misc.o(i.nvic_vector_table_set)
    pmu_to_deepsleepmode                     0x08001441   Thumb Code   128  gd32f3x0_pmu.o(i.pmu_to_deepsleepmode)
    rcu_ck48m_clock_config                   0x080014d5   Thumb Code    16  gd32f3x0_rcu.o(i.rcu_ck48m_clock_config)
    rcu_flag_get                             0x080014e9   Thumb Code    28  gd32f3x0_rcu.o(i.rcu_flag_get)
    rcu_periph_clock_disable                 0x08001509   Thumb Code    22  gd32f3x0_rcu.o(i.rcu_periph_clock_disable)
    rcu_periph_clock_enable                  0x08001525   Thumb Code    22  gd32f3x0_rcu.o(i.rcu_periph_clock_enable)
    rcu_usbfs_clock_config                   0x08001541   Thumb Code    40  gd32f3x0_rcu.o(i.rcu_usbfs_clock_config)
    reset_ugUSBStatus                        0x0800156d   Thumb Code    10  dfu.o(i.reset_ugUSBStatus)
    setISPFlag                               0x0800157d   Thumb Code    54  dfu.o(i.setISPFlag)
    set_ugUSBStatusRecv                      0x080015bd   Thumb Code     6  dfu.o(i.set_ugUSBStatusRecv)
    set_ugUSBStatusSend                      0x080015c9   Thumb Code    18  dfu.o(i.set_ugUSBStatusSend)
    systick_config                           0x08001655   Thumb Code    60  systick.o(i.systick_config)
    timer_delay_irq                          0x08001695   Thumb Code    48  usb_delay.o(i.timer_delay_irq)
    timer_disable                            0x080016cd   Thumb Code    10  gd32f3x0_timer.o(i.timer_disable)
    timer_flag_clear                         0x080016d7   Thumb Code     6  gd32f3x0_timer.o(i.timer_flag_clear)
    timer_flag_get                           0x080016dd   Thumb Code    10  gd32f3x0_timer.o(i.timer_flag_get)
    ugee_fmc_program                         0x080016e7   Thumb Code    62  dfu.o(i.ugee_fmc_program)
    ugee_usbd_ep_tx                          0x08001725   Thumb Code    28  dfu.o(i.ugee_usbd_ep_tx)
    usb_TaskFunc                             0x08001745   Thumb Code   216  dfu.o(i.usb_TaskFunc)
    usb_clock_config                         0x08001839   Thumb Code    36  main.o(i.usb_clock_config)
    usb_clock_ungate                         0x08001861   Thumb Code    34  usb_core.o(i.usb_clock_ungate)
    usb_core_init                            0x0800188d   Thumb Code    92  usb_core.o(i.usb_core_init)
    usb_core_select                          0x080018ed   Thumb Code    38  usb_core.o(i.usb_core_select)
    usb_devcore_init                         0x08001915   Thumb Code   308  usb_core.o(i.usb_devcore_init)
    usb_ep0_startout                         0x08001a5d   Thumb Code    12  usb_core.o(i.usb_ep0_startout)
    usb_fifo_read                            0x08001a71   Thumb Code    26  usb_core.o(i.usb_fifo_read)
    usb_fifo_write                           0x08001a91   Thumb Code    32  usb_core.o(i.usb_fifo_write)
    usb_interrupt_config                     0x08001ab5   Thumb Code    60  main.o(i.usb_interrupt_config)
    usb_mode_set                             0x08001af1   Thumb Code    60  usb_core.o(i.usb_mode_set)
    usb_rxfifo_flush                         0x08001b2d   Thumb Code    40  usb_core.o(i.usb_rxfifo_flush)
    usb_txfifo_flush                         0x08001b59   Thumb Code    52  usb_core.o(i.usb_txfifo_flush)
    usbd_ctlrx                               0x08001c31   Thumb Code    24  usbd_core.o(i.usbd_ctlrx)
    usbd_ctlstatus_rx                        0x08001c49   Thumb Code    30  usbd_core.o(i.usbd_ctlstatus_rx)
    usbd_ctlstatus_tx                        0x08001c67   Thumb Code    30  usbd_core.o(i.usbd_ctlstatus_tx)
    usbd_ctltx                               0x08001c85   Thumb Code    26  usbd_core.o(i.usbd_ctltx)
    usbd_enum_error                          0x08001d2d   Thumb Code    28  usbd_std.o(i.usbd_enum_error)
    usbd_ep_clear_stall                      0x08001d49   Thumb Code   106  usbd_core.o(i.usbd_ep_clear_stall)
    usbd_ep_deinit                           0x08001db5   Thumb Code    68  usbd_core.o(i.usbd_ep_deinit)
    usbd_ep_init                             0x08001dfd   Thumb Code   138  usbd_core.o(i.usbd_ep_init)
    usbd_ep_rx                               0x08001e8d   Thumb Code   126  usbd_core.o(i.usbd_ep_rx)
    usbd_ep_stall                            0x08001f11   Thumb Code    64  usbd_core.o(i.usbd_ep_stall)
    usbd_ep_tx                               0x08001f51   Thumb Code   208  usbd_core.o(i.usbd_ep_tx)
    usbd_in_transaction                      0x08002181   Thumb Code   142  usbd_std.o(i.usbd_in_transaction)
    usbd_init                                0x08002211   Thumb Code    92  usbd_core.o(i.usbd_init)
    usbd_isr                                 0x080025d1   Thumb Code   292  usbd_int.o(i.usbd_isr)
    usbd_out_transaction                     0x08002701   Thumb Code    98  usbd_std.o(i.usbd_out_transaction)
    usbd_setup_transaction                   0x080028b1   Thumb Code   152  usbd_std.o(i.usbd_setup_transaction)
    device_descripter                        0x0800297e   Data          18  hid_core.o(.constdata)
    configuration_descriptor                 0x08002990   Data          66  hid_core.o(.constdata)
    customhid_report_descriptor              0x080029d2   Data          29  hid_core.o(.constdata)
    hid_report_desc01                        0x080029ef   Data          40  hid_core.o(.constdata)
    usbd_language_id_desc                    0x08002a17   Data           4  hid_core.o(.constdata)
    Region$$Table$$Base                      0x08002a84   Number         0  anon$$obj.o(Region$$Table)
    Region$$Table$$Limit                     0x08002aa4   Number         0  anon$$obj.o(Region$$Table)
    ispStatusFlag                            0x20000000   Data           1  dfu.o(.data)
    flashPageSize                            0x20000001   Data           1  dfu.o(.data)
    flashEndAddr                             0x20000008   Data           4  dfu.o(.data)
    ug_usbStatus                             0x2000000c   Data           5  dfu.o(.data)
    RunApplication                           0x20000011   Data           1  framework.o(.data)
    usbd_customhid_report_id                 0x2000005c   Data           1  hid_core.o(.data)
    flag                                     0x2000005d   Data           1  hid_core.o(.data)
    usbd_int_fops                            0x2000006c   Data           4  hid_core.o(.data)
    usbd_strings                             0x20000070   Data          16  hid_core.o(.data)
    timer_prescaler                          0x20000080   Data           1  main.o(.data)
    TimesFlag                                0x20000082   Data           2  main.o(.data)
    usbfs_prescaler                          0x20000088   Data           4  main.o(.data)
    usbhs_core_dev                           0x2000008c   Data         288  main.o(.data)
    delay_num                                0x200001b0   Data           4  usb_delay.o(.data)
    SystemCoreClock                          0x200001b4   Data           4  system_gd32f3x0.o(.data)
    configInfo                               0x2000020c   Data          20  dfu.o(.bss)
    tmpBuf                                   0x20000220   Data        1024  dfu.o(.bss)
    report_buf                               0x200011fc   Data          64  hid_core.o(.bss)
    _SEGGER_RTT                              0x2000124c   Data         168  segger_rtt.o(.bss)
    __initial_sp                             0x20001b08   Data           0  startup_gd32f3x0.o(STACK)



==============================================================================

Memory Map of the image

  Image Entry point : 0x08000151

  Load Region LR_IROM1 (Base: 0x08000000, Size: 0x00002cb0, Max: 0x00020000, ABSOLUTE, COMPRESSED[0x00002b48])

    Execution Region ER_IROM1 (Exec base: 0x08000000, Load base: 0x08000000, Size: 0x00002aa4, Max: 0x00020000, ABSOLUTE)

    Exec Addr    Load Addr    Size         Type   Attr      Idx    E Section Name        Object

    0x08000000   0x08000000   0x00000150   Data   RO         2144    RESET               startup_gd32f3x0.o
    0x08000150   0x08000150   0x00000000   Code   RO         2788  * .ARM.Collect$$$$00000000  mc_w.l(entry.o)
    0x08000150   0x08000150   0x00000004   Code   RO         2799    .ARM.Collect$$$$00000001  mc_w.l(entry2.o)
    0x08000154   0x08000154   0x00000004   Code   RO         2802    .ARM.Collect$$$$00000004  mc_w.l(entry5.o)
    0x08000158   0x08000158   0x00000000   Code   RO         2804    .ARM.Collect$$$$00000008  mc_w.l(entry7b.o)
    0x08000158   0x08000158   0x00000000   Code   RO         2806    .ARM.Collect$$$$0000000A  mc_w.l(entry8b.o)
    0x08000158   0x08000158   0x00000008   Code   RO         2807    .ARM.Collect$$$$0000000B  mc_w.l(entry9a.o)
    0x08000160   0x08000160   0x00000000   Code   RO         2809    .ARM.Collect$$$$0000000D  mc_w.l(entry10a.o)
    0x08000160   0x08000160   0x00000000   Code   RO         2811    .ARM.Collect$$$$0000000F  mc_w.l(entry11a.o)
    0x08000160   0x08000160   0x00000004   Code   RO         2800    .ARM.Collect$$$$00002712  mc_w.l(entry2.o)
    0x08000164   0x08000164   0x00000024   Code   RO         2145    .text               startup_gd32f3x0.o
    0x08000188   0x08000188   0x00000024   Code   RO         2791    .text               mc_w.l(memcpya.o)
    0x080001ac   0x080001ac   0x00000012   Code   RO         2795    .text               mc_w.l(strcpy.o)
    0x080001be   0x080001be   0x00000002   PAD
    0x080001c0   0x080001c0   0x00000024   Code   RO         2813    .text               mc_w.l(init.o)
    0x080001e4   0x080001e4   0x00000056   Code   RO         2823    .text               mc_w.l(__dczerorl2.o)
    0x0800023a   0x0800023a   0x00000002   Code   RO          377    i.BusFault_Handler  gd32f3x0_it.o
    0x0800023c   0x0800023c   0x00000038   Code   RO          302    i.CalculateCrc      framework.o
    0x08000274   0x08000274   0x00000002   Code   RO          378    i.DebugMon_Handler  gd32f3x0_it.o
    0x08000276   0x08000276   0x0000001a   Code   RO            3    i.Deinit_AllFunc    dfu.o
    0x08000290   0x08000290   0x000000b0   Code   RO          303    i.FRAMEWORK_BuildRxFrame  framework.o
    0x08000340   0x08000340   0x0000000c   Code   RO          304    i.FRAMEWORK_ExitFirmwareUpgradeMode  framework.o
    0x0800034c   0x0800034c   0x00000018   Code   RO          305    i.FRAMEWORK_FrameWorkTask  framework.o
    0x08000364   0x08000364   0x00000068   Code   RO          306    i.FRAMEWORK_GetTransmitFrame  framework.o
    0x080003cc   0x080003cc   0x00000040   Code   RO            4    i.Flash_Erase       dfu.o
    0x0800040c   0x0800040c   0x00000018   Code   RO            5    i.Flash_Read        dfu.o
    0x08000424   0x08000424   0x000000d0   Code   RO          307    i.HandleCommand     framework.o
    0x080004f4   0x080004f4   0x00000002   Code   RO          379    i.HardFault_Handler  gd32f3x0_it.o
    0x080004f6   0x080004f6   0x00000002   PAD
    0x080004f8   0x080004f8   0x00000028   Code   RO            7    i.JmpAppFunc        dfu.o
    0x08000520   0x08000520   0x00000002   Code   RO          380    i.MemManage_Handler  gd32f3x0_it.o
    0x08000522   0x08000522   0x00000002   Code   RO          381    i.NMI_Handler       gd32f3x0_it.o
    0x08000524   0x08000524   0x00000020   Code   RO          609    i.NVIC_SetPriority  systick.o
    0x08000544   0x08000544   0x00000002   Code   RO          382    i.PendSV_Handler    gd32f3x0_it.o
    0x08000546   0x08000546   0x00000004   Code   RO         2528    i.SEGGER_RTT_Init   segger_rtt.o
    0x0800054a   0x0800054a   0x00000002   PAD
    0x0800054c   0x0800054c   0x00000038   Code   RO         2543    i.SEGGER_RTT_Write  segger_rtt.o
    0x08000584   0x08000584   0x0000005c   Code   RO         2546    i.SEGGER_RTT_WriteNoLock  segger_rtt.o
    0x080005e0   0x080005e0   0x00000016   Code   RO         2750    i.SEGGER_RTT_printf  segger_rtt_printf.o
    0x080005f6   0x080005f6   0x00000196   Code   RO         2751    i.SEGGER_RTT_vprintf  segger_rtt_printf.o
    0x0800078c   0x0800078c   0x00000002   Code   RO          383    i.SVC_Handler       gd32f3x0_it.o
    0x0800078e   0x0800078e   0x00000004   Code   RO          384    i.SysTick_Handler   gd32f3x0_it.o
    0x08000792   0x08000792   0x00000002   PAD
    0x08000794   0x08000794   0x000000a0   Code   RO          721    i.SystemInit        system_gd32f3x0.o
    0x08000834   0x08000834   0x00000004   Code   RO          385    i.TIMER0_BRK_UP_TRG_COM_IRQHandler  gd32f3x0_it.o
    0x08000838   0x08000838   0x0000000c   Code   RO          386    i.USBFS_IRQHandler  gd32f3x0_it.o
    0x08000844   0x08000844   0x0000003c   Code   RO          387    i.USBFS_WKUP_IRQHandler  gd32f3x0_it.o
    0x08000880   0x08000880   0x00000002   Code   RO          388    i.UsageFault_Handler  gd32f3x0_it.o
    0x08000882   0x08000882   0x00000002   PAD
    0x08000884   0x08000884   0x0000013c   Code   RO          308    i.WriteHexRecord2Flash  framework.o
    0x080009c0   0x080009c0   0x00000068   Code   RO         2550    i._DoInit           segger_rtt.o
    0x08000a28   0x08000a28   0x00000016   Code   RO         2551    i._GetAvailWriteSpace  segger_rtt.o
    0x08000a3e   0x08000a3e   0x00000002   PAD
    0x08000a40   0x08000a40   0x000000c6   Code   RO         2752    i._PrintInt         segger_rtt_printf.o
    0x08000b06   0x08000b06   0x00000002   PAD
    0x08000b08   0x08000b08   0x000000d4   Code   RO         2753    i._PrintUnsigned    segger_rtt_printf.o
    0x08000bdc   0x08000bdc   0x0000003e   Code   RO         2754    i._StoreChar        segger_rtt_printf.o
    0x08000c1a   0x08000c1a   0x0000005a   Code   RO         2553    i._WriteBlocking    segger_rtt.o
    0x08000c74   0x08000c74   0x00000042   Code   RO         2554    i._WriteNoCheck     segger_rtt.o
    0x08000cb6   0x08000cb6   0x0000000e   Code   RO         2817    i.__scatterload_copy  mc_w.l(handlers.o)
    0x08000cc4   0x08000cc4   0x00000002   Code   RO         2818    i.__scatterload_null  mc_w.l(handlers.o)
    0x08000cc6   0x08000cc6   0x0000000e   Code   RO         2819    i.__scatterload_zeroinit  mc_w.l(handlers.o)
    0x08000cd4   0x08000cd4   0x00000020   Code   RO            9    i.checkIfAppInvalid  dfu.o
    0x08000cf4   0x08000cf4   0x00000030   Code   RO          477    i.custom_hid_data_handler  hid_core.o
    0x08000d24   0x08000d24   0x0000001e   Code   RO          478    i.custom_hid_deinit  hid_core.o
    0x08000d42   0x08000d42   0x00000002   PAD
    0x08000d44   0x08000d44   0x00000038   Code   RO          479    i.custom_hid_init   hid_core.o
    0x08000d7c   0x08000d7c   0x000000ec   Code   RO          481    i.custom_hid_req_handler  hid_core.o
    0x08000e68   0x08000e68   0x00000010   Code   RO          610    i.delay_1ms         systick.o
    0x08000e78   0x08000e78   0x0000001c   Code   RO          611    i.delay_decrement   systick.o
    0x08000e94   0x08000e94   0x00000068   Code   RO          762    i.exti_init         gd32f3x0_exti.o
    0x08000efc   0x08000efc   0x00000010   Code   RO          764    i.exti_interrupt_enable  gd32f3x0_exti.o
    0x08000f0c   0x08000f0c   0x0000000c   Code   RO          765    i.exti_interrupt_flag_clear  gd32f3x0_exti.o
    0x08000f18   0x08000f18   0x0000000c   Code   RO          843    i.fmc_flag_clear    gd32f3x0_fmc.o
    0x08000f24   0x08000f24   0x00000014   Code   RO          844    i.fmc_flag_get      gd32f3x0_fmc.o
    0x08000f38   0x08000f38   0x00000010   Code   RO          850    i.fmc_lock          gd32f3x0_fmc.o
    0x08000f48   0x08000f48   0x0000003c   Code   RO          852    i.fmc_page_erase    gd32f3x0_fmc.o
    0x08000f84   0x08000f84   0x00000016   Code   RO          853    i.fmc_ready_wait    gd32f3x0_fmc.o
    0x08000f9a   0x08000f9a   0x00000002   PAD
    0x08000f9c   0x08000f9c   0x00000028   Code   RO          854    i.fmc_state_get     gd32f3x0_fmc.o
    0x08000fc4   0x08000fc4   0x00000020   Code   RO          855    i.fmc_unlock        gd32f3x0_fmc.o
    0x08000fe4   0x08000fe4   0x00000034   Code   RO          858    i.fmc_word_program  gd32f3x0_fmc.o
    0x08001018   0x08001018   0x00000040   Code   RO          859    i.fmc_word_reprogram  gd32f3x0_fmc.o
    0x08001058   0x08001058   0x00000030   Code   RO           10    i.getFlashMemorySize  dfu.o
    0x08001088   0x08001088   0x00000018   Code   RO           11    i.getISPFlag        dfu.o
    0x080010a0   0x080010a0   0x00000040   Code   RO           12    i.getUserConfigInfo  dfu.o
    0x080010e0   0x080010e0   0x0000001c   Code   RO           14    i.get_ugUSBStatusSend  dfu.o
    0x080010fc   0x080010fc   0x0000000c   Code   RO          558    i.get_usbCurStatus  main.o
    0x08001108   0x08001108   0x0000000a   Code   RO         1050    i.gpio_bit_write    gd32f3x0_gpio.o
    0x08001112   0x08001112   0x00000002   PAD
    0x08001114   0x08001114   0x00000050   Code   RO          653    i.gpio_config       ugee_comm.o
    0x08001164   0x08001164   0x0000000a   Code   RO         1052    i.gpio_input_bit_get  gd32f3x0_gpio.o
    0x0800116e   0x0800116e   0x00000044   Code   RO         1054    i.gpio_mode_set     gd32f3x0_gpio.o
    0x080011b2   0x080011b2   0x00000002   PAD
    0x080011b4   0x080011b4   0x00000070   Code   RO         1056    i.gpio_output_options_set  gd32f3x0_gpio.o
    0x08001224   0x08001224   0x00000154   Code   RO          559    i.main              main.o
    0x08001378   0x08001378   0x00000016   Code   RO         1150    i.nvic_irq_disable  gd32f3x0_misc.o
    0x0800138e   0x0800138e   0x00000002   PAD
    0x08001390   0x08001390   0x00000088   Code   RO         1151    i.nvic_irq_enable   gd32f3x0_misc.o
    0x08001418   0x08001418   0x00000014   Code   RO         1152    i.nvic_priority_group_set  gd32f3x0_misc.o
    0x0800142c   0x0800142c   0x00000014   Code   RO         1153    i.nvic_vector_table_set  gd32f3x0_misc.o
    0x08001440   0x08001440   0x00000094   Code   RO         1221    i.pmu_to_deepsleepmode  gd32f3x0_pmu.o
    0x080014d4   0x080014d4   0x00000014   Code   RO         1349    i.rcu_ck48m_clock_config  gd32f3x0_rcu.o
    0x080014e8   0x080014e8   0x00000020   Code   RO         1354    i.rcu_flag_get      gd32f3x0_rcu.o
    0x08001508   0x08001508   0x0000001c   Code   RO         1370    i.rcu_periph_clock_disable  gd32f3x0_rcu.o
    0x08001524   0x08001524   0x0000001c   Code   RO         1371    i.rcu_periph_clock_enable  gd32f3x0_rcu.o
    0x08001540   0x08001540   0x0000002c   Code   RO         1382    i.rcu_usbfs_clock_config  gd32f3x0_rcu.o
    0x0800156c   0x0800156c   0x00000010   Code   RO           15    i.reset_ugUSBStatus  dfu.o
    0x0800157c   0x0800157c   0x00000040   Code   RO           16    i.setISPFlag        dfu.o
    0x080015bc   0x080015bc   0x0000000c   Code   RO           17    i.set_ugUSBStatusRecv  dfu.o
    0x080015c8   0x080015c8   0x00000018   Code   RO           18    i.set_ugUSBStatusSend  dfu.o
    0x080015e0   0x080015e0   0x00000074   Code   RO          722    i.system_clock_72m_hxtal  system_gd32f3x0.o
    0x08001654   0x08001654   0x00000040   Code   RO          612    i.systick_config    systick.o
    0x08001694   0x08001694   0x00000038   Code   RO          676    i.timer_delay_irq   usb_delay.o
    0x080016cc   0x080016cc   0x0000000a   Code   RO         1726    i.timer_disable     gd32f3x0_timer.o
    0x080016d6   0x080016d6   0x00000006   Code   RO         1737    i.timer_flag_clear  gd32f3x0_timer.o
    0x080016dc   0x080016dc   0x0000000a   Code   RO         1738    i.timer_flag_get    gd32f3x0_timer.o
    0x080016e6   0x080016e6   0x0000003e   Code   RO           19    i.ugee_fmc_program  dfu.o
    0x08001724   0x08001724   0x00000020   Code   RO           20    i.ugee_usbd_ep_tx   dfu.o
    0x08001744   0x08001744   0x000000f4   Code   RO           21    i.usb_TaskFunc      dfu.o
    0x08001838   0x08001838   0x00000028   Code   RO          561    i.usb_clock_config  main.o
    0x08001860   0x08001860   0x0000002c   Code   RO         2151    i.usb_clock_ungate  usb_core.o
    0x0800188c   0x0800188c   0x00000060   Code   RO         2152    i.usb_core_init     usb_core.o
    0x080018ec   0x080018ec   0x00000026   Code   RO         2153    i.usb_core_select   usb_core.o
    0x08001912   0x08001912   0x00000002   PAD
    0x08001914   0x08001914   0x00000148   Code   RO         2154    i.usb_devcore_init  usb_core.o
    0x08001a5c   0x08001a5c   0x00000014   Code   RO         2156    i.usb_ep0_startout  usb_core.o
    0x08001a70   0x08001a70   0x00000020   Code   RO         2157    i.usb_fifo_read     usb_core.o
    0x08001a90   0x08001a90   0x00000024   Code   RO         2158    i.usb_fifo_write    usb_core.o
    0x08001ab4   0x08001ab4   0x0000003c   Code   RO          562    i.usb_interrupt_config  main.o
    0x08001af0   0x08001af0   0x0000003c   Code   RO         2159    i.usb_mode_set      usb_core.o
    0x08001b2c   0x08001b2c   0x0000002c   Code   RO         2161    i.usb_rxfifo_flush  usb_core.o
    0x08001b58   0x08001b58   0x00000038   Code   RO         2162    i.usb_txfifo_flush  usb_core.o
    0x08001b90   0x08001b90   0x00000092   Code   RO         2392    i.usbd_clrfeature   usbd_std.o
    0x08001c22   0x08001c22   0x0000000e   Code   RO         2393    i.usbd_configuration_descriptor_get  usbd_std.o
    0x08001c30   0x08001c30   0x00000018   Code   RO         2239    i.usbd_ctlrx        usbd_core.o
    0x08001c48   0x08001c48   0x0000001e   Code   RO         2240    i.usbd_ctlstatus_rx  usbd_core.o
    0x08001c66   0x08001c66   0x0000001e   Code   RO         2241    i.usbd_ctlstatus_tx  usbd_core.o
    0x08001c84   0x08001c84   0x0000001a   Code   RO         2242    i.usbd_ctltx        usbd_core.o
    0x08001c9e   0x08001c9e   0x0000000c   Code   RO         2394    i.usbd_device_descriptor_get  usbd_std.o
    0x08001caa   0x08001caa   0x00000002   PAD
    0x08001cac   0x08001cac   0x00000080   Code   RO         2334    i.usbd_emptytxfifo_write  usbd_int.o
    0x08001d2c   0x08001d2c   0x0000001c   Code   RO         2395    i.usbd_enum_error   usbd_std.o
    0x08001d48   0x08001d48   0x0000006a   Code   RO         2243    i.usbd_ep_clear_stall  usbd_core.o
    0x08001db2   0x08001db2   0x00000002   PAD
    0x08001db4   0x08001db4   0x00000048   Code   RO         2244    i.usbd_ep_deinit    usbd_core.o
    0x08001dfc   0x08001dfc   0x00000090   Code   RO         2246    i.usbd_ep_init      usbd_core.o
    0x08001e8c   0x08001e8c   0x00000084   Code   RO         2247    i.usbd_ep_rx        usbd_core.o
    0x08001f10   0x08001f10   0x00000040   Code   RO         2248    i.usbd_ep_stall     usbd_core.o
    0x08001f50   0x08001f50   0x000000d8   Code   RO         2249    i.usbd_ep_tx        usbd_core.o
    0x08002028   0x08002028   0x00000028   Code   RO         2396    i.usbd_getconfig    usbd_std.o
    0x08002050   0x08002050   0x000000ac   Code   RO         2397    i.usbd_getdescriptor  usbd_std.o
    0x080020fc   0x080020fc   0x00000006   Code   RO         2398    i.usbd_getinterface  usbd_std.o
    0x08002102   0x08002102   0x00000002   PAD
    0x08002104   0x08002104   0x0000007c   Code   RO         2399    i.usbd_getstatus    usbd_std.o
    0x08002180   0x08002180   0x0000008e   Code   RO         2400    i.usbd_in_transaction  usbd_std.o
    0x0800220e   0x0800220e   0x00000002   PAD
    0x08002210   0x08002210   0x00000060   Code   RO         2250    i.usbd_init         usbd_core.o
    0x08002270   0x08002270   0x00000080   Code   RO         2335    i.usbd_intf_enumfinish  usbd_int.o
    0x080022f0   0x080022f0   0x000000ac   Code   RO         2336    i.usbd_intf_inep    usbd_int.o
    0x0800239c   0x0800239c   0x00000084   Code   RO         2337    i.usbd_intf_outep   usbd_int.o
    0x08002420   0x08002420   0x00000108   Code   RO         2338    i.usbd_intf_reset   usbd_int.o
    0x08002528   0x08002528   0x000000a8   Code   RO         2339    i.usbd_intf_rxfifo  usbd_int.o
    0x080025d0   0x080025d0   0x00000130   Code   RO         2340    i.usbd_isr          usbd_int.o
    0x08002700   0x08002700   0x00000062   Code   RO         2401    i.usbd_out_transaction  usbd_std.o
    0x08002762   0x08002762   0x00000002   Code   RO         2402    i.usbd_reserved     usbd_std.o
    0x08002764   0x08002764   0x00000044   Code   RO         2403    i.usbd_setaddress   usbd_std.o
    0x080027a8   0x080027a8   0x00000068   Code   RO         2404    i.usbd_setconfig    usbd_std.o
    0x08002810   0x08002810   0x00000002   Code   RO         2405    i.usbd_setdescriptor  usbd_std.o
    0x08002812   0x08002812   0x00000002   PAD
    0x08002814   0x08002814   0x00000094   Code   RO         2406    i.usbd_setfeature   usbd_std.o
    0x080028a8   0x080028a8   0x00000006   Code   RO         2407    i.usbd_setinterface  usbd_std.o
    0x080028ae   0x080028ae   0x00000002   PAD
    0x080028b0   0x080028b0   0x0000009c   Code   RO         2408    i.usbd_setup_transaction  usbd_std.o
    0x0800294c   0x0800294c   0x0000000e   Code   RO         2409    i.usbd_string_descriptor_get  usbd_std.o
    0x0800295a   0x0800295a   0x00000002   Code   RO         2410    i.usbd_synchframe   usbd_std.o
    0x0800295c   0x0800295c   0x00000022   Data   RO          310    .constdata          framework.o
    0x0800297e   0x0800297e   0x00000012   Data   RO          483    .constdata          hid_core.o
    0x08002990   0x08002990   0x00000087   Data   RO          484    .constdata          hid_core.o
    0x08002a17   0x08002a17   0x00000004   Data   RO          485    .constdata          hid_core.o
    0x08002a1b   0x08002a1b   0x00000004   Data   RO         2341    .constdata          usbd_int.o
    0x08002a1f   0x08002a1f   0x00000010   Data   RO         2755    .constdata          segger_rtt_printf.o
    0x08002a2f   0x08002a2f   0x00000001   PAD
    0x08002a30   0x08002a30   0x00000052   Data   RO           26    .conststring        dfu.o
    0x08002a82   0x08002a82   0x00000002   PAD
    0x08002a84   0x08002a84   0x00000020   Data   RO         2815    Region$$Table       anon$$obj.o


    Execution Region RW_IRAM1 (Exec base: 0x20000000, Load base: 0x08002aa4, Size: 0x00001b08, Max: 0x00004000, ABSOLUTE, COMPRESSED[0x000000a4])

    Exec Addr    Load Addr    Size         Type   Attr      Idx    E Section Name        Object

    0x20000000   COMPRESSED   0x00000011   Data   RW           28    .data               dfu.o
    0x20000011   COMPRESSED   0x00000003   Data   RW          311    .data               framework.o
    0x20000014   COMPRESSED   0x00000014   Data   RW          486    .data               hid_core.o
    0x20000028   COMPRESSED   0x00000024   Data   RW          487    .data               hid_core.o
    0x2000004c   COMPRESSED   0x00000010   Data   RW          488    .data               hid_core.o
    0x2000005c   COMPRESSED   0x00000010   Data   RW          489    .data               hid_core.o
    0x2000006c   COMPRESSED   0x00000004   Data   RW          490    .data               hid_core.o
    0x20000070   COMPRESSED   0x00000010   Data   RW          491    .data               hid_core.o
    0x20000080   COMPRESSED   0x0000012c   Data   RW          563    .data               main.o
    0x200001ac   COMPRESSED   0x00000004   Data   RW          613    .data               systick.o
    0x200001b0   COMPRESSED   0x00000004   Data   RW          678    .data               usb_delay.o
    0x200001b4   COMPRESSED   0x00000004   Data   RW          723    .data               system_gd32f3x0.o
    0x200001b8   COMPRESSED   0x00000008   Data   RW         2163    .data               usb_core.o
    0x200001c0   COMPRESSED   0x00000004   Data   RW         2342    .data               usbd_int.o
    0x200001c4   COMPRESSED   0x00000048   Data   RW         2411    .data               usbd_std.o
    0x2000020c        -       0x00000014   Zero   RW           22    .bss                dfu.o
    0x20000220        -       0x000007e8   Zero   RW           23    .bss                dfu.o
    0x20000a08        -       0x000007f4   Zero   RW          309    .bss                framework.o
    0x200011fc        -       0x00000040   Zero   RW          482    .bss                hid_core.o
    0x2000123c        -       0x00000010   Zero   RW         1226    .bss                gd32f3x0_pmu.o
    0x2000124c        -       0x000004b8   Zero   RW         2555    .bss                segger_rtt.o
    0x20001704   COMPRESSED   0x00000004   PAD
    0x20001708        -       0x00000400   Zero   RW         2142    STACK               startup_gd32f3x0.o


==============================================================================

Image component sizes


      Code (inc. data)   RO Data    RW Data    ZI Data      Debug   Object Name

       804        106         82         17       2044      89561   dfu.o
       896        110         34          3       2036       6323   framework.o
       132         18          0          0          0       1936   gd32f3x0_exti.o
       318         48          0          0          0       6547   gd32f3x0_fmc.o
       200          0          0          0          0       3100   gd32f3x0_gpio.o
        96         14          0          0          0       7252   gd32f3x0_it.o
       198         22          0          0          0       3283   gd32f3x0_misc.o
       148         20          0          0         16        771   gd32f3x0_pmu.o
       152         24          0          0          0       3778   gd32f3x0_rcu.o
        26          0          0          0          0       1860   gd32f3x0_timer.o
       370         36        157        108         64       9860   hid_core.o
       452         96          0        300          0       3143   main.o
       434         40          0          0       1208       9304   segger_rtt.o
       900          6         16          0          0       5745   segger_rtt_printf.o
        36          8        336          0       1024        880   startup_gd32f3x0.o
       276         36          0          4          0       2227   system_gd32f3x0.o
       140         16          0          4          0      27358   systick.o
        80          4          0          0          0        514   ugee_comm.o
       754         60          0          8          0       8133   usb_core.o
        56          8          0          4          0       1168   usb_delay.o
       940         28          0          0          0       8834   usbd_core.o
      1296         66          4          4          0       8175   usbd_int.o
      1284         36          0         72          0      14535   usbd_std.o

    ----------------------------------------------------------------------
     10024        802        664        524       6396     224287   Object Totals
         0          0         32          0          0          0   (incl. Generated)
        36          0          3          0          4          0   (incl. Padding)

    ----------------------------------------------------------------------

      Code (inc. data)   RO Data    RW Data    ZI Data      Debug   Library Member Name

        86          0          0          0          0          0   __dczerorl2.o
         0          0          0          0          0          0   entry.o
         0          0          0          0          0          0   entry10a.o
         0          0          0          0          0          0   entry11a.o
         8          4          0          0          0          0   entry2.o
         4          0          0          0          0          0   entry5.o
         0          0          0          0          0          0   entry7b.o
         0          0          0          0          0          0   entry8b.o
         8          4          0          0          0          0   entry9a.o
        30          0          0          0          0          0   handlers.o
        36          8          0          0          0         68   init.o
        36          0          0          0          0         68   memcpya.o
        18          0          0          0          0         68   strcpy.o

    ----------------------------------------------------------------------
       228         16          0          0          0        204   Library Totals
         2          0          0          0          0          0   (incl. Padding)

    ----------------------------------------------------------------------

      Code (inc. data)   RO Data    RW Data    ZI Data      Debug   Library Name

       226         16          0          0          0        204   mc_w.l

    ----------------------------------------------------------------------
       228         16          0          0          0        204   Library Totals

    ----------------------------------------------------------------------

==============================================================================


      Code (inc. data)   RO Data    RW Data    ZI Data      Debug   

     10252        818        664        524       6396     211623   Grand Totals
     10252        818        664        164       6396     211623   ELF Image Totals (compressed)
     10252        818        664        164          0          0   ROM Totals

==============================================================================

    Total RO  Size (Code + RO Data)                10916 (  10.66kB)
    Total RW  Size (RW Data + ZI Data)              6920 (   6.76kB)
    Total ROM Size (Code + RO Data + RW Data)      11080 (  10.82kB)

==============================================================================

