Component: ARM Compiler 5.06 update 6 (build 750) Tool: armlink [4d35ed]

==============================================================================

Section Cross References

    adc.o(i.adc_config) refers to gd32f3x0_rcu.o(i.rcu_periph_clock_enable) for rcu_periph_clock_enable
    adc.o(i.adc_config) refers to gd32f3x0_rcu.o(i.rcu_adc_clock_config) for rcu_adc_clock_config
    adc.o(i.adc_config) refers to gd32f3x0_adc.o(i.adc_special_function_config) for adc_special_function_config
    adc.o(i.adc_config) refers to gd32f3x0_adc.o(i.adc_external_trigger_source_config) for adc_external_trigger_source_config
    adc.o(i.adc_config) refers to gd32f3x0_adc.o(i.adc_data_alignment_config) for adc_data_alignment_config
    adc.o(i.adc_config) refers to gd32f3x0_adc.o(i.adc_channel_length_config) for adc_channel_length_config
    adc.o(i.adc_config) refers to gd32f3x0_adc.o(i.adc_regular_channel_config) for adc_regular_channel_config
    adc.o(i.adc_config) refers to gd32f3x0_adc.o(i.adc_external_trigger_config) for adc_external_trigger_config
    adc.o(i.adc_config) refers to gd32f3x0_adc.o(i.adc_enable) for adc_enable
    adc.o(i.adc_config) refers to gd32f3x0_adc.o(i.adc_calibration_enable) for adc_calibration_enable
    adc.o(i.adc_get_last_value) refers to adc.o(.bss) for .bss
    adc.o(i.adc_get_sum) refers to adc.o(.bss) for .bss
    adc.o(i.adc_sampling_start) refers to drv_pin.o(i.pin_out_off) for pin_out_off
    adc.o(i.adc_sampling_start) refers to timer.o(i.ugee_adc_delay) for ugee_adc_delay
    adc.o(i.adc_sampling_start) refers to gd32f3x0_adc.o(i.adc_flag_clear) for adc_flag_clear
    adc.o(i.adc_sampling_start) refers to gd32f3x0_adc.o(i.adc_software_trigger_enable) for adc_software_trigger_enable
    adc.o(i.adc_sampling_start) refers to gd32f3x0_adc.o(i.adc_flag_get) for adc_flag_get
    adc.o(i.adc_sampling_start) refers to drv_pin.o(i.pin_out_on) for pin_out_on
    adc.o(i.adc_sampling_start) refers to adc.o(.data) for .data
    adc.o(i.adc_sampling_start) refers to adc.o(.bss) for .bss
    app_usart.o(i.__cmd_android_set) refers to config.o(i.config_channel_set) for config_channel_set
    app_usart.o(i.__cmd_android_set) refers to config.o(i.config_android_direction_set) for config_android_direction_set
    app_usart.o(i.__cmd_android_set) refers to config.o(i.config_android_support_set) for config_android_support_set
    app_usart.o(i.__cmd_android_set) refers to config.o(i.config_android_handle_set) for config_android_handle_set
    app_usart.o(i.__cmd_android_set) refers to config.o(i.config_trackpad_rotate_set) for config_trackpad_rotate_set
    app_usart.o(i.__cmd_android_set) refers to usbd_std.o(.data) for check_sys
    app_usart.o(i.__cmd_android_set) refers to config.o(.bss) for g_sys_cfg
    app_usart.o(i.__cmd_android_set) refers to config.o(.data) for android_handle
    app_usart.o(i.__cmd_android_set) refers to config.o(.constdata) for android_procTab
    app_usart.o(i.__cmd_led_set) refers to config.o(i.config_footled_duty_get) for config_footled_duty_get
    app_usart.o(i.__cmd_led_set) refers to led.o(i.led_foot_duty_set) for led_foot_duty_set
    app_usart.o(i.__cmd_led_set) refers to config.o(i.config_footled_duty_set) for config_footled_duty_set
    app_usart.o(i.__cmd_led_set) refers to config.o(i.config_track_pad_duty_set) for config_track_pad_duty_set
    app_usart.o(i.__cmd_led_set) refers to config.o(i.config_track_pad_duty_get) for config_track_pad_duty_get
    app_usart.o(i.__cmd_led_set) refers to system.o(.bss) for sys_status
    app_usart.o(i.__dongle_protocolParse) refers to config.o(i.config_channel_set) for config_channel_set
    app_usart.o(i.__dongle_protocolParse) refers to app_usart.o(i.__cmd_android_set) for __cmd_android_set
    app_usart.o(i.__dongle_protocolParse) refers to app_usart.o(i.__cmd_led_set) for __cmd_led_set
    app_usart.o(i.__dongle_protocolParse) refers to config.o(i.config_track_pad_mode_set) for config_track_pad_mode_set
    app_usart.o(i.__dongle_protocolParse) refers to iqs.o(i.iqs5xx_track_mode_start) for iqs5xx_track_mode_start
    app_usart.o(i.__dongle_protocolParse) refers to config.o(i.config_trackpad_rotate_set) for config_trackpad_rotate_set
    app_usart.o(i.__dongle_protocolParse) refers to config.o(i.config_track_pad_mode_get) for config_track_pad_mode_get
    app_usart.o(i.__dongle_protocolParse) refers to config.o(i.config_get_rotate_mode) for config_get_rotate_mode
    app_usart.o(i.__dongle_protocolParse) refers to app_usart.o(i.GetCheckSumHEX) for GetCheckSumHEX
    app_usart.o(i.__dongle_protocolParse) refers to usart.o(i.gd32_usart_write) for gd32_usart_write
    app_usart.o(i.__dongle_protocolParse) refers to strchr.o(.text) for strchr
    app_usart.o(i.__dongle_protocolParse) refers to memmovea.o(.text) for __aeabi_memcpy
    app_usart.o(i.__dongle_protocolParse) refers to system.o(.bss) for sys_status
    app_usart.o(i.usart_ble_led_light_get_response) refers to memmovea.o(.text) for __aeabi_memmove4
[...]
    led_foot_duty_set                        0x08004c3d   Thumb Code    26  led.o(i.led_foot_duty_set)
    led_init                                 0x08004c59   Thumb Code     8  led.o(i.led_init)
    led_manage                               0x08004c65   Thumb Code   122  led.o(i.led_manage)
    led_mode_config                          0x08004ce1   Thumb Code    20  led.o(i.led_mode_config)
    led_off                                  0x08004cf9   Thumb Code    16  led.o(i.led_off)
    main                                     0x08004d0d   Thumb Code    34  main.o(i.main)
    nvic_irq_disable                         0x08004d2f   Thumb Code    22  gd32f3x0_misc.o(i.nvic_irq_disable)
    nvic_irq_enable                          0x08004d45   Thumb Code   132  gd32f3x0_misc.o(i.nvic_irq_enable)
    nvic_priority_group_set                  0x08004dcd   Thumb Code    10  gd32f3x0_misc.o(i.nvic_priority_group_set)
    pen_key_status_update                    0x08004de1   Thumb Code   270  pressure.o(i.pen_key_status_update)
    peripheral_init                          0x08004f0d   Thumb Code    54  system.o(i.peripheral_init)
    pin_af_init                              0x08004f43   Thumb Code     8  drv_pin.o(i.pin_af_init)
    pin_in_init                              0x08004f4b   Thumb Code     6  drv_pin.o(i.pin_in_init)
    pin_irq_install                          0x08004f85   Thumb Code    46  drv_pin.o(i.pin_irq_install)
    pin_out_init                             0x08004fb3   Thumb Code     6  drv_pin.o(i.pin_out_init)
    pin_out_off                              0x08004fb9   Thumb Code     6  drv_pin.o(i.pin_out_off)
    pin_out_on                               0x08004fbf   Thumb Code     6  drv_pin.o(i.pin_out_on)
    pin_out_set                              0x08004fc5   Thumb Code    26  drv_pin.o(i.pin_out_set)
    pin_read                                 0x08004fdf   Thumb Code     4  drv_pin.o(i.pin_read)
    pmu_backup_write_enable                  0x08004fe5   Thumb Code    12  gd32f3x0_pmu.o(i.pmu_backup_write_enable)
    pmu_to_deepsleepmode                     0x08004ff5   Thumb Code   128  gd32f3x0_pmu.o(i.pmu_to_deepsleepmode)
    pressure_calculate                       0x080051c5   Thumb Code   390  pressure.o(i.pressure_calculate)
    pressure_freq_calculate                  0x08005379   Thumb Code    88  pressure.o(i.pressure_freq_calculate)
    pressure_gamma_calibration               0x080053e1   Thumb Code   134  pressure.o(i.pressure_gamma_calibration)
    pressure_smooth                          0x0800546d   Thumb Code    64  pressure.o(i.pressure_smooth)
    prvSetupHardware                         0x08005559   Thumb Code    26  system.o(i.prvSetupHardware)
    pwm_period_idx_get_by_pre_idx            0x08005575   Thumb Code     6  pwm.o(i.pwm_period_idx_get_by_pre_idx)
    pwm_period_set_by_idx                    0x08005581   Thumb Code    70  pwm.o(i.pwm_period_set_by_idx)
    pwm_period_set_by_pre_idx                0x080055d5   Thumb Code    72  pwm.o(i.pwm_period_set_by_pre_idx)
    queue_de                                 0x08005629   Thumb Code    54  queue.o(i.queue_de)
    queue_en                                 0x0800565f   Thumb Code    60  queue.o(i.queue_en)
    queue_init                               0x0800569b   Thumb Code    14  queue.o(i.queue_init)
    rcu_adc_clock_config                     0x080056a9   Thumb Code   136  gd32f3x0_rcu.o(i.rcu_adc_clock_config)
    rcu_ck48m_clock_config                   0x08005739   Thumb Code    16  gd32f3x0_rcu.o(i.rcu_ck48m_clock_config)
    rcu_clock_freq_get                       0x0800574d   Thumb Code   416  gd32f3x0_rcu.o(i.rcu_clock_freq_get)
    rcu_periph_clock_enable                  0x08005919   Thumb Code    22  gd32f3x0_rcu.o(i.rcu_periph_clock_enable)
    rcu_periph_reset_disable                 0x08005935   Thumb Code    22  gd32f3x0_rcu.o(i.rcu_periph_reset_disable)
    rcu_periph_reset_enable                  0x08005951   Thumb Code    22  gd32f3x0_rcu.o(i.rcu_periph_reset_enable)
    rcu_usbfs_clock_config                   0x0800596d   Thumb Code    40  gd32f3x0_rcu.o(i.rcu_usbfs_clock_config)
    read_hand_pencil_status                  0x08005999   Thumb Code     6  scan.o(i.read_hand_pencil_status)
    scan_calculate                           0x080059a5   Thumb Code    78  scan.o(i.scan_calculate)
    scan_chrg                                0x080059f9   Thumb Code    28  scan.o(i.scan_chrg)
    scan_main_calculate                      0x08005a5d   Thumb Code    60  scan.o(i.scan_main_calculate)
    scan_recv                                0x08005b95   Thumb Code    40  scan.o(i.scan_recv)
    scan_reset                               0x08005bc1   Thumb Code    70  scan.o(i.scan_reset)
    scan_start                               0x08005c1d   Thumb Code    72  scan.o(i.scan_start)
    set_hand_pencil_status                   0x08005e45   Thumb Code     6  scan.o(i.set_hand_pencil_status)
    set_report_mode                          0x08005e51   Thumb Code     6  system.o(i.set_report_mode)
    sleep_int_install                        0x08005e5d   Thumb Code    56  system.o(i.sleep_int_install)
    sleep_int_uninstall                      0x08005e9d   Thumb Code    38  system.o(i.sleep_int_uninstall)
    soft_reset                               0x08005ec9   Thumb Code    30  config.o(i.soft_reset)
    syscfg_exti_line_config                  0x08005ef1   Thumb Code    86  gd32f3x0_syscfg.o(i.syscfg_exti_line_config)
    system_1s_task                           0x08005f4d   Thumb Code   364  system.o(i.system_1s_task)
    system_clear_sleep_count                 0x080060c1   Thumb Code     8  system.o(i.system_clear_sleep_count)
    system_config_after_wakeup               0x08006139   Thumb Code    38  system.o(i.system_config_after_wakeup)
    system_config_before_sleep               0x08006165   Thumb Code    54  system.o(i.system_config_before_sleep)
    system_halt                              0x080061ad   Thumb Code    30  system.o(i.system_halt)
    system_init                              0x080061cd   Thumb Code    70  system.o(i.system_init)
    system_judge_curr_mode                   0x08006231   Thumb Code    42  system.o(i.system_judge_curr_mode)
    systick_config                           0x08006265   Thumb Code    44  systick.o(i.systick_config)
    timer0_init                              0x08006299   Thumb Code   172  timer.o(i.timer0_init)
    timer13_delay_irq                        0x08006349   Thumb Code    48  usb_delay.o(i.timer13_delay_irq)
    timer14_init                             0x08006381   Thumb Code    84  timer.o(i.timer14_init)
    timer15_init                             0x080063d9   Thumb Code    88  timer.o(i.timer15_init)
    timer_auto_reload_shadow_disable         0x08006435   Thumb Code    10  gd32f3x0_timer.o(i.timer_auto_reload_shadow_disable)
    timer_auto_reload_shadow_enable          0x0800643f   Thumb Code    10  gd32f3x0_timer.o(i.timer_auto_reload_shadow_enable)
    timer_autoreload_value_config            0x08006449   Thumb Code     4  gd32f3x0_timer.o(i.timer_autoreload_value_config)
    timer_channel_output_config              0x0800644d   Thumb Code   476  gd32f3x0_timer.o(i.timer_channel_output_config)
    timer_channel_output_mode_config         0x08006639   Thumb Code    78  gd32f3x0_timer.o(i.timer_channel_output_mode_config)
    timer_channel_output_pulse_value_config  0x08006687   Thumb Code    30  gd32f3x0_timer.o(i.timer_channel_output_pulse_value_config)
    timer_channel_output_shadow_config       0x080066a5   Thumb Code    78  gd32f3x0_timer.o(i.timer_channel_output_shadow_config)
    timer_config                             0x080066f3   Thumb Code    18  timer.o(i.timer_config)
    timer_deinit                             0x08006705   Thumb Code   118  gd32f3x0_timer.o(i.timer_deinit)
    timer_disable                            0x08006785   Thumb Code    10  gd32f3x0_timer.o(i.timer_disable)
    timer_enable                             0x0800678f   Thumb Code    10  gd32f3x0_timer.o(i.timer_enable)
    timer_event_software_generate            0x08006799   Thumb Code     8  gd32f3x0_timer.o(i.timer_event_software_generate)
    timer_flag_clear                         0x080067a1   Thumb Code     6  gd32f3x0_timer.o(i.timer_flag_clear)
    timer_flag_get                           0x080067a7   Thumb Code    10  gd32f3x0_timer.o(i.timer_flag_get)
    timer_init                               0x080067b1   Thumb Code   136  gd32f3x0_timer.o(i.timer_init)
    timer_interrupt_enable                   0x08006851   Thumb Code     8  gd32f3x0_timer.o(i.timer_interrupt_enable)
    timer_primary_output_config              0x08006859   Thumb Code    20  gd32f3x0_timer.o(i.timer_primary_output_config)
    timer_single_pulse_mode_config           0x0800686d   Thumb Code    24  gd32f3x0_timer.o(i.timer_single_pulse_mode_config)
    timer_update_event_enable                0x08006885   Thumb Code    10  gd32f3x0_timer.o(i.timer_update_event_enable)
    timer_update_source_config               0x0800688f   Thumb Code    24  gd32f3x0_timer.o(i.timer_update_source_config)
    trackpad_data_report                     0x080068a7   Thumb Code   248  iqs.o(i.trackpad_data_report)
    u16saveu32                               0x0800699f   Thumb Code    30  config.o(i.u16saveu32)
    ug_tick_get                              0x080069bd   Thumb Code     6  clock.o(i.ug_tick_get)
    ug_tick_increase                         0x080069c9   Thumb Code    10  clock.o(i.ug_tick_increase)
    ugee_adc_delay                           0x080069d9   Thumb Code    34  timer.o(i.ugee_adc_delay)
    ugee_i2c_buffer_read                     0x08006a01   Thumb Code   458  ugee_i2c.o(i.ugee_i2c_buffer_read)
    ugee_i2c_buffer_read_iqs572              0x08006bd5   Thumb Code   506  ugee_i2c.o(i.ugee_i2c_buffer_read_iqs572)
    ugee_i2c_buffer_write                    0x08006dd9   Thumb Code   260  ugee_i2c.o(i.ugee_i2c_buffer_write)
    ugee_i2c_buffer_write_iqs572             0x08006ee5   Thumb Code   310  ugee_i2c.o(i.ugee_i2c_buffer_write_iqs572)
    ugee_i2c_config                          0x08007025   Thumb Code   148  ugee_i2c.o(i.ugee_i2c_config)
    usart_baudrate_set                       0x080070c5   Thumb Code    86  gd32f3x0_usart.o(i.usart_baudrate_set)
    usart_data_analyze                       0x080071b9   Thumb Code   132  app_usart.o(i.usart_data_analyze)
    usart_data_first_config                  0x08007241   Thumb Code    28  gd32f3x0_usart.o(i.usart_data_first_config)
    usart_deinit                             0x0800725d   Thumb Code    42  gd32f3x0_usart.o(i.usart_deinit)
    usart_dma_receive_config                 0x0800728d   Thumb Code    16  gd32f3x0_usart.o(i.usart_dma_receive_config)
    usart_enable                             0x08007305   Thumb Code    10  gd32f3x0_usart.o(i.usart_enable)
    usart_flag_get                           0x0800730f   Thumb Code    22  gd32f3x0_usart.o(i.usart_flag_get)
    usart_interrupt_disable                  0x08007615   Thumb Code    20  gd32f3x0_usart.o(i.usart_interrupt_disable)
    usart_interrupt_enable                   0x08007629   Thumb Code    20  gd32f3x0_usart.o(i.usart_interrupt_enable)
    usart_interrupt_flag_clear               0x0800763d   Thumb Code    34  gd32f3x0_usart.o(i.usart_interrupt_flag_clear)
    usart_interrupt_flag_get                 0x08007665   Thumb Code    46  gd32f3x0_usart.o(i.usart_interrupt_flag_get)
    usart_invert_config                      0x08007693   Thumb Code    90  gd32f3x0_usart.o(i.usart_invert_config)
    usart_overrun_enable                     0x080076ed   Thumb Code    18  gd32f3x0_usart.o(i.usart_overrun_enable)
    usart_parity_config                      0x080076ff   Thumb Code    24  gd32f3x0_usart.o(i.usart_parity_config)
    usart_receive_config                     0x08007717   Thumb Code    16  gd32f3x0_usart.o(i.usart_receive_config)
    usart_receive_dma                        0x08007729   Thumb Code    96  usart.o(i.usart_receive_dma)
    usart_stop_bit_set                       0x0800778d   Thumb Code    24  gd32f3x0_usart.o(i.usart_stop_bit_set)
    usart_transmit_config                    0x080077a5   Thumb Code    16  gd32f3x0_usart.o(i.usart_transmit_config)
    usart_word_length_set                    0x080077b5   Thumb Code    24  gd32f3x0_usart.o(i.usart_word_length_set)
    usb_clock_config                         0x080077cd   Thumb Code    94  usb.o(i.usb_clock_config)
    usb_clock_ungate                         0x08007845   Thumb Code    34  usb_core.o(i.usb_clock_ungate)
    usb_config                               0x080079dd   Thumb Code    26  usb.o(i.usb_config)
    usb_core_init                            0x080079fd   Thumb Code    92  usb_core.o(i.usb_core_init)
    usb_core_select                          0x08007a5d   Thumb Code    38  usb_core.o(i.usb_core_select)
    usb_delay_ms                             0x08007a85   Thumb Code    28  usb_delay.o(i.usb_delay_ms)
    usb_delay_us                             0x08007aa9   Thumb Code    28  usb_delay.o(i.usb_delay_us)
    usb_devcore_init                         0x08007acd   Thumb Code   308  usb_core.o(i.usb_devcore_init)
    usb_ep0_startout                         0x08007c15   Thumb Code    12  usb_core.o(i.usb_ep0_startout)
    usb_fifo_read                            0x08007c29   Thumb Code    26  usb_core.o(i.usb_fifo_read)
    usb_fifo_write                           0x08007c49   Thumb Code    32  usb_core.o(i.usb_fifo_write)
    usb_interrupt_config                     0x08007c6d   Thumb Code    60  usb.o(i.usb_interrupt_config)
    usb_mode_set                             0x08007ca9   Thumb Code    60  usb_core.o(i.usb_mode_set)
    usb_rx_proc                              0x08007de1   Thumb Code   502  usb.o(i.usb_rx_proc)
    usb_rxfifo_flush                         0x08007fe5   Thumb Code    40  usb_core.o(i.usb_rxfifo_flush)
    usb_timer_nvic_init                      0x08008011   Thumb Code    10  usb_delay.o(i.usb_timer_nvic_init)
    usb_tx                                   0x0800801d   Thumb Code    44  usb.o(i.usb_tx)
    usb_txfifo_flush                         0x08008051   Thumb Code    52  usb_core.o(i.usb_txfifo_flush)
    usbd_ctlstatus_rx                        0x08008129   Thumb Code    30  usbd_core.o(i.usbd_ctlstatus_rx)
    usbd_ctlstatus_tx                        0x08008147   Thumb Code    30  usbd_core.o(i.usbd_ctlstatus_tx)
    usbd_ctltx                               0x08008165   Thumb Code    26  usbd_core.o(i.usbd_ctltx)
    usbd_enum_error                          0x0800820d   Thumb Code    28  usbd_std.o(i.usbd_enum_error)
    usbd_ep_clear_stall                      0x08008229   Thumb Code   106  usbd_core.o(i.usbd_ep_clear_stall)
    usbd_ep_deinit                           0x08008295   Thumb Code    68  usbd_core.o(i.usbd_ep_deinit)
    usbd_ep_init                             0x080082dd   Thumb Code   138  usbd_core.o(i.usbd_ep_init)
    usbd_ep_rx                               0x0800836d   Thumb Code   126  usbd_core.o(i.usbd_ep_rx)
    usbd_ep_stall                            0x080083f1   Thumb Code    64  usbd_core.o(i.usbd_ep_stall)
    usbd_ep_tx                               0x08008431   Thumb Code   208  usbd_core.o(i.usbd_ep_tx)
    usbd_hid_classreq_handle                 0x08008845   Thumb Code   232  hid_core.o(i.usbd_hid_classreq_handle)
    usbd_hid_data_handler                    0x08008941   Thumb Code    56  hid_core.o(i.usbd_hid_data_handler)
    usbd_hid_deinit                          0x0800897d   Thumb Code    38  hid_core.o(i.usbd_hid_deinit)
    usbd_hid_init                            0x080089a5   Thumb Code    56  hid_core.o(i.usbd_hid_init)
    usbd_hid_report_send                     0x080089e5   Thumb Code    78  hid_core.o(i.usbd_hid_report_send)
    usbd_in_transaction                      0x08008a39   Thumb Code   142  usbd_std.o(i.usbd_in_transaction)
    usbd_init                                0x08008ac9   Thumb Code    92  usbd_core.o(i.usbd_init)
    usbd_isr                                 0x08008e89   Thumb Code   300  usbd_int.o(i.usbd_isr)
    usbd_out_transaction                     0x08008fc5   Thumb Code    98  usbd_std.o(i.usbd_out_transaction)
    usbd_setup_transaction                   0x08009175   Thumb Code   152  usbd_std.o(i.usbd_setup_transaction)
    wheel_data_report                        0x08009225   Thumb Code   364  iqs.o(i.wheel_data_report)
    android_procTab                          0x08009400   Data          20  config.o(.constdata)
    keys_pin                                 0x08009414   Data          32  gpio.o(.constdata)
    hc4051_x_pin                             0x08009434   Data          24  gpio.o(.constdata)
    hc4051_y_pin                             0x0800944c   Data          64  gpio.o(.constdata)
    x_ant_pin                                0x0800948c   Data          72  gpio.o(.constdata)
    y_ant_pin                                0x080094d4   Data         232  gpio.o(.constdata)
    sd000                                    0x080097e4   Data           4  hid_descriptor.o(.constdata)
    sd001                                    0x080097e8   Data          18  hid_descriptor.o(.constdata)
    sd002                                    0x080097fa   Data          24  hid_descriptor.o(.constdata)
    sd003                                    0x08009812   Data          14  hid_descriptor.o(.constdata)
    sd004                                    0x08009820   Data          30  hid_descriptor.o(.constdata)
    sd005                                    0x0800983e   Data          44  hid_descriptor.o(.constdata)
    sd020                                    0x0800986a   Data          26  hid_descriptor.o(.constdata)
    sd021                                    0x08009884   Data          28  hid_descriptor.o(.constdata)
    sd022                                    0x080098a0   Data          28  hid_descriptor.o(.constdata)
    sd023                                    0x080098bc   Data          28  hid_descriptor.o(.constdata)
    sd024                                    0x080098d8   Data          20  hid_descriptor.o(.constdata)
    sd025                                    0x080098ec   Data          38  hid_descriptor.o(.constdata)
    sd026                                    0x08009912   Data          24  hid_descriptor.o(.constdata)
    sd027                                    0x0800992a   Data          24  hid_descriptor.o(.constdata)
    sd028                                    0x08009942   Data          24  hid_descriptor.o(.constdata)
    sd029                                    0x0800995a   Data          24  hid_descriptor.o(.constdata)
    sd030                                    0x08009972   Data           4  hid_descriptor.o(.constdata)
    sd031                                    0x08009976   Data           4  hid_descriptor.o(.constdata)
    sd098                                    0x0800997a   Data          32  hid_descriptor.o(.constdata)
    sd100                                    0x0800999a   Data          14  hid_descriptor.o(.constdata)
    sd101                                    0x080099a8   Data           4  hid_descriptor.o(.constdata)
    sd102                                    0x080099ac   Data          44  hid_descriptor.o(.constdata)
    sd104                                    0x080099d8   Data           6  hid_descriptor.o(.constdata)
    sd105                                    0x080099de   Data           4  hid_descriptor.o(.constdata)
    sd110                                    0x080099e2   Data          10  hid_descriptor.o(.constdata)
    sd111                                    0x080099ec   Data           6  hid_descriptor.o(.constdata)
    sd121                                    0x080099f2   Data          16  hid_descriptor.o(.constdata)
    sd122                                    0x08009a02   Data           8  hid_descriptor.o(.constdata)
    sd123                                    0x08009a0a   Data          12  hid_descriptor.o(.constdata)
    sd124                                    0x08009a16   Data          14  hid_descriptor.o(.constdata)
    sd131                                    0x08009a24   Data           6  hid_descriptor.o(.constdata)
    sd168                                    0x08009a2a   Data          18  hid_descriptor.o(.constdata)
    hid_report_desc01                        0x08009a3c   Data         177  hid_descriptor.o(.constdata)
    hid_report_desc02                        0x08009aed   Data         109  hid_descriptor.o(.constdata)
    hid_report_desc03                        0x08009b5a   Data          36  hid_descriptor.o(.constdata)
    freq_result                              0x08009b90   Data         420  pressure.o(.constdata)
    count_value                              0x08009d34   Data         420  pressure.o(.constdata)
    correction_x                             0x08009f68   Data         604  xy_calibration.o(.constdata)
    correction_y                             0x0800a1c4   Data         360  xy_calibration.o(.constdata)
    Region$$Table$$Base                      0x0800a904   Number         0  anon$$obj.o(Region$$Table)
    Region$$Table$$Limit                     0x0800a924   Number         0  anon$$obj.o(Region$$Table)
    android_handle                           0x20000008   Data           4  config.o(.data)
    x_deg                                    0x2000000c   Data           1  digitizer_comm.o(.data)
    y_deg                                    0x2000000d   Data           1  digitizer_comm.o(.data)
    PenJitterRange                           0x2000000e   Data           1  digitizer_comm.o(.data)
    AutoJitter_level                         0x20000010   Data           4  digitizer_comm.o(.data)
    AutoJitter_range                         0x20000014   Data           4  digitizer_comm.o(.data)
    Jitter_Table                             0x20000018   Data          16  digitizer_comm.o(.data)
    usbd_int_fops                            0x20000034   Data           4  hid_core.o(.data)
    device_descripter                        0x20000038   Data          18  hid_descriptor.o(.data)
    configuration_descriptor                 0x2000004a   Data          91  hid_descriptor.o(.data)
    sd103                                    0x200000a5   Data           8  hid_descriptor.o(.data)
    sd120                                    0x200000ad   Data          12  hid_descriptor.o(.data)
    sd109                                    0x200000b9   Data           4  hid_descriptor.o(.data)
    usbd_strings                             0x200000c0   Data         140  hid_descriptor.o(.data)
    sw1_real_counter                         0x20000168   Data           1  pressure.o(.data)
    sw1_flag                                 0x20000169   Data           1  pressure.o(.data)
    zih_freq                                 0x2000016c   Data           4  pressure.o(.data)
    test_z                                   0x20000170   Data           4  pressure.o(.data)
    A0sure                                   0x20000174   Data           4  pressure.o(.data)
    A1sure                                   0x20000178   Data           4  pressure.o(.data)
    A2sure                                   0x2000017c   Data           4  pressure.o(.data)
    A3sure                                   0x20000180   Data           4  pressure.o(.data)
    A4sure                                   0x20000184   Data           4  pressure.o(.data)
    A5sure                                   0x20000188   Data           4  pressure.o(.data)
    pressure_old_temp                        0x2000018c   Data           4  pressure.o(.data)
    gADCDelay                                0x20000193   Data           3  scan.o(.data)
    usb_soft_cnt                             0x200001ac   Data           4  system.o(.data)
    usart0                                   0x200001b0   Data          28  usart.o(.data)
    serial0                                  0x200001cc   Data          24  usart.o(.data)
    timer_prescaler                          0x200001e4   Data           1  usb.o(.data)
    usbfs_prescaler                          0x200001e8   Data           4  usb.o(.data)
    g_usb_status                             0x200001ec   Data           4  usb.o(.data)
    usbhs_core_dev                           0x200001f0   Data         288  usb.o(.data)
    delay_num                                0x20000310   Data           4  usb_delay.o(.data)
    track_status                             0x20000314   Data           1  iqs.o(.data)
    track_posi_count                         0x20000316   Data           2  iqs.o(.data)
    track_minus_count                        0x20000318   Data           2  iqs.o(.data)
    iqs624                                   0x2000031c   Data           4  iqs.o(.data)
    repeat_times                             0x20000320   Data           2  ugee_i2c.o(.data)
    SystemCoreClock                          0x20000324   Data           4  system_gd32f3x0.o(.data)
    test_mode                                0x2000033c   Data           4  usbd_std.o(.data)
    check_sys                                0x20000340   Data           4  usbd_std.o(.data)
    OS_ver                                   0x20000344   Data           4  usbd_std.o(.data)
    pin_irq_hdr_tab                          0x2000038c   Data         256  drv_pin.o(.data)
    MyTimerTask                              0x20000490   Data         112  taskschedule.o(.data)
    BoundaryLine                             0x20000500   Data           1  digitizer_lib_200722.o(.data)
    OldBoundaryLine                          0x20000501   Data           1  digitizer_lib_200722.o(.data)
    LockIn_X                                 0x20000502   Data           1  digitizer_lib_200722.o(.data)
    LockIn_Y                                 0x20000503   Data           1  digitizer_lib_200722.o(.data)
    LockOut                                  0x20000504   Data           1  digitizer_lib_200722.o(.data)
    LockInAlready                            0x20000505   Data           1  digitizer_lib_200722.o(.data)
    BoundaryLine_R                           0x20000506   Data           1  digitizer_lib_200722.o(.data)
    BoundaryLine_L                           0x20000507   Data           1  digitizer_lib_200722.o(.data)
    BoundaryLine_U                           0x20000508   Data           1  digitizer_lib_200722.o(.data)
    BoundaryLine_D                           0x20000509   Data           1  digitizer_lib_200722.o(.data)
    PenMoveFlag                              0x2000050a   Data           1  digitizer_lib_200722.o(.data)
    TiltCnt                                  0x2000050b   Data           1  digitizer_lib_200722.o(.data)
    TiltCnt_X                                0x2000050c   Data           1  digitizer_lib_200722.o(.data)
    TiltCnt_Y                                0x2000050d   Data           1  digitizer_lib_200722.o(.data)
    Temp_x_deg                               0x2000050e   Data           1  digitizer_lib_200722.o(.data)
    Temp_y_deg                               0x2000050f   Data           1  digitizer_lib_200722.o(.data)
    TiltX                                    0x20000510   Data           2  digitizer_lib_200722.o(.data)
    TiltY                                    0x20000512   Data           2  digitizer_lib_200722.o(.data)
    RETiltX                                  0x20000514   Data           2  digitizer_lib_200722.o(.data)
    RETiltY                                  0x20000516   Data           2  digitizer_lib_200722.o(.data)
    OldRETiltX                               0x20000518   Data           2  digitizer_lib_200722.o(.data)
    OldRETiltY                               0x2000051a   Data           2  digitizer_lib_200722.o(.data)
    TiltX2                                   0x2000051c   Data           2  digitizer_lib_200722.o(.data)
    TiltY2                                   0x2000051e   Data           2  digitizer_lib_200722.o(.data)
    tagX                                     0x20000520   Data           1  digitizer_lib_200722.o(.data)
    tagY                                     0x20000521   Data           1  digitizer_lib_200722.o(.data)
    last_x_deg                               0x20000522   Data           1  digitizer_lib_200722.o(.data)
    last_y_deg                               0x20000523   Data           1  digitizer_lib_200722.o(.data)
    LockChangQuadrant                        0x20000524   Data           1  digitizer_lib_200722.o(.data)
    TiltQuadrant                             0x20000525   Data           1  digitizer_lib_200722.o(.data)
    OldTiltQuadrant                          0x20000526   Data           1  digitizer_lib_200722.o(.data)
    tilt_x_flag                              0x20000527   Data           1  digitizer_lib_200722.o(.data)
    tilt_y_flag                              0x20000528   Data           1  digitizer_lib_200722.o(.data)
    temp_ui1                                 0x2000052c   Data           4  digitizer_lib_200722.o(.data)
    temp_ui2                                 0x20000530   Data           4  digitizer_lib_200722.o(.data)
    X_tilt                                   0x20000534   Data           4  digitizer_lib_200722.o(.data)
    Y_tilt                                   0x20000538   Data           4  digitizer_lib_200722.o(.data)
    X_tilt_sum                               0x2000053c   Data           4  digitizer_lib_200722.o(.data)
    Y_tilt_sum                               0x20000540   Data           4  digitizer_lib_200722.o(.data)
    Counter_tilt                             0x20000544   Data           1  digitizer_lib_200722.o(.data)
    g_sys_cfg                                0x20000710   Data          44  config.o(.bss)
    gb_hbStatus                              0x20000778   Data          48  scan.o(.bss)
    gScanCurZ                                0x200007a8   Data          56  scan.o(.bss)
    gXAntADCVal                              0x200007e0   Data         120  scan.o(.bss)
    gYAntADCVal                              0x20000858   Data         120  scan.o(.bss)
    pos_calc                                 0x200008d0   Data          32  scan.o(.bss)
    report_pos                               0x200008f0   Data          28  scan.o(.bss)
    g_scan                                   0x2000090c   Data          17  scan.o(.bss)
    sys_status                               0x20000920   Data          84  system.o(.bss)
    Usart_ReceiveStruct                      0x20000974   Data         304  usart.o(.bss)
    usb_rx_buffer                            0x20000ae4   Data          21  usb.o(.bss)
    iqs572                                   0x20000afa   Data          18  iqs.o(.bss)
    iqs572_track_mode_data                   0x20000b0c   Data          12  iqs.o(.bss)
    __initial_sp                             0x20000f28   Data           0  startup_gd32f3x0.o(STACK)



==============================================================================

Memory Map of the image

  Image Entry point : 0x08000151

  Load Region LR_IROM1 (Base: 0x08000000, Size: 0x0000ae6c, Max: 0x00020000, ABSOLUTE, COMPRESSED[0x0000aad0])

    Execution Region ER_IROM1 (Exec base: 0x08000000, Load base: 0x08000000, Size: 0x0000a924, Max: 0x00020000, ABSOLUTE)

    Exec Addr    Load Addr    Size         Type   Attr      Idx    E Section Name        Object

    0x08000000   0x08000000   0x00000150   Data   RO         5424    RESET               startup_gd32f3x0.o
    0x08000150   0x08000150   0x00000000   Code   RO         6452  * .ARM.Collect$$$$00000000  mc_w.l(entry.o)
    0x08000150   0x08000150   0x00000004   Code   RO         6529    .ARM.Collect$$$$00000001  mc_w.l(entry2.o)
    0x08000154   0x08000154   0x00000004   Code   RO         6532    .ARM.Collect$$$$00000004  mc_w.l(entry5.o)
    0x08000158   0x08000158   0x00000000   Code   RO         6534    .ARM.Collect$$$$00000008  mc_w.l(entry7b.o)
    0x08000158   0x08000158   0x00000000   Code   RO         6536    .ARM.Collect$$$$0000000A  mc_w.l(entry8b.o)
    0x08000158   0x08000158   0x00000008   Code   RO         6537    .ARM.Collect$$$$0000000B  mc_w.l(entry9a.o)
    0x08000160   0x08000160   0x00000000   Code   RO         6539    .ARM.Collect$$$$0000000D  mc_w.l(entry10a.o)
    0x08000160   0x08000160   0x00000000   Code   RO         6541    .ARM.Collect$$$$0000000F  mc_w.l(entry11a.o)
    0x08000160   0x08000160   0x00000004   Code   RO         6530    .ARM.Collect$$$$00002712  mc_w.l(entry2.o)
    0x08000164   0x08000164   0x00000024   Code   RO         5425    .text               startup_gd32f3x0.o
    0x08000188   0x08000188   0x0000002c   Code   RO         6455    .text               mc_w.l(uidiv.o)
    0x080001b4   0x080001b4   0x00000028   Code   RO         6457    .text               mc_w.l(idiv.o)
    0x080001dc   0x080001dc   0x00000040   Code   RO         6461    .text               mc_w.l(memmovea.o)
    0x0800021c   0x0800021c   0x00000024   Code   RO         6463    .text               mc_w.l(memseta.o)
    0x08000240   0x08000240   0x00000018   Code   RO         6465    .text               mc_w.l(strncpy.o)
    0x08000258   0x08000258   0x00000014   Code   RO         6467    .text               mc_w.l(strchr.o)
    0x0800026c   0x0800026c   0x0000000e   Code   RO         6469    .text               mc_w.l(strlen.o)
    0x0800027a   0x0800027a   0x000000b0   Code   RO         6505    .text               mf_w.l(fadd.o)
    0x0800032a   0x0800032a   0x00000064   Code   RO         6507    .text               mf_w.l(fmul.o)
    0x0800038e   0x0800038e   0x0000007c   Code   RO         6509    .text               mf_w.l(fdiv.o)
    0x0800040a   0x0800040a   0x0000014e   Code   RO         6511    .text               mf_w.l(dadd.o)
    0x08000558   0x08000558   0x000000e4   Code   RO         6513    .text               mf_w.l(dmul.o)
    0x0800063c   0x0800063c   0x00000012   Code   RO         6517    .text               mf_w.l(fflti.o)
    0x0800064e   0x0800064e   0x0000000a   Code   RO         6519    .text               mf_w.l(ffltui.o)
    0x08000658   0x08000658   0x0000001a   Code   RO         6521    .text               mf_w.l(dfltui.o)
    0x08000672   0x08000672   0x00000032   Code   RO         6523    .text               mf_w.l(ffixi.o)
    0x080006a4   0x080006a4   0x00000028   Code   RO         6525    .text               mf_w.l(ffixui.o)
    0x080006cc   0x080006cc   0x00000032   Code   RO         6527    .text               mf_w.l(dfixui.o)
    0x080006fe   0x080006fe   0x0000001e   Code   RO         6543    .text               mc_w.l(llshl.o)
    0x0800071c   0x0800071c   0x00000020   Code   RO         6545    .text               mc_w.l(llushr.o)
    0x0800073c   0x0800073c   0x00000024   Code   RO         6547    .text               mc_w.l(llsshr.o)
    0x08000760   0x08000760   0x00000000   Code   RO         6558    .text               mc_w.l(iusefp.o)
    0x08000760   0x08000760   0x0000006e   Code   RO         6559    .text               mf_w.l(fepilogue.o)
    0x080007ce   0x080007ce   0x000000ba   Code   RO         6561    .text               mf_w.l(depilogue.o)
    0x08000888   0x08000888   0x00000024   Code   RO         6567    .text               mc_w.l(init.o)
    0x080008ac   0x080008ac   0x00000056   Code   RO         6577    .text               mc_w.l(__dczerorl2.o)
    0x08000902   0x08000902   0x0000000e   Code   RO         1860    i.ALLOFF_4051_Chip  xy_antana.o
    0x08000910   0x08000910   0x00000108   Code   RO          609    i.AutoJitter        digitizer_comm.o
    0x08000a18   0x08000a18   0x000000a0   Code   RO          610    i.AutoJitterSendToBuffer  digitizer_comm.o
    0x08000ab8   0x08000ab8   0x00000002   Code   RO          718    i.BusFault_Handler  gd32f3x0_it.o
    0x08000aba   0x08000aba   0x00000002   PAD
    0x08000abc   0x08000abc   0x00000010   Code   RO         6033    i.ClrTimerTask      taskschedule.o
    0x08000acc   0x08000acc   0x00000002   Code   RO          719    i.DebugMon_Handler  gd32f3x0_it.o
    0x08000ace   0x08000ace   0x00000002   PAD
    0x08000ad0   0x08000ad0   0x00000034   Code   RO          611    i.DeterminePenArea  digitizer_comm.o
    0x08000b04   0x08000b04   0x0000006c   Code   RO          720    i.EXTI0_1_IRQHandler  gd32f3x0_it.o
    0x08000b70   0x08000b70   0x00000026   Code   RO         5842    i.EXTI2_3_IRQHandler  drv_pin.o
    0x08000b96   0x08000b96   0x000000c2   Code   RO         5843    i.EXTI4_15_IRQHandler  drv_pin.o
    0x08000c58   0x08000c58   0x0000001a   Code   RO          171    i.GetCheckSumHEX    app_usart.o
    0x08000c72   0x08000c72   0x00000002   PAD
    0x08000c74   0x08000c74   0x00000010   Code   RO          721    i.HardFault_Handler  gd32f3x0_it.o
    0x08000c84   0x08000c84   0x0000002c   Code   RO          612    i.Inverter          digitizer_comm.o
    0x08000cb0   0x08000cb0   0x00000088   Code   RO          614    i.Mapping           digitizer_comm.o
    0x08000d38   0x08000d38   0x00000002   Code   RO          722    i.MemManage_Handler  gd32f3x0_it.o
    0x08000d3a   0x08000d3a   0x00000002   Code   RO          723    i.NMI_Handler       gd32f3x0_it.o
    0x08000d3c   0x08000d3c   0x0000008c   Code   RO          615    i.Offset            digitizer_comm.o
    0x08000dc8   0x08000dc8   0x00000002   Code   RO          724    i.PendSV_Handler    gd32f3x0_it.o
    0x08000dca   0x08000dca   0x000000fe   Code   RO         6364    i.PosCalcCoordinate_3And4Line_Lib  digitizer_lib_200722.lib(digitizer_lib_200722.o)
    0x08000ec8   0x08000ec8   0x000000a6   Code   RO         6367    i.PosCalcP_Lib      digitizer_lib_200722.lib(digitizer_lib_200722.o)
    0x08000f6e   0x08000f6e   0x00000002   PAD
    0x08000f70   0x08000f70   0x00000230   Code   RO         6369    i.Pos_smooth_new_Lib  digitizer_lib_200722.lib(digitizer_lib_200722.o)
    0x080011a0   0x080011a0   0x00000002   Code   RO          725    i.SVC_Handler       gd32f3x0_it.o
    0x080011a2   0x080011a2   0x00000002   PAD
    0x080011a4   0x080011a4   0x00000020   Code   RO         6035    i.SetTimerTask      taskschedule.o
    0x080011c4   0x080011c4   0x000000d8   Code   RO          616    i.Smooth            digitizer_comm.o
    0x0800129c   0x0800129c   0x00000004   Code   RO          726    i.SysTick_Handler   gd32f3x0_it.o
    0x080012a0   0x080012a0   0x0000009c   Code   RO         2124    i.SystemCoreClockUpdate  system_gd32f3x0.o
    0x0800133c   0x0800133c   0x000000a0   Code   RO         2125    i.SystemInit        system_gd32f3x0.o
    0x080013dc   0x080013dc   0x00000050   Code   RO         1562    i.TIMER0_BRK_UP_TRG_COM_IRQHandler  timer.o
    0x0800142c   0x0800142c   0x00000004   Code   RO          727    i.TIMER13_IRQHandler  gd32f3x0_it.o
    0x08001430   0x08001430   0x00000084   Code   RO         1563    i.TIMER15_IRQHandler  timer.o
    0x080014b4   0x080014b4   0x000000b4   Code   RO          617    i.Tilt              digitizer_comm.o
    0x08001568   0x08001568   0x00000d32   Code   RO         6370    i.Tilt_LIB_B        digitizer_lib_200722.lib(digitizer_lib_200722.o)
    0x0800229a   0x0800229a   0x00000002   PAD
    0x0800229c   0x0800229c   0x0000014c   Code   RO         6372    i.Tilt_smooth       digitizer_lib_200722.lib(digitizer_lib_200722.o)
    0x080023e8   0x080023e8   0x00000060   Code   RO         6037    i.TimerTaskScheduler  taskschedule.o
    0x08002448   0x08002448   0x00000058   Code   RO         1633    i.USART0_IRQHandler  usart.o
    0x080024a0   0x080024a0   0x0000000c   Code   RO          728    i.USBFS_IRQHandler  gd32f3x0_it.o
    0x080024ac   0x080024ac   0x0000003c   Code   RO          729    i.USBFS_WKUP_IRQHandler  gd32f3x0_it.o
    0x080024e8   0x080024e8   0x00000002   Code   RO          730    i.UsageFault_Handler  gd32f3x0_it.o
    0x080024ea   0x080024ea   0x00000002   PAD
    0x080024ec   0x080024ec   0x00000020   Code   RO         1861    i.XOFF_4051_Chip    xy_antana.o
    0x0800250c   0x0800250c   0x00000020   Code   RO         1862    i.YOFF_4051_Chip    xy_antana.o
    0x0800252c   0x0800252c   0x000000b4   Code   RO          172    i.__cmd_android_set  app_usart.o
    0x080025e0   0x080025e0   0x000000a8   Code   RO          173    i.__cmd_led_set     app_usart.o
    0x08002688   0x08002688   0x0000026c   Code   RO          174    i.__dongle_protocolParse  app_usart.o
    0x080028f4   0x080028f4   0x0000000e   Code   RO         6571    i.__scatterload_copy  mc_w.l(handlers.o)
    0x08002902   0x08002902   0x00000002   Code   RO         6572    i.__scatterload_null  mc_w.l(handlers.o)
    0x08002904   0x08002904   0x0000000e   Code   RO         6573    i.__scatterload_zeroinit  mc_w.l(handlers.o)
    0x08002912   0x08002912   0x0000002a   Code   RO         5973    i._serial_int_tx    serial.o
    0x0800293c   0x0800293c   0x00000024   Code   RO         2161    i.adc_calibration_enable  gd32f3x0_adc.o
    0x08002960   0x08002960   0x0000003c   Code   RO         2162    i.adc_channel_length_config  gd32f3x0_adc.o
    0x0800299c   0x0800299c   0x0000004e   Code   RO            3    i.adc_config        adc.o
    0x080029ea   0x080029ea   0x00000002   PAD
    0x080029ec   0x080029ec   0x0000001c   Code   RO         2163    i.adc_data_alignment_config  gd32f3x0_adc.o
    0x08002a08   0x08002a08   0x00000010   Code   RO         2165    i.adc_disable       gd32f3x0_adc.o
    0x08002a18   0x08002a18   0x00000018   Code   RO         2169    i.adc_enable        gd32f3x0_adc.o
    0x08002a30   0x08002a30   0x0000003c   Code   RO         2170    i.adc_external_trigger_config  gd32f3x0_adc.o
    0x08002a6c   0x08002a6c   0x00000028   Code   RO         2171    i.adc_external_trigger_source_config  gd32f3x0_adc.o
    0x08002a94   0x08002a94   0x00000010   Code   RO         2172    i.adc_flag_clear    gd32f3x0_adc.o
    0x08002aa4   0x08002aa4   0x00000014   Code   RO         2173    i.adc_flag_get      gd32f3x0_adc.o
    0x08002ab8   0x08002ab8   0x0000000c   Code   RO            4    i.adc_get_last_value  adc.o
    0x08002ac4   0x08002ac4   0x0000001c   Code   RO            5    i.adc_get_sum       adc.o
    0x08002ae0   0x08002ae0   0x00000078   Code   RO         2184    i.adc_regular_channel_config  gd32f3x0_adc.o
    0x08002b58   0x08002b58   0x00000088   Code   RO            6    i.adc_sampling_start  adc.o
    0x08002be0   0x08002be0   0x00000020   Code   RO         2187    i.adc_software_trigger_enable  gd32f3x0_adc.o
    0x08002c00   0x08002c00   0x0000005c   Code   RO         2188    i.adc_special_function_config  gd32f3x0_adc.o
    0x08002c5c   0x08002c5c   0x000000e0   Code   RO         1863    i.antenna_open      xy_antana.o
    0x08002d3c   0x08002d3c   0x0000001c   Code   RO         5844    i.bit2bitno         drv_pin.o
    0x08002d58   0x08002d58   0x00000030   Code   RO         1383    i.bkp_init          system.o
    0x08002d88   0x08002d88   0x00000070   Code   RO         1896    i.calibration_X     xy_calibration.o
    0x08002df8   0x08002df8   0x00000070   Code   RO         1897    i.calibration_Y     xy_calibration.o
    0x08002e68   0x08002e68   0x00000030   Code   RO          351    i.comm_repeat_report  comm.o
    0x08002e98   0x08002e98   0x00000014   Code   RO          419    i.config_android_direction_set  config.o
    0x08002eac   0x08002eac   0x0000002c   Code   RO          420    i.config_android_handle_get  config.o
    0x08002ed8   0x08002ed8   0x0000002c   Code   RO          421    i.config_android_handle_set  config.o
    0x08002f04   0x08002f04   0x0000000c   Code   RO          422    i.config_android_support_get  config.o
    0x08002f10   0x08002f10   0x00000014   Code   RO          423    i.config_android_support_set  config.o
    0x08002f24   0x08002f24   0x0000000c   Code   RO          424    i.config_channel_get  config.o
    0x08002f30   0x08002f30   0x00000014   Code   RO          425    i.config_channel_set  config.o
    0x08002f44   0x08002f44   0x00000014   Code   RO          426    i.config_dfu_flag_set  config.o
    0x08002f58   0x08002f58   0x0000000c   Code   RO          427    i.config_footled_duty_get  config.o
    0x08002f64   0x08002f64   0x00000020   Code   RO          428    i.config_footled_duty_set  config.o
    0x08002f84   0x08002f84   0x0000000c   Code   RO          429    i.config_get_rotate_mode  config.o
    0x08002f90   0x08002f90   0x00000020   Code   RO          430    i.config_init       config.o
    0x08002fb0   0x08002fb0   0x00000060   Code   RO          433    i.config_load       config.o
    0x08003010   0x08003010   0x00000054   Code   RO          434    i.config_store      config.o
    0x08003064   0x08003064   0x0000000c   Code   RO          435    i.config_track_pad_duty_get  config.o
    0x08003070   0x08003070   0x00000010   Code   RO          436    i.config_track_pad_duty_set  config.o
    0x08003080   0x08003080   0x0000000c   Code   RO          437    i.config_track_pad_mode_get  config.o
    0x0800308c   0x0800308c   0x00000020   Code   RO          438    i.config_track_pad_mode_set  config.o
    0x080030ac   0x080030ac   0x00000030   Code   RO          439    i.config_trackpad_rotate_set  config.o
    0x080030dc   0x080030dc   0x0000001c   Code   RO         5332    i.crc_block_data_calculate  gd32f3x0_crc.o
    0x080030f8   0x080030f8   0x00000010   Code   RO         5334    i.crc_data_register_reset  gd32f3x0_crc.o
    0x08003108   0x08003108   0x00000020   Code   RO         5335    i.crc_deinit        gd32f3x0_crc.o
    0x08003128   0x08003128   0x00000018   Code   RO         5339    i.crc_input_data_reverse_config  gd32f3x0_crc.o
    0x08003140   0x08003140   0x00000078   Code   RO         1796    i.delay_time_set    usb_delay.o
    0x080031b8   0x080031b8   0x00000018   Code   RO         2581    i.dma_channel_disable  gd32f3x0_dma.o
    0x080031d0   0x080031d0   0x00000018   Code   RO         2582    i.dma_channel_enable  gd32f3x0_dma.o
    0x080031e8   0x080031e8   0x00000018   Code   RO         2583    i.dma_circulation_disable  gd32f3x0_dma.o
    0x08003200   0x08003200   0x00000030   Code   RO         2585    i.dma_deinit        gd32f3x0_dma.o
    0x08003230   0x08003230   0x00000078   Code   RO         2588    i.dma_init          gd32f3x0_dma.o
    0x080032a8   0x080032a8   0x00000018   Code   RO         2596    i.dma_memory_to_memory_disable  gd32f3x0_dma.o
    0x080032c0   0x080032c0   0x00000014   Code   RO         2607    i.dma_transfer_number_get  gd32f3x0_dma.o
    0x080032d4   0x080032d4   0x00000068   Code   RO         2762    i.exti_init         gd32f3x0_exti.o
    0x0800333c   0x0800333c   0x00000010   Code   RO         2764    i.exti_interrupt_enable  gd32f3x0_exti.o
    0x0800334c   0x0800334c   0x0000000c   Code   RO         2765    i.exti_interrupt_flag_clear  gd32f3x0_exti.o
    0x08003358   0x08003358   0x00000024   Code   RO         2766    i.exti_interrupt_flag_get  gd32f3x0_exti.o
    0x0800337c   0x0800337c   0x0000000c   Code   RO         2843    i.fmc_flag_clear    gd32f3x0_fmc.o
    0x08003388   0x08003388   0x00000010   Code   RO         2850    i.fmc_lock          gd32f3x0_fmc.o
    0x08003398   0x08003398   0x0000003c   Code   RO         2852    i.fmc_page_erase    gd32f3x0_fmc.o
    0x080033d4   0x080033d4   0x00000016   Code   RO         2853    i.fmc_ready_wait    gd32f3x0_fmc.o
    0x080033ea   0x080033ea   0x00000002   PAD
    0x080033ec   0x080033ec   0x00000028   Code   RO         2854    i.fmc_state_get     gd32f3x0_fmc.o
    0x08003414   0x08003414   0x00000020   Code   RO         2855    i.fmc_unlock        gd32f3x0_fmc.o
    0x08003434   0x08003434   0x00000034   Code   RO         2858    i.fmc_word_program  gd32f3x0_fmc.o
    0x08003468   0x08003468   0x00000080   Code   RO         1634    i.gd32_hw_usart_init  usart.o
    0x080034e8   0x080034e8   0x00000074   Code   RO         5845    i.gd32_pin_attach_irq  drv_pin.o
    0x0800355c   0x0800355c   0x000000c4   Code   RO         5847    i.gd32_pin_irq_enable  drv_pin.o
    0x08003620   0x08003620   0x000000ac   Code   RO         5848    i.gd32_pin_mode     drv_pin.o
    0x080036cc   0x080036cc   0x0000001c   Code   RO         5849    i.gd32_pin_read     drv_pin.o
    0x080036e8   0x080036e8   0x00000026   Code   RO         5850    i.gd32_pin_write    drv_pin.o
    0x0800370e   0x0800370e   0x00000060   Code   RO         1636    i.gd32_usart_configure  usart.o
    0x0800376e   0x0800376e   0x00000048   Code   RO         1637    i.gd32_usart_control  usart.o
    0x080037b6   0x080037b6   0x00000020   Code   RO         1638    i.gd32_usart_getc   usart.o
    0x080037d6   0x080037d6   0x0000001e   Code   RO         1639    i.gd32_usart_putc   usart.o
    0x080037f4   0x080037f4   0x00000010   Code   RO         1641    i.gd32_usart_write  usart.o
    0x08003804   0x08003804   0x00000060   Code   RO         1929    i.gesture_report_click_end  iqs.o
    0x08003864   0x08003864   0x000000d0   Code   RO         1930    i.gesture_report_singleTap  iqs.o
    0x08003934   0x08003934   0x00000048   Code   RO          618    i.get_Xcoordinate   digitizer_comm.o
    0x0800397c   0x0800397c   0x00000048   Code   RO          619    i.get_Ycoordinate   digitizer_comm.o
    0x080039c4   0x080039c4   0x0000001c   Code   RO         5851    i.get_pin           drv_pin.o
    0x080039e0   0x080039e0   0x0000000c   Code   RO         1386    i.get_report_mode   system.o
    0x080039ec   0x080039ec   0x00000064   Code   RO         3102    i.gpio_af_set       gd32f3x0_gpio.o
    0x08003a50   0x08003a50   0x00000004   Code   RO         3103    i.gpio_bit_reset    gd32f3x0_gpio.o
    0x08003a54   0x08003a54   0x00000004   Code   RO         3104    i.gpio_bit_set      gd32f3x0_gpio.o
    0x08003a58   0x08003a58   0x00000058   Code   RO          824    i.gpio_config       gpio.o
    0x08003ab0   0x08003ab0   0x0000000a   Code   RO         3108    i.gpio_input_bit_get  gd32f3x0_gpio.o
    0x08003aba   0x08003aba   0x00000044   Code   RO         3110    i.gpio_mode_set     gd32f3x0_gpio.o
    0x08003afe   0x08003afe   0x00000002   PAD
    0x08003b00   0x08003b00   0x00000070   Code   RO         3112    i.gpio_output_options_set  gd32f3x0_gpio.o
    0x08003b70   0x08003b70   0x000006a0   Code   RO          352    i.hid_report        comm.o
    0x08004210   0x08004210   0x00000014   Code   RO         3206    i.i2c_ack_config    gd32f3x0_i2c.o
    0x08004224   0x08004224   0x00000014   Code   RO         3207    i.i2c_ackpos_config  gd32f3x0_i2c.o
    0x08004238   0x08004238   0x000000fc   Code   RO         3208    i.i2c_clock_config  gd32f3x0_i2c.o
    0x08004334   0x08004334   0x00000006   Code   RO         3209    i.i2c_data_receive  gd32f3x0_i2c.o
    0x0800433a   0x0800433a   0x00000004   Code   RO         3210    i.i2c_data_transmit  gd32f3x0_i2c.o
    0x0800433e   0x0800433e   0x00000002   PAD
    0x08004340   0x08004340   0x00000030   Code   RO         3211    i.i2c_deinit        gd32f3x0_i2c.o
    0x08004370   0x08004370   0x0000000c   Code   RO         3216    i.i2c_dualaddr_enable  gd32f3x0_i2c.o
    0x0800437c   0x0800437c   0x0000000a   Code   RO         3217    i.i2c_enable        gd32f3x0_i2c.o
    0x08004386   0x08004386   0x00000022   Code   RO         3218    i.i2c_flag_clear    gd32f3x0_i2c.o
    0x080043a8   0x080043a8   0x00000016   Code   RO         3219    i.i2c_flag_get      gd32f3x0_i2c.o
    0x080043be   0x080043be   0x00000012   Code   RO         3224    i.i2c_master_addressing  gd32f3x0_i2c.o
    0x080043d0   0x080043d0   0x00000016   Code   RO         3225    i.i2c_mode_addr_config  gd32f3x0_i2c.o
    0x080043e6   0x080043e6   0x0000000a   Code   RO         3234    i.i2c_start_on_bus  gd32f3x0_i2c.o
    0x080043f0   0x080043f0   0x0000000a   Code   RO         3235    i.i2c_stop_on_bus   gd32f3x0_i2c.o
    0x080043fa   0x080043fa   0x00000002   PAD
    0x080043fc   0x080043fc   0x0000001c   Code   RO         1931    i.iqs572_setup      iqs.o
    0x08004418   0x08004418   0x00000008   Code   RO         1933    i.iqs5xx_buffer_read  iqs.o
    0x08004420   0x08004420   0x00000008   Code   RO         1934    i.iqs5xx_buffer_write  iqs.o
    0x08004428   0x08004428   0x00000014   Code   RO         1935    i.iqs5xx_clear_status  iqs.o
    0x0800443c   0x0800443c   0x00000010   Code   RO         1936    i.iqs5xx_comm_end   iqs.o
    0x0800444c   0x0800444c   0x0000011c   Code   RO         1937    i.iqs5xx_events_process  iqs.o
    0x08004568   0x08004568   0x00000026   Code   RO         1938    i.iqs5xx_gesture_config  iqs.o
    0x0800458e   0x0800458e   0x00000002   PAD
    0x08004590   0x08004590   0x0000019c   Code   RO         1939    i.iqs5xx_track_mode_pro  iqs.o
    0x0800472c   0x0800472c   0x0000000c   Code   RO         1940    i.iqs5xx_track_mode_start  iqs.o
    0x08004738   0x08004738   0x00000128   Code   RO         1941    i.iqs624_setup      iqs.o
    0x08004860   0x08004860   0x00000008   Code   RO         1942    i.iqs6xx_buffer_read  iqs.o
    0x08004868   0x08004868   0x00000008   Code   RO         1943    i.iqs6xx_buffer_write  iqs.o
    0x08004870   0x08004870   0x00000058   Code   RO         1944    i.iqs6xx_events_process  iqs.o
    0x080048c8   0x080048c8   0x00000016   Code   RO         1945    i.iqs_init          iqs.o
    0x080048de   0x080048de   0x0000001e   Code   RO         1946    i.iqs_interrupt_config  iqs.o
    0x080048fc   0x080048fc   0x0000004c   Code   RO         1947    i.iqs_loop          iqs.o
    0x08004948   0x08004948   0x00000014   Code   RO         1002    i.key_init          key.o
    0x0800495c   0x0800495c   0x00000028   Code   RO         1003    i.key_longPressReset  key.o
    0x08004984   0x08004984   0x0000014c   Code   RO         1004    i.key_report        key.o
    0x08004ad0   0x08004ad0   0x00000150   Code   RO         1005    i.key_scan          key.o
    0x08004c20   0x08004c20   0x0000000c   Code   RO         1006    i.key_status_read   key.o
    0x08004c2c   0x08004c2c   0x00000010   Code   RO         1050    i.led_flash_monitor  led.o
    0x08004c3c   0x08004c3c   0x0000001a   Code   RO         1051    i.led_foot_duty_set  led.o
    0x08004c56   0x08004c56   0x00000002   PAD
    0x08004c58   0x08004c58   0x0000000c   Code   RO         1053    i.led_init          led.o
    0x08004c64   0x08004c64   0x0000007a   Code   RO         1054    i.led_manage        led.o
    0x08004cde   0x08004cde   0x00000002   PAD
    0x08004ce0   0x08004ce0   0x00000018   Code   RO         1055    i.led_mode_config   led.o
    0x08004cf8   0x08004cf8   0x00000014   Code   RO         1056    i.led_off           led.o
    0x08004d0c   0x08004d0c   0x00000022   Code   RO         1117    i.main              main.o
    0x08004d2e   0x08004d2e   0x00000016   Code   RO         3406    i.nvic_irq_disable  gd32f3x0_misc.o
    0x08004d44   0x08004d44   0x00000088   Code   RO         3407    i.nvic_irq_enable   gd32f3x0_misc.o
    0x08004dcc   0x08004dcc   0x00000014   Code   RO         3408    i.nvic_priority_group_set  gd32f3x0_misc.o
    0x08004de0   0x08004de0   0x0000012c   Code   RO         1143    i.pen_key_status_update  pressure.o
    0x08004f0c   0x08004f0c   0x00000036   Code   RO         1388    i.peripheral_init   system.o
    0x08004f42   0x08004f42   0x00000008   Code   RO         5852    i.pin_af_init       drv_pin.o
    0x08004f4a   0x08004f4a   0x00000006   Code   RO         5853    i.pin_in_init       drv_pin.o
    0x08004f50   0x08004f50   0x00000034   Code   RO         5854    i.pin_irq_hdr       drv_pin.o
    0x08004f84   0x08004f84   0x0000002e   Code   RO         5855    i.pin_irq_install   drv_pin.o
    0x08004fb2   0x08004fb2   0x00000006   Code   RO         5856    i.pin_out_init      drv_pin.o
    0x08004fb8   0x08004fb8   0x00000006   Code   RO         5857    i.pin_out_off       drv_pin.o
    0x08004fbe   0x08004fbe   0x00000006   Code   RO         5858    i.pin_out_on        drv_pin.o
    0x08004fc4   0x08004fc4   0x0000001a   Code   RO         5859    i.pin_out_set       drv_pin.o
    0x08004fde   0x08004fde   0x00000004   Code   RO         5860    i.pin_read          drv_pin.o
    0x08004fe2   0x08004fe2   0x00000002   PAD
    0x08004fe4   0x08004fe4   0x00000010   Code   RO         3463    i.pmu_backup_write_enable  gd32f3x0_pmu.o
    0x08004ff4   0x08004ff4   0x00000094   Code   RO         3477    i.pmu_to_deepsleepmode  gd32f3x0_pmu.o
    0x08005088   0x08005088   0x000000a4   Code   RO         1268    i.pre_scan_x_recv   scan.o
    0x0800512c   0x0800512c   0x00000098   Code   RO         1269    i.pre_scan_y_recv   scan.o
    0x080051c4   0x080051c4   0x000001b4   Code   RO         1144    i.pressure_calculate  pressure.o
    0x08005378   0x08005378   0x00000068   Code   RO         1145    i.pressure_freq_calculate  pressure.o
    0x080053e0   0x080053e0   0x0000008c   Code   RO         1146    i.pressure_gamma_calibration  pressure.o
    0x0800546c   0x0800546c   0x00000048   Code   RO         1147    i.pressure_smooth   pressure.o
    0x080054b4   0x080054b4   0x000000a4   Code   RO          440    i.product_info_calibration  config.o
    0x08005558   0x08005558   0x0000001a   Code   RO         1389    i.prvSetupHardware  system.o
    0x08005572   0x08005572   0x00000002   PAD
    0x08005574   0x08005574   0x0000000c   Code   RO         1197    i.pwm_period_idx_get_by_pre_idx  pwm.o
    0x08005580   0x08005580   0x00000054   Code   RO         1199    i.pwm_period_set_by_idx  pwm.o
    0x080055d4   0x080055d4   0x00000054   Code   RO         1200    i.pwm_period_set_by_pre_idx  pwm.o
    0x08005628   0x08005628   0x00000036   Code   RO         1235    i.queue_de          queue.o
    0x0800565e   0x0800565e   0x0000003c   Code   RO         1236    i.queue_en          queue.o
    0x0800569a   0x0800569a   0x0000000e   Code   RO         1237    i.queue_init        queue.o
    0x080056a8   0x080056a8   0x00000090   Code   RO         3597    i.rcu_adc_clock_config  gd32f3x0_rcu.o
    0x08005738   0x08005738   0x00000014   Code   RO         3605    i.rcu_ck48m_clock_config  gd32f3x0_rcu.o
    0x0800574c   0x0800574c   0x000001cc   Code   RO         3607    i.rcu_clock_freq_get  gd32f3x0_rcu.o
    0x08005918   0x08005918   0x0000001c   Code   RO         3627    i.rcu_periph_clock_enable  gd32f3x0_rcu.o
    0x08005934   0x08005934   0x0000001c   Code   RO         3630    i.rcu_periph_reset_disable  gd32f3x0_rcu.o
    0x08005950   0x08005950   0x0000001c   Code   RO         3631    i.rcu_periph_reset_enable  gd32f3x0_rcu.o
    0x0800596c   0x0800596c   0x0000002c   Code   RO         3638    i.rcu_usbfs_clock_config  gd32f3x0_rcu.o
    0x08005998   0x08005998   0x0000000c   Code   RO         1270    i.read_hand_pencil_status  scan.o
    0x080059a4   0x080059a4   0x00000054   Code   RO         1271    i.scan_calculate    scan.o
    0x080059f8   0x080059f8   0x00000024   Code   RO         1272    i.scan_chrg         scan.o
    0x08005a1c   0x08005a1c   0x00000040   Code   RO         1273    i.scan_delay_adjust  scan.o
    0x08005a5c   0x08005a5c   0x00000040   Code   RO         1274    i.scan_main_calculate  scan.o
    0x08005a9c   0x08005a9c   0x000000f8   Code   RO         1276    i.scan_pressure_recv  scan.o
    0x08005b94   0x08005b94   0x0000002c   Code   RO         1277    i.scan_recv         scan.o
    0x08005bc0   0x08005bc0   0x0000005c   Code   RO         1278    i.scan_reset        scan.o
    0x08005c1c   0x08005c1c   0x0000004c   Code   RO         1279    i.scan_start        scan.o
    0x08005c68   0x08005c68   0x000000f8   Code   RO         1280    i.scan_x_recv       scan.o
    0x08005d60   0x08005d60   0x000000e4   Code   RO         1281    i.scan_y_recv       scan.o
    0x08005e44   0x08005e44   0x0000000c   Code   RO         1282    i.set_hand_pencil_status  scan.o
    0x08005e50   0x08005e50   0x0000000c   Code   RO         1390    i.set_report_mode   system.o
    0x08005e5c   0x08005e5c   0x00000040   Code   RO         1391    i.sleep_int_install  system.o
    0x08005e9c   0x08005e9c   0x0000002c   Code   RO         1392    i.sleep_int_uninstall  system.o
    0x08005ec8   0x08005ec8   0x00000028   Code   RO          441    i.soft_reset        config.o
    0x08005ef0   0x08005ef0   0x0000005c   Code   RO         4074    i.syscfg_exti_line_config  gd32f3x0_syscfg.o
    0x08005f4c   0x08005f4c   0x00000174   Code   RO         1393    i.system_1s_task    system.o
    0x080060c0   0x080060c0   0x0000000c   Code   RO         1394    i.system_clear_sleep_count  system.o
    0x080060cc   0x080060cc   0x0000006c   Code   RO         2126    i.system_clock_72m_hxtal  system_gd32f3x0.o
    0x08006138   0x08006138   0x0000002c   Code   RO         1395    i.system_config_after_wakeup  system.o
    0x08006164   0x08006164   0x00000048   Code   RO         1396    i.system_config_before_sleep  system.o
    0x080061ac   0x080061ac   0x0000001e   Code   RO         1399    i.system_halt       system.o
    0x080061ca   0x080061ca   0x00000002   PAD
    0x080061cc   0x080061cc   0x00000064   Code   RO         1400    i.system_init       system.o
    0x08006230   0x08006230   0x00000034   Code   RO         1401    i.system_judge_curr_mode  system.o
    0x08006264   0x08006264   0x00000034   Code   RO         1526    i.systick_config    systick.o
    0x08006298   0x08006298   0x000000b0   Code   RO         1564    i.timer0_init       timer.o
    0x08006348   0x08006348   0x00000038   Code   RO         1797    i.timer13_delay_irq  usb_delay.o
    0x08006380   0x08006380   0x00000058   Code   RO         1565    i.timer14_init      timer.o
    0x080063d8   0x080063d8   0x0000005c   Code   RO         1566    i.timer15_init      timer.o
    0x08006434   0x08006434   0x0000000a   Code   RO         4149    i.timer_auto_reload_shadow_disable  gd32f3x0_timer.o
    0x0800643e   0x0800643e   0x0000000a   Code   RO         4150    i.timer_auto_reload_shadow_enable  gd32f3x0_timer.o
    0x08006448   0x08006448   0x00000004   Code   RO         4153    i.timer_autoreload_value_config  gd32f3x0_timer.o
    0x0800644c   0x0800644c   0x000001ec   Code   RO         4167    i.timer_channel_output_config  gd32f3x0_timer.o
    0x08006638   0x08006638   0x0000004e   Code   RO         4169    i.timer_channel_output_mode_config  gd32f3x0_timer.o
    0x08006686   0x08006686   0x0000001e   Code   RO         4171    i.timer_channel_output_pulse_value_config  gd32f3x0_timer.o
    0x080066a4   0x080066a4   0x0000004e   Code   RO         4172    i.timer_channel_output_shadow_config  gd32f3x0_timer.o
    0x080066f2   0x080066f2   0x00000012   Code   RO         1569    i.timer_config      timer.o
    0x08006704   0x08006704   0x00000080   Code   RO         4181    i.timer_deinit      gd32f3x0_timer.o
    0x08006784   0x08006784   0x0000000a   Code   RO         4182    i.timer_disable     gd32f3x0_timer.o
    0x0800678e   0x0800678e   0x0000000a   Code   RO         4186    i.timer_enable      gd32f3x0_timer.o
    0x08006798   0x08006798   0x00000008   Code   RO         4187    i.timer_event_software_generate  gd32f3x0_timer.o
    0x080067a0   0x080067a0   0x00000006   Code   RO         4193    i.timer_flag_clear  gd32f3x0_timer.o
    0x080067a6   0x080067a6   0x0000000a   Code   RO         4194    i.timer_flag_get    gd32f3x0_timer.o
    0x080067b0   0x080067b0   0x000000a0   Code   RO         4196    i.timer_init        gd32f3x0_timer.o
    0x08006850   0x08006850   0x00000008   Code   RO         4203    i.timer_interrupt_enable  gd32f3x0_timer.o
    0x08006858   0x08006858   0x00000014   Code   RO         4212    i.timer_primary_output_config  gd32f3x0_timer.o
    0x0800686c   0x0800686c   0x00000018   Code   RO         4215    i.timer_single_pulse_mode_config  gd32f3x0_timer.o
    0x08006884   0x08006884   0x0000000a   Code   RO         4219    i.timer_update_event_enable  gd32f3x0_timer.o
    0x0800688e   0x0800688e   0x00000018   Code   RO         4220    i.timer_update_source_config  gd32f3x0_timer.o
    0x080068a6   0x080068a6   0x000000f8   Code   RO         1948    i.trackpad_data_report  iqs.o
    0x0800699e   0x0800699e   0x0000001e   Code   RO          443    i.u16saveu32        config.o
    0x080069bc   0x080069bc   0x0000000c   Code   RO         5803    i.ug_tick_get       clock.o
    0x080069c8   0x080069c8   0x00000010   Code   RO         5804    i.ug_tick_increase  clock.o
    0x080069d8   0x080069d8   0x00000028   Code   RO         1570    i.ugee_adc_delay    timer.o
    0x08006a00   0x08006a00   0x000001d4   Code   RO         2077    i.ugee_i2c_buffer_read  ugee_i2c.o
    0x08006bd4   0x08006bd4   0x00000204   Code   RO         2078    i.ugee_i2c_buffer_read_iqs572  ugee_i2c.o
    0x08006dd8   0x08006dd8   0x0000010c   Code   RO         2079    i.ugee_i2c_buffer_write  ugee_i2c.o
    0x08006ee4   0x08006ee4   0x00000140   Code   RO         2080    i.ugee_i2c_buffer_write_iqs572  ugee_i2c.o
    0x08007024   0x08007024   0x000000a0   Code   RO         2081    i.ugee_i2c_config   ugee_i2c.o
    0x080070c4   0x080070c4   0x0000005c   Code   RO         4605    i.usart_baudrate_set  gd32f3x0_usart.o
    0x08007120   0x08007120   0x00000080   Code   RO          177    i.usart_ble_led_light_get_response  app_usart.o
    0x080071a0   0x080071a0   0x00000018   Code   RO          178    i.usart_ble_led_light_set_response  app_usart.o
    0x080071b8   0x080071b8   0x00000088   Code   RO          179    i.usart_data_analyze  app_usart.o
    0x08007240   0x08007240   0x0000001c   Code   RO         4610    i.usart_data_first_config  gd32f3x0_usart.o
    0x0800725c   0x0800725c   0x00000030   Code   RO         4613    i.usart_deinit      gd32f3x0_usart.o
    0x0800728c   0x0800728c   0x00000010   Code   RO         4616    i.usart_dma_receive_config  gd32f3x0_usart.o
    0x0800729c   0x0800729c   0x00000068   Code   RO          181    i.usart_dongle_parse  app_usart.o
    0x08007304   0x08007304   0x0000000a   Code   RO         4620    i.usart_enable      gd32f3x0_usart.o
    0x0800730e   0x0800730e   0x00000016   Code   RO         4622    i.usart_flag_get    gd32f3x0_usart.o
    0x08007324   0x08007324   0x00000090   Code   RO          182    i.usart_get_batt_value  app_usart.o
    0x080073b4   0x080073b4   0x0000001c   Code   RO          183    i.usart_get_ble_firmwareVer  app_usart.o
    0x080073d0   0x080073d0   0x0000004c   Code   RO          184    i.usart_get_ble_mac  app_usart.o
    0x0800741c   0x0800741c   0x00000010   Code   RO          185    i.usart_get_ble_matches  app_usart.o
    0x0800742c   0x0800742c   0x00000038   Code   RO          186    i.usart_get_ble_status  app_usart.o
    0x08007464   0x08007464   0x00000048   Code   RO          187    i.usart_get_chrgSta  app_usart.o
    0x080074ac   0x080074ac   0x00000074   Code   RO          188    i.usart_get_devInfo  app_usart.o
    0x08007520   0x08007520   0x0000005c   Code   RO          189    i.usart_get_devName  app_usart.o
    0x0800757c   0x0800757c   0x00000054   Code   RO          190    i.usart_get_handPad_firmwareVer  app_usart.o
    0x080075d0   0x080075d0   0x00000044   Code   RO          191    i.usart_get_issue_mac  app_usart.o
    0x08007614   0x08007614   0x00000014   Code   RO         4628    i.usart_interrupt_disable  gd32f3x0_usart.o
    0x08007628   0x08007628   0x00000014   Code   RO         4629    i.usart_interrupt_enable  gd32f3x0_usart.o
    0x0800763c   0x0800763c   0x00000028   Code   RO         4630    i.usart_interrupt_flag_clear  gd32f3x0_usart.o
    0x08007664   0x08007664   0x0000002e   Code   RO         4631    i.usart_interrupt_flag_get  gd32f3x0_usart.o
    0x08007692   0x08007692   0x0000005a   Code   RO         4632    i.usart_invert_config  gd32f3x0_usart.o
    0x080076ec   0x080076ec   0x00000012   Code   RO         4643    i.usart_overrun_enable  gd32f3x0_usart.o
    0x080076fe   0x080076fe   0x00000018   Code   RO         4645    i.usart_parity_config  gd32f3x0_usart.o
    0x08007716   0x08007716   0x00000010   Code   RO         4647    i.usart_receive_config  gd32f3x0_usart.o
    0x08007726   0x08007726   0x00000002   PAD
    0x08007728   0x08007728   0x00000064   Code   RO         1643    i.usart_receive_dma  usart.o
    0x0800778c   0x0800778c   0x00000018   Code   RO         4666    i.usart_stop_bit_set  gd32f3x0_usart.o
    0x080077a4   0x080077a4   0x00000010   Code   RO         4668    i.usart_transmit_config  gd32f3x0_usart.o
    0x080077b4   0x080077b4   0x00000018   Code   RO         4672    i.usart_word_length_set  gd32f3x0_usart.o
    0x080077cc   0x080077cc   0x00000078   Code   RO         1727    i.usb_clock_config  usb.o
    0x08007844   0x08007844   0x0000002c   Code   RO         5431    i.usb_clock_ungate  usb_core.o
    0x08007870   0x08007870   0x00000084   Code   RO         1728    i.usb_cmd_android_set  usb.o
    0x080078f4   0x080078f4   0x000000e8   Code   RO         1729    i.usb_cmd_led_set   usb.o
    0x080079dc   0x080079dc   0x00000020   Code   RO         1730    i.usb_config        usb.o
    0x080079fc   0x080079fc   0x00000060   Code   RO         5432    i.usb_core_init     usb_core.o
    0x08007a5c   0x08007a5c   0x00000026   Code   RO         5433    i.usb_core_select   usb_core.o
    0x08007a82   0x08007a82   0x00000002   PAD
    0x08007a84   0x08007a84   0x00000024   Code   RO         1798    i.usb_delay_ms      usb_delay.o
    0x08007aa8   0x08007aa8   0x00000024   Code   RO         1799    i.usb_delay_us      usb_delay.o
    0x08007acc   0x08007acc   0x00000148   Code   RO         5434    i.usb_devcore_init  usb_core.o
    0x08007c14   0x08007c14   0x00000014   Code   RO         5436    i.usb_ep0_startout  usb_core.o
    0x08007c28   0x08007c28   0x00000020   Code   RO         5437    i.usb_fifo_read     usb_core.o
    0x08007c48   0x08007c48   0x00000024   Code   RO         5438    i.usb_fifo_write    usb_core.o
    0x08007c6c   0x08007c6c   0x0000003c   Code   RO         1731    i.usb_interrupt_config  usb.o
    0x08007ca8   0x08007ca8   0x0000003c   Code   RO         5439    i.usb_mode_set      usb_core.o
    0x08007ce4   0x08007ce4   0x000000fc   Code   RO         1732    i.usb_protocolParse  usb.o
    0x08007de0   0x08007de0   0x00000204   Code   RO         1733    i.usb_rx_proc       usb.o
    0x08007fe4   0x08007fe4   0x0000002c   Code   RO         5441    i.usb_rxfifo_flush  usb_core.o
    0x08008010   0x08008010   0x0000000a   Code   RO         1800    i.usb_timer_nvic_init  usb_delay.o
    0x0800801a   0x0800801a   0x00000002   PAD
    0x0800801c   0x0800801c   0x00000034   Code   RO         1734    i.usb_tx            usb.o
    0x08008050   0x08008050   0x00000038   Code   RO         5442    i.usb_txfifo_flush  usb_core.o
    0x08008088   0x08008088   0x00000092   Code   RO         5673    i.usbd_clrfeature   usbd_std.o
    0x0800811a   0x0800811a   0x0000000e   Code   RO         5674    i.usbd_configuration_descriptor_get  usbd_std.o
    0x08008128   0x08008128   0x0000001e   Code   RO         5520    i.usbd_ctlstatus_rx  usbd_core.o
    0x08008146   0x08008146   0x0000001e   Code   RO         5521    i.usbd_ctlstatus_tx  usbd_core.o
    0x08008164   0x08008164   0x0000001a   Code   RO         5522    i.usbd_ctltx        usbd_core.o
    0x0800817e   0x0800817e   0x0000000c   Code   RO         5675    i.usbd_device_descriptor_get  usbd_std.o
    0x0800818a   0x0800818a   0x00000002   PAD
    0x0800818c   0x0800818c   0x00000080   Code   RO         5614    i.usbd_emptytxfifo_write  usbd_int.o
    0x0800820c   0x0800820c   0x0000001c   Code   RO         5676    i.usbd_enum_error   usbd_std.o
    0x08008228   0x08008228   0x0000006a   Code   RO         5523    i.usbd_ep_clear_stall  usbd_core.o
    0x08008292   0x08008292   0x00000002   PAD
    0x08008294   0x08008294   0x00000048   Code   RO         5524    i.usbd_ep_deinit    usbd_core.o
    0x080082dc   0x080082dc   0x00000090   Code   RO         5526    i.usbd_ep_init      usbd_core.o
    0x0800836c   0x0800836c   0x00000084   Code   RO         5527    i.usbd_ep_rx        usbd_core.o
    0x080083f0   0x080083f0   0x00000040   Code   RO         5528    i.usbd_ep_stall     usbd_core.o
    0x08008430   0x08008430   0x000000d8   Code   RO         5529    i.usbd_ep_tx        usbd_core.o
    0x08008508   0x08008508   0x00000028   Code   RO         5677    i.usbd_getconfig    usbd_std.o
    0x08008530   0x08008530   0x00000290   Code   RO         5678    i.usbd_getdescriptor  usbd_std.o
    0x080087c0   0x080087c0   0x00000006   Code   RO         5679    i.usbd_getinterface  usbd_std.o
    0x080087c6   0x080087c6   0x00000002   PAD
    0x080087c8   0x080087c8   0x0000007c   Code   RO         5680    i.usbd_getstatus    usbd_std.o
    0x08008844   0x08008844   0x000000fc   Code   RO          867    i.usbd_hid_classreq_handle  hid_core.o
    0x08008940   0x08008940   0x0000003c   Code   RO          868    i.usbd_hid_data_handler  hid_core.o
    0x0800897c   0x0800897c   0x00000026   Code   RO          869    i.usbd_hid_deinit   hid_core.o
    0x080089a2   0x080089a2   0x00000002   PAD
    0x080089a4   0x080089a4   0x00000040   Code   RO          870    i.usbd_hid_init     hid_core.o
    0x080089e4   0x080089e4   0x00000054   Code   RO          871    i.usbd_hid_report_send  hid_core.o
    0x08008a38   0x08008a38   0x0000008e   Code   RO         5681    i.usbd_in_transaction  usbd_std.o
    0x08008ac6   0x08008ac6   0x00000002   PAD
    0x08008ac8   0x08008ac8   0x00000060   Code   RO         5530    i.usbd_init         usbd_core.o
    0x08008b28   0x08008b28   0x00000080   Code   RO         5615    i.usbd_intf_enumfinish  usbd_int.o
    0x08008ba8   0x08008ba8   0x000000ac   Code   RO         5616    i.usbd_intf_inep    usbd_int.o
    0x08008c54   0x08008c54   0x00000084   Code   RO         5617    i.usbd_intf_outep   usbd_int.o
    0x08008cd8   0x08008cd8   0x00000108   Code   RO         5618    i.usbd_intf_reset   usbd_int.o
    0x08008de0   0x08008de0   0x000000a8   Code   RO         5619    i.usbd_intf_rxfifo  usbd_int.o
    0x08008e88   0x08008e88   0x0000013c   Code   RO         5620    i.usbd_isr          usbd_int.o
    0x08008fc4   0x08008fc4   0x00000062   Code   RO         5682    i.usbd_out_transaction  usbd_std.o
    0x08009026   0x08009026   0x00000002   Code   RO         5683    i.usbd_reserved     usbd_std.o
    0x08009028   0x08009028   0x00000044   Code   RO         5684    i.usbd_setaddress   usbd_std.o
    0x0800906c   0x0800906c   0x00000068   Code   RO         5685    i.usbd_setconfig    usbd_std.o
    0x080090d4   0x080090d4   0x00000002   Code   RO         5686    i.usbd_setdescriptor  usbd_std.o
    0x080090d6   0x080090d6   0x00000002   PAD
    0x080090d8   0x080090d8   0x00000094   Code   RO         5687    i.usbd_setfeature   usbd_std.o
    0x0800916c   0x0800916c   0x00000006   Code   RO         5688    i.usbd_setinterface  usbd_std.o
    0x08009172   0x08009172   0x00000002   PAD
    0x08009174   0x08009174   0x0000009c   Code   RO         5689    i.usbd_setup_transaction  usbd_std.o
    0x08009210   0x08009210   0x0000000e   Code   RO         5690    i.usbd_string_descriptor_get  usbd_std.o
    0x0800921e   0x0800921e   0x00000002   Code   RO         5691    i.usbd_synchframe   usbd_std.o
    0x08009220   0x08009220   0x00000002   Code   RO         1402    i.wakeup_hdr        system.o
    0x08009222   0x08009222   0x00000002   PAD
    0x08009224   0x08009224   0x0000016c   Code   RO         1949    i.wheel_data_report  iqs.o
    0x08009390   0x08009390   0x00000070   Data   RO          193    .constdata          app_usart.o
    0x08009400   0x08009400   0x00000014   Data   RO          445    .constdata          config.o
    0x08009414   0x08009414   0x00000020   Data   RO          826    .constdata          gpio.o
    0x08009434   0x08009434   0x00000018   Data   RO          827    .constdata          gpio.o
    0x0800944c   0x0800944c   0x00000040   Data   RO          828    .constdata          gpio.o
    0x0800948c   0x0800948c   0x00000048   Data   RO          829    .constdata          gpio.o
    0x080094d4   0x080094d4   0x000000e8   Data   RO          830    .constdata          gpio.o
    0x080095bc   0x080095bc   0x00000228   Data   RO          831    .constdata          gpio.o
    0x080097e4   0x080097e4   0x00000004   Data   RO          930    .constdata          hid_descriptor.o
    0x080097e8   0x080097e8   0x00000012   Data   RO          931    .constdata          hid_descriptor.o
    0x080097fa   0x080097fa   0x00000018   Data   RO          932    .constdata          hid_descriptor.o
    0x08009812   0x08009812   0x0000000e   Data   RO          933    .constdata          hid_descriptor.o
    0x08009820   0x08009820   0x0000001e   Data   RO          934    .constdata          hid_descriptor.o
    0x0800983e   0x0800983e   0x0000002c   Data   RO          935    .constdata          hid_descriptor.o
    0x0800986a   0x0800986a   0x0000001a   Data   RO          936    .constdata          hid_descriptor.o
    0x08009884   0x08009884   0x0000001c   Data   RO          937    .constdata          hid_descriptor.o
    0x080098a0   0x080098a0   0x0000001c   Data   RO          938    .constdata          hid_descriptor.o
    0x080098bc   0x080098bc   0x0000001c   Data   RO          939    .constdata          hid_descriptor.o
    0x080098d8   0x080098d8   0x00000014   Data   RO          940    .constdata          hid_descriptor.o
    0x080098ec   0x080098ec   0x00000026   Data   RO          941    .constdata          hid_descriptor.o
    0x08009912   0x08009912   0x00000018   Data   RO          942    .constdata          hid_descriptor.o
    0x0800992a   0x0800992a   0x00000018   Data   RO          943    .constdata          hid_descriptor.o
    0x08009942   0x08009942   0x00000018   Data   RO          944    .constdata          hid_descriptor.o
    0x0800995a   0x0800995a   0x00000018   Data   RO          945    .constdata          hid_descriptor.o
    0x08009972   0x08009972   0x00000004   Data   RO          946    .constdata          hid_descriptor.o
    0x08009976   0x08009976   0x00000004   Data   RO          947    .constdata          hid_descriptor.o
    0x0800997a   0x0800997a   0x00000020   Data   RO          948    .constdata          hid_descriptor.o
    0x0800999a   0x0800999a   0x0000000e   Data   RO          949    .constdata          hid_descriptor.o
    0x080099a8   0x080099a8   0x00000004   Data   RO          950    .constdata          hid_descriptor.o
    0x080099ac   0x080099ac   0x0000002c   Data   RO          951    .constdata          hid_descriptor.o
    0x080099d8   0x080099d8   0x00000006   Data   RO          952    .constdata          hid_descriptor.o
    0x080099de   0x080099de   0x00000004   Data   RO          953    .constdata          hid_descriptor.o
    0x080099e2   0x080099e2   0x0000000a   Data   RO          954    .constdata          hid_descriptor.o
    0x080099ec   0x080099ec   0x00000006   Data   RO          955    .constdata          hid_descriptor.o
    0x080099f2   0x080099f2   0x00000010   Data   RO          956    .constdata          hid_descriptor.o
    0x08009a02   0x08009a02   0x00000008   Data   RO          957    .constdata          hid_descriptor.o
    0x08009a0a   0x08009a0a   0x0000000c   Data   RO          958    .constdata          hid_descriptor.o
    0x08009a16   0x08009a16   0x0000000e   Data   RO          959    .constdata          hid_descriptor.o
    0x08009a24   0x08009a24   0x00000006   Data   RO          960    .constdata          hid_descriptor.o
    0x08009a2a   0x08009a2a   0x00000012   Data   RO          961    .constdata          hid_descriptor.o
    0x08009a3c   0x08009a3c   0x000000b1   Data   RO          968    .constdata          hid_descriptor.o
    0x08009aed   0x08009aed   0x0000006d   Data   RO          969    .constdata          hid_descriptor.o
    0x08009b5a   0x08009b5a   0x00000024   Data   RO          970    .constdata          hid_descriptor.o
    0x08009b7e   0x08009b7e   0x00000010   Data   RO         1008    .constdata          key.o
    0x08009b8e   0x08009b8e   0x00000002   PAD
    0x08009b90   0x08009b90   0x00000388   Data   RO         1148    .constdata          pressure.o
    0x08009f18   0x08009f18   0x0000003b   Data   RO         1201    .constdata          pwm.o
    0x08009f53   0x08009f53   0x00000001   PAD
    0x08009f54   0x08009f54   0x00000014   Data   RO         1647    .constdata          usart.o
    0x08009f68   0x08009f68   0x000003c4   Data   RO         1898    .constdata          xy_calibration.o
    0x0800a32c   0x0800a32c   0x00000004   Data   RO         5621    .constdata          usbd_int.o
    0x0800a330   0x0800a330   0x000005d4   Data   RO         5861    .constdata          drv_pin.o
    0x0800a904   0x0800a904   0x00000020   Data   RO         6569    Region$$Table       anon$$obj.o


    Execution Region RW_IRAM1 (Exec base: 0x20000000, Load base: 0x0800a924, Size: 0x00000f28, Max: 0x00004000, ABSOLUTE, COMPRESSED[0x000001ac])

    Exec Addr    Load Addr    Size         Type   Attr      Idx    E Section Name        Object

    0x20000000   COMPRESSED   0x00000004   Data   RW            8    .data               adc.o
    0x20000004   COMPRESSED   0x00000001   Data   RW          354    .data               comm.o
    0x20000005   COMPRESSED   0x00000003   PAD
    0x20000008   COMPRESSED   0x00000004   Data   RW          446    .data               config.o
    0x2000000c   COMPRESSED   0x0000001c   Data   RW          620    .data               digitizer_comm.o
    0x20000028   COMPRESSED   0x0000000c   Data   RW          872    .data               hid_core.o
    0x20000034   COMPRESSED   0x00000004   Data   RW          873    .data               hid_core.o
    0x20000038   COMPRESSED   0x00000012   Data   RW          971    .data               hid_descriptor.o
    0x2000004a   COMPRESSED   0x0000005b   Data   RW          972    .data               hid_descriptor.o
    0x200000a5   COMPRESSED   0x00000008   Data   RW          973    .data               hid_descriptor.o
    0x200000ad   COMPRESSED   0x0000000c   Data   RW          974    .data               hid_descriptor.o
    0x200000b9   COMPRESSED   0x00000004   Data   RW          975    .data               hid_descriptor.o
    0x200000bd   COMPRESSED   0x00000003   PAD
    0x200000c0   COMPRESSED   0x0000008c   Data   RW          976    .data               hid_descriptor.o
    0x2000014c   COMPRESSED   0x00000014   Data   RW         1009    .data               key.o
    0x20000160   COMPRESSED   0x00000006   Data   RW         1058    .data               led.o
    0x20000166   COMPRESSED   0x00000002   PAD
    0x20000168   COMPRESSED   0x00000028   Data   RW         1149    .data               pressure.o
    0x20000190   COMPRESSED   0x00000018   Data   RW         1284    .data               scan.o
    0x200001a8   COMPRESSED   0x00000008   Data   RW         1404    .data               system.o
    0x200001b0   COMPRESSED   0x0000001c   Data   RW         1648    .data               usart.o
    0x200001cc   COMPRESSED   0x00000018   Data   RW         1649    .data               usart.o
    0x200001e4   COMPRESSED   0x0000012c   Data   RW         1736    .data               usb.o
    0x20000310   COMPRESSED   0x00000004   Data   RW         1801    .data               usb_delay.o
    0x20000314   COMPRESSED   0x0000000c   Data   RW         1951    .data               iqs.o
    0x20000320   COMPRESSED   0x00000002   Data   RW         2082    .data               ugee_i2c.o
    0x20000322   COMPRESSED   0x00000002   PAD
    0x20000324   COMPRESSED   0x00000004   Data   RW         2127    .data               system_gd32f3x0.o
    0x20000328   COMPRESSED   0x00000008   Data   RW         5443    .data               usb_core.o
    0x20000330   COMPRESSED   0x00000004   Data   RW         5622    .data               usbd_int.o
    0x20000334   COMPRESSED   0x00000054   Data   RW         5692    .data               usbd_std.o
    0x20000388   COMPRESSED   0x00000004   Data   RW         5806    .data               clock.o
    0x2000038c   COMPRESSED   0x00000100   Data   RW         5862    .data               drv_pin.o
    0x2000048c   COMPRESSED   0x00000074   Data   RW         6038    .data               taskschedule.o
    0x20000500   COMPRESSED   0x00000048   Data   RW         6373    .data               digitizer_lib_200722.lib(digitizer_lib_200722.o)
    0x20000548        -       0x00000066   Zero   RW            7    .bss                adc.o
    0x200005ae        -       0x0000014c   Zero   RW          192    .bss                app_usart.o
    0x200006fa        -       0x00000014   Zero   RW          353    .bss                comm.o
    0x2000070e   COMPRESSED   0x00000002   PAD
    0x20000710        -       0x0000002c   Zero   RW          444    .bss                config.o
    0x2000073c        -       0x0000003c   Zero   RW         1007    .bss                key.o
    0x20000778        -       0x000001a5   Zero   RW         1283    .bss                scan.o
    0x2000091d   COMPRESSED   0x00000003   PAD
    0x20000920        -       0x00000054   Zero   RW         1403    .bss                system.o
    0x20000974        -       0x00000130   Zero   RW         1646    .bss                usart.o
    0x20000aa4        -       0x00000055   Zero   RW         1735    .bss                usb.o
    0x20000af9   COMPRESSED   0x00000001   PAD
    0x20000afa        -       0x0000001e   Zero   RW         1950    .bss                iqs.o
    0x20000b18        -       0x00000010   Zero   RW         3482    .bss                gd32f3x0_pmu.o
    0x20000b28        -       0x00000400   Zero   RW         5422    STACK               startup_gd32f3x0.o


==============================================================================

Image component sizes


      Code (inc. data)   RO Data    RW Data    ZI Data      Debug   Object Name

       254         20          0          4        102      87486   adc.o
      2138        136        112          0        332      27257   app_usart.o
        28         12          0          4          0       1573   clock.o
      1744         90          0          1         20      12018   comm.o
       814        156         20          4         44      41037   config.o
      1336        128          0         28          0       9565   digitizer_comm.o
       998         28       1492        256          0      12685   drv_pin.o
       544         62          0          0          0       7872   gd32f3x0_adc.o
       100         22          0          0          0       2946   gd32f3x0_crc.o
       284         32          0          0          0       4850   gd32f3x0_dma.o
       168         28          0          0          0       2670   gd32f3x0_exti.o
       234         40          0          0          0       5123   gd32f3x0_fmc.o
       298          0          0          0          0       4441   gd32f3x0_gpio.o
       488         18          0          0          0       9315   gd32f3x0_i2c.o
       218         32          0          0          0       6023   gd32f3x0_it.o
       178         14          0          0          0       2663   gd32f3x0_misc.o
       164         24          0          0         16       1333   gd32f3x0_pmu.o
       752         96          0          0          0       6544   gd32f3x0_rcu.o
        92          6          0          0          0        846   gd32f3x0_syscfg.o
      1120         50          0          0          0      13883   gd32f3x0_timer.o
       554         26          0          0          0      11363   gd32f3x0_usart.o
        88          6        976          0          0       8931   gpio.o
       498         50          0         16          0       4956   hid_core.o
         0          0        922        273          0       6772   hid_descriptor.o
      2270         98          0         12         30      16033   iqs.o
       740         48         16         20         60       4098   key.o
       220         16          0          6          0       3256   led.o
        34          0          0          0          0        471   main.o
      1052        106        904         40          0       4987   pressure.o
       180         32         59          0          0       2436   pwm.o
       128          0          0          0          0       2347   queue.o
      1524        136          0         24        421      11393   scan.o
        42          0          0          0          0       1429   serial.o
        36          8        336          0       1024        884   startup_gd32f3x0.o
       944        112          0          8         84      35020   system.o
       424         74          0          4          0       3119   system_gd32f3x0.o
        52          8          0          0          0      25256   systick.o
       144         14          0        116          0       2770   taskschedule.o
       626         42          0          0          0       4392   timer.o
      1732         50          0          2          0       5789   ugee_i2c.o
       562         30         20         52        304       5909   usart.o
      1396        110          0        300         85       6962   usb.o
       754         60          0          8          0       8149   usb_core.o
       258         32          0          4          0       3254   usb_delay.o
       916         28          0          0          0       8193   usbd_core.o
      1308         70          4          4          0       8286   usbd_int.o
      1768         48          0         84          0      15299   usbd_std.o
       302         22          0          0          0       2724   xy_antana.o
       224         16        964          0          0       2004   xy_calibration.o

    ----------------------------------------------------------------------
     30782       2236       5860       1280       2528     476612   Object Totals
         0          0         32          0          0          0   (incl. Generated)
        54          0          3         10          6          0   (incl. Padding)

    ----------------------------------------------------------------------

      Code (inc. data)   RO Data    RW Data    ZI Data      Debug   Library Member Name

      4690        330          0         72          0      10996   digitizer_lib_200722.o
        86          0          0          0          0          0   __dczerorl2.o
         0          0          0          0          0          0   entry.o
         0          0          0          0          0          0   entry10a.o
         0          0          0          0          0          0   entry11a.o
         8          4          0          0          0          0   entry2.o
         4          0          0          0          0          0   entry5.o
         0          0          0          0          0          0   entry7b.o
         0          0          0          0          0          0   entry8b.o
         8          4          0          0          0          0   entry9a.o
        30          0          0          0          0          0   handlers.o
        40          0          0          0          0         80   idiv.o
        36          8          0          0          0         68   init.o
         0          0          0          0          0          0   iusefp.o
        30          0          0          0          0         68   llshl.o
        36          0          0          0          0         68   llsshr.o
        32          0          0          0          0         68   llushr.o
        64          0          0          0          0         76   memmovea.o
        36          0          0          0          0        108   memseta.o
        20          0          0          0          0         68   strchr.o
        14          0          0          0          0         68   strlen.o
        24          0          0          0          0         76   strncpy.o
        44          0          0          0          0         80   uidiv.o
       334          0          0          0          0        148   dadd.o
       186          0          0          0          0        176   depilogue.o
        50          0          0          0          0         76   dfixui.o
        26          0          0          0          0         76   dfltui.o
       228          0          0          0          0         96   dmul.o
       176          0          0          0          0        140   fadd.o
       124          0          0          0          0         88   fdiv.o
       110          0          0          0          0        168   fepilogue.o
        50          0          0          0          0         68   ffixi.o
        40          0          0          0          0         68   ffixui.o
        18          0          0          0          0         68   fflti.o
        10          0          0          0          0         68   ffltui.o
       100          0          0          0          0         76   fmul.o

    ----------------------------------------------------------------------
      6658        346          0         72          0      13140   Library Totals
         4          0          0          0          0          0   (incl. Padding)

    ----------------------------------------------------------------------

      Code (inc. data)   RO Data    RW Data    ZI Data      Debug   Library Name

      4690        330          0         72          0      10996   digitizer_lib_200722.lib
       512         16          0          0          0        828   mc_w.l
      1452          0          0          0          0       1316   mf_w.l

    ----------------------------------------------------------------------
      6658        346          0         72          0      13140   Library Totals

    ----------------------------------------------------------------------

==============================================================================


      Code (inc. data)   RO Data    RW Data    ZI Data      Debug   

     37440       2582       5860       1352       2528     453268   Grand Totals
     37440       2582       5860        428       2528     453268   ELF Image Totals (compressed)
     37440       2582       5860        428          0          0   ROM Totals

==============================================================================

    Total RO  Size (Code + RO Data)                43300 (  42.29kB)
    Total RW  Size (RW Data + ZI Data)              3880 (   3.79kB)
    Total ROM Size (Code + RO Data + RW Data)      43728 (  42.70kB)

==============================================================================

