Component: ARM Compiler 5.06 update 4 (build 422) Tool: armlink [4d35d2]

==============================================================================

Section Cross References

    adc.o(i.adc_config) refers to gd32f3x0_rcu.o(i.rcu_periph_clock_enable) for rcu_periph_clock_enable
    adc.o(i.adc_config) refers to gd32f3x0_rcu.o(i.rcu_adc_clock_config) for rcu_adc_clock_config
    adc.o(i.adc_config) refers to gd32f3x0_adc.o(i.adc_special_function_config) for adc_special_function_config
    adc.o(i.adc_config) refers to gd32f3x0_adc.o(i.adc_external_trigger_source_config) for adc_external_trigger_source_config
    adc.o(i.adc_config) refers to gd32f3x0_adc.o(i.adc_data_alignment_config) for adc_data_alignment_config
    adc.o(i.adc_config) refers to gd32f3x0_adc.o(i.adc_channel_length_config) for adc_channel_length_config
    adc.o(i.adc_config) refers to gd32f3x0_adc.o(i.adc_regular_channel_config) for adc_regular_channel_config
    adc.o(i.adc_config) refers to gd32f3x0_adc.o(i.adc_external_trigger_config) for adc_external_trigger_config
    adc.o(i.adc_config) refers to gd32f3x0_adc.o(i.adc_enable) for adc_enable
    adc.o(i.adc_config) refers to gd32f3x0_adc.o(i.adc_calibration_enable) for adc_calibration_enable
    adc.o(i.adc_get_last_value) refers to adc.o(.bss) for .bss
    adc.o(i.adc_get_sum) refers to adc.o(.bss) for .bss
    adc.o(i.adc_sampling_start) refers to drv_pin.o(i.pin_out_off) for pin_out_off
    adc.o(i.adc_sampling_start) refers to timer.o(i.ugee_adc_delay) for ugee_adc_delay
    adc.o(i.adc_sampling_start) refers to gd32f3x0_adc.o(i.adc_flag_clear) for adc_flag_clear
    adc.o(i.adc_sampling_start) refers to gd32f3x0_adc.o(i.adc_software_trigger_enable) for adc_software_trigger_enable
    adc.o(i.adc_sampling_start) refers to gd32f3x0_adc.o(i.adc_flag_get) for adc_flag_get
    adc.o(i.adc_sampling_start) refers to drv_pin.o(i.pin_out_on) for pin_out_on
    adc.o(i.adc_sampling_start) refers to adc.o(.data) for .data
    adc.o(i.adc_sampling_start) refers to adc.o(.bss) for .bss
    app_usart.o(i.__cmd_android_set) refers to config.o(i.config_channel_set) for config_channel_set
    app_usart.o(i.__cmd_android_set) refers to config.o(i.config_android_direction_set) for config_android_direction_set
    app_usart.o(i.__cmd_android_set) refers to config.o(i.config_android_support_set) for config_android_support_set
    app_usart.o(i.__cmd_android_set) refers to config.o(i.config_android_handle_set) for config_android_handle_set
    app_usart.o(i.__cmd_android_set) refers to config.o(i.config_trackpad_rotate_set) for config_trackpad_rotate_set
    app_usart.o(i.__cmd_android_set) refers to usbd_std.o(.data) for check_sys
    app_usart.o(i.__cmd_android_set) refers to config.o(.bss) for g_sys_cfg
    app_usart.o(i.__cmd_android_set) refers to config.o(.data) for android_handle
    app_usart.o(i.__cmd_android_set) refers to config.o(.constdata) for android_procTab
    app_usart.o(i.__cmd_led_set) refers to config.o(i.config_footled_duty_get) for config_footled_duty_get
    app_usart.o(i.__cmd_led_set) refers to led.o(i.led_foot_duty_set) for led_foot_duty_set
    app_usart.o(i.__cmd_led_set) refers to config.o(i.config_footled_duty_set) for config_footled_duty_set
    app_usart.o(i.__cmd_led_set) refers to config.o(i.config_track_pad_duty_set) for config_track_pad_duty_set
    app_usart.o(i.__cmd_led_set) refers to config.o(i.config_track_pad_duty_get) for config_track_pad_duty_get
    app_usart.o(i.__cmd_led_set) refers to system.o(.bss) for sys_status
    app_usart.o(i.__dongle_protocolParse) refers to config.o(i.config_channel_set) for config_channel_set
    app_usart.o(i.__dongle_protocolParse) refers to app_usart.o(i.__cmd_android_set) for __cmd_android_set
    app_usart.o(i.__dongle_protocolParse) refers to app_usart.o(i.__cmd_led_set) for __cmd_led_set
    app_usart.o(i.__dongle_protocolParse) refers to config.o(i.config_track_pad_mode_set) for config_track_pad_mode_set
    app_usart.o(i.__dongle_protocolParse) refers to iqs.o(i.iqs5xx_track_mode_start) for iqs5xx_track_mode_start
    app_usart.o(i.__dongle_protocolParse) refers to config.o(i.config_trackpad_rotate_set) for config_trackpad_rotate_set
    app_usart.o(i.__dongle_protocolParse) refers to config.o(i.config_track_pad_mode_get) for config_track_pad_mode_get
    app_usart.o(i.__dongle_protocolParse) refers to config.o(i.config_get_rotate_mode) for config_get_rotate_mode
    app_usart.o(i.__dongle_protocolParse) refers to app_usart.o(i.GetCheckSumHEX) for GetCheckSumHEX
    app_usart.o(i.__dongle_protocolParse) refers to usart.o(i.gd32_usart_write) for gd32_usart_write
    app_usart.o(i.__dongle_protocolParse) refers to strchr.o(.text) for strchr
    app_usart.o(i.__dongle_protocolParse) refers to memmovea.o(.text) for __aeabi_memcpy
    app_usart.o(i.__dongle_protocolParse) refers to system.o(.bss) for sys_status
    app_usart.o(i.usart_ble_led_light_get_response) refers to memmovea.o(.text) for __aeabi_memmove4
[...]
    gd32_usart_read                          0x08006e9d   Thumb Code    10  usart.o(i.gd32_usart_read)
    gd32_usart_write                         0x08006ead   Thumb Code    10  usart.o(i.gd32_usart_write)
    gesture_report_click_end                 0x08006ebd   Thumb Code    96  iqs.o(i.gesture_report_click_end)
    gesture_report_singleTap                 0x08006f1d   Thumb Code   208  iqs.o(i.gesture_report_singleTap)
    get_Xcoordinate                          0x08006fed   Thumb Code    62  digitizer_comm.o(i.get_Xcoordinate)
    get_Ycoordinate                          0x08007035   Thumb Code    62  digitizer_comm.o(i.get_Ycoordinate)
    get_pin                                  0x0800707d   Thumb Code    24  drv_pin.o(i.get_pin)
    get_report_mode                          0x08007099   Thumb Code     6  system.o(i.get_report_mode)
    gpio_af_set                              0x080070a5   Thumb Code   100  gd32f3x0_gpio.o(i.gpio_af_set)
    gpio_bit_reset                           0x08007109   Thumb Code     4  gd32f3x0_gpio.o(i.gpio_bit_reset)
    gpio_bit_set                             0x0800710d   Thumb Code     4  gd32f3x0_gpio.o(i.gpio_bit_set)
    gpio_config                              0x08007111   Thumb Code    82  gpio.o(i.gpio_config)
    gpio_input_bit_get                       0x08007169   Thumb Code    10  gd32f3x0_gpio.o(i.gpio_input_bit_get)
    gpio_mode_set                            0x08007173   Thumb Code    68  gd32f3x0_gpio.o(i.gpio_mode_set)
    gpio_output_options_set                  0x080071b9   Thumb Code   112  gd32f3x0_gpio.o(i.gpio_output_options_set)
    hid_report                               0x08007229   Thumb Code  1612  comm.o(i.hid_report)
    i2c_ack_config                           0x080078a1   Thumb Code    20  gd32f3x0_i2c.o(i.i2c_ack_config)
    i2c_ackpos_config                        0x080078b5   Thumb Code    20  gd32f3x0_i2c.o(i.i2c_ackpos_config)
    i2c_clock_config                         0x080078c9   Thumb Code   240  gd32f3x0_i2c.o(i.i2c_clock_config)
    i2c_data_receive                         0x080079c5   Thumb Code     6  gd32f3x0_i2c.o(i.i2c_data_receive)
    i2c_data_transmit                        0x080079cb   Thumb Code     4  gd32f3x0_i2c.o(i.i2c_data_transmit)
    i2c_deinit                               0x080079d1   Thumb Code    42  gd32f3x0_i2c.o(i.i2c_deinit)
    i2c_dualaddr_enable                      0x08007a01   Thumb Code    12  gd32f3x0_i2c.o(i.i2c_dualaddr_enable)
    i2c_enable                               0x08007a0d   Thumb Code    10  gd32f3x0_i2c.o(i.i2c_enable)
    i2c_flag_clear                           0x08007a17   Thumb Code    34  gd32f3x0_i2c.o(i.i2c_flag_clear)
    i2c_flag_get                             0x08007a39   Thumb Code    22  gd32f3x0_i2c.o(i.i2c_flag_get)
    i2c_master_addressing                    0x08007a4f   Thumb Code    18  gd32f3x0_i2c.o(i.i2c_master_addressing)
    i2c_mode_addr_config                     0x08007a61   Thumb Code    22  gd32f3x0_i2c.o(i.i2c_mode_addr_config)
    i2c_start_on_bus                         0x08007a77   Thumb Code    10  gd32f3x0_i2c.o(i.i2c_start_on_bus)
    i2c_stop_on_bus                          0x08007a81   Thumb Code    10  gd32f3x0_i2c.o(i.i2c_stop_on_bus)
    iqs572_setup                             0x08007a8d   Thumb Code    24  iqs.o(i.iqs572_setup)
    iqs5xx_buffer_read                       0x08007aa9   Thumb Code     8  iqs.o(i.iqs5xx_buffer_read)
    iqs5xx_buffer_write                      0x08007ab1   Thumb Code     8  iqs.o(i.iqs5xx_buffer_write)
    iqs5xx_clear_status                      0x08007ab9   Thumb Code    14  iqs.o(i.iqs5xx_clear_status)
    iqs5xx_comm_end                          0x08007acd   Thumb Code    16  iqs.o(i.iqs5xx_comm_end)
    iqs5xx_events_process                    0x08007add   Thumb Code   276  iqs.o(i.iqs5xx_events_process)
    iqs5xx_gesture_config                    0x08007bf9   Thumb Code    38  iqs.o(i.iqs5xx_gesture_config)
    iqs5xx_track_mode_pro                    0x08007c21   Thumb Code   404  iqs.o(i.iqs5xx_track_mode_pro)
    iqs5xx_track_mode_start                  0x08007dbd   Thumb Code     8  iqs.o(i.iqs5xx_track_mode_start)
    iqs624_setup                             0x08007dc9   Thumb Code   240  iqs.o(i.iqs624_setup)
    iqs6xx_buffer_read                       0x08007ef1   Thumb Code     8  iqs.o(i.iqs6xx_buffer_read)
    iqs6xx_buffer_write                      0x08007ef9   Thumb Code     8  iqs.o(i.iqs6xx_buffer_write)
    iqs6xx_events_process                    0x08007f01   Thumb Code    82  iqs.o(i.iqs6xx_events_process)
    iqs_init                                 0x08007f59   Thumb Code    22  iqs.o(i.iqs_init)
    iqs_interrupt_config                     0x08007f6f   Thumb Code    30  iqs.o(i.iqs_interrupt_config)
    iqs_loop                                 0x08007f8d   Thumb Code    70  iqs.o(i.iqs_loop)
    key_init                                 0x08007fd9   Thumb Code    14  key.o(i.key_init)
    key_longPressReset                       0x08007fed   Thumb Code    32  key.o(i.key_longPressReset)
    key_report                               0x08008015   Thumb Code   320  key.o(i.key_report)
    key_scan                                 0x08008161   Thumb Code   320  key.o(i.key_scan)
    key_status_read                          0x080082b1   Thumb Code     6  key.o(i.key_status_read)
    led_flash_monitor                        0x080082bd   Thumb Code    12  led.o(i.led_flash_monitor)
    led_foot_duty_set                        0x080082cd   Thumb Code    26  led.o(i.led_foot_duty_set)
    led_init                                 0x080082e9   Thumb Code     8  led.o(i.led_init)
    led_manage                               0x080082f5   Thumb Code   122  led.o(i.led_manage)
    led_mode_config                          0x08008371   Thumb Code    20  led.o(i.led_mode_config)
    led_off                                  0x08008389   Thumb Code    16  led.o(i.led_off)
    main                                     0x0800839d   Thumb Code    46  main.o(i.main)
    malloc                                   0x080083d1   Thumb Code    92  malloc.o(i.malloc)
    nvic_irq_disable                         0x0800843d   Thumb Code    22  gd32f3x0_misc.o(i.nvic_irq_disable)
    nvic_irq_enable                          0x08008455   Thumb Code   132  gd32f3x0_misc.o(i.nvic_irq_enable)
    nvic_priority_group_set                  0x080084dd   Thumb Code    10  gd32f3x0_misc.o(i.nvic_priority_group_set)
    nvic_vector_table_set                    0x080084f1   Thumb Code    12  gd32f3x0_misc.o(i.nvic_vector_table_set)
    pen_key_status_update                    0x08008505   Thumb Code   270  pressure.o(i.pen_key_status_update)
    peripheral_init                          0x08008631   Thumb Code    54  system.o(i.peripheral_init)
    pin_af_init                              0x08008667   Thumb Code     8  drv_pin.o(i.pin_af_init)
    pin_in_init                              0x0800866f   Thumb Code     6  drv_pin.o(i.pin_in_init)
    pin_irq_install                          0x080086a9   Thumb Code    46  drv_pin.o(i.pin_irq_install)
    pin_out_init                             0x080086d7   Thumb Code     6  drv_pin.o(i.pin_out_init)
    pin_out_off                              0x080086dd   Thumb Code     6  drv_pin.o(i.pin_out_off)
    pin_out_on                               0x080086e3   Thumb Code     6  drv_pin.o(i.pin_out_on)
    pin_out_set                              0x080086e9   Thumb Code    26  drv_pin.o(i.pin_out_set)
    pin_read                                 0x08008703   Thumb Code     4  drv_pin.o(i.pin_read)
    pmu_backup_write_enable                  0x08008709   Thumb Code    12  gd32f3x0_pmu.o(i.pmu_backup_write_enable)
    pmu_to_deepsleepmode                     0x08008719   Thumb Code   128  gd32f3x0_pmu.o(i.pmu_to_deepsleepmode)
    pressure_calculate                       0x080088e9   Thumb Code   386  pressure.o(i.pressure_calculate)
    pressure_freq_calculate                  0x08008a99   Thumb Code    88  pressure.o(i.pressure_freq_calculate)
    pressure_gamma_calibration               0x08008b01   Thumb Code   134  pressure.o(i.pressure_gamma_calibration)
    pressure_smooth                          0x08008b8d   Thumb Code    60  pressure.o(i.pressure_smooth)
    prvSetupHardware                         0x08008c75   Thumb Code    26  system.o(i.prvSetupHardware)
    pwm_period_idx_get_by_pre_idx            0x08008c91   Thumb Code     6  pwm.o(i.pwm_period_idx_get_by_pre_idx)
    pwm_period_set_by_idx                    0x08008c9d   Thumb Code    70  pwm.o(i.pwm_period_set_by_idx)
    pwm_period_set_by_pre_idx                0x08008cf1   Thumb Code    72  pwm.o(i.pwm_period_set_by_pre_idx)
    queue_de                                 0x08008d45   Thumb Code    54  queue.o(i.queue_de)
    queue_en                                 0x08008d7b   Thumb Code    60  queue.o(i.queue_en)
    queue_init                               0x08008db7   Thumb Code    14  queue.o(i.queue_init)
    rcu_adc_clock_config                     0x08008dc5   Thumb Code   136  gd32f3x0_rcu.o(i.rcu_adc_clock_config)
    rcu_ck48m_clock_config                   0x08008e55   Thumb Code    16  gd32f3x0_rcu.o(i.rcu_ck48m_clock_config)
    rcu_clock_freq_get                       0x08008e69   Thumb Code   416  gd32f3x0_rcu.o(i.rcu_clock_freq_get)
    rcu_periph_clock_enable                  0x08009035   Thumb Code    22  gd32f3x0_rcu.o(i.rcu_periph_clock_enable)
    rcu_periph_reset_disable                 0x08009051   Thumb Code    22  gd32f3x0_rcu.o(i.rcu_periph_reset_disable)
    rcu_periph_reset_enable                  0x0800906d   Thumb Code    22  gd32f3x0_rcu.o(i.rcu_periph_reset_enable)
    rcu_usbfs_clock_config                   0x08009089   Thumb Code    40  gd32f3x0_rcu.o(i.rcu_usbfs_clock_config)
    read_hand_pencil_status                  0x080090b5   Thumb Code     6  scan.o(i.read_hand_pencil_status)
    scan_calculate                           0x080090c1   Thumb Code    78  scan.o(i.scan_calculate)
    scan_chrg                                0x08009115   Thumb Code    28  scan.o(i.scan_chrg)
    scan_main_calculate                      0x08009179   Thumb Code    60  scan.o(i.scan_main_calculate)
    scan_recv                                0x080092b1   Thumb Code    40  scan.o(i.scan_recv)
    scan_reset                               0x080092dd   Thumb Code    70  scan.o(i.scan_reset)
    scan_start                               0x08009339   Thumb Code    72  scan.o(i.scan_start)
    set_hand_pencil_status                   0x08009561   Thumb Code     6  scan.o(i.set_hand_pencil_status)
    set_report_mode                          0x0800956d   Thumb Code     6  system.o(i.set_report_mode)
    sleep_int_install                        0x08009579   Thumb Code    56  system.o(i.sleep_int_install)
    sleep_int_uninstall                      0x080095b9   Thumb Code    38  system.o(i.sleep_int_uninstall)
    soft_reset                               0x080095e5   Thumb Code    30  config.o(i.soft_reset)
    syscfg_exti_line_config                  0x0800960d   Thumb Code    86  gd32f3x0_syscfg.o(i.syscfg_exti_line_config)
    system_1s_task                           0x08009669   Thumb Code   364  system.o(i.system_1s_task)
    system_clear_sleep_count                 0x080097dd   Thumb Code     8  system.o(i.system_clear_sleep_count)
    system_config_after_wakeup               0x08009855   Thumb Code    38  system.o(i.system_config_after_wakeup)
    system_config_before_sleep               0x08009881   Thumb Code    54  system.o(i.system_config_before_sleep)
    system_halt                              0x080098c9   Thumb Code    30  system.o(i.system_halt)
    system_init                              0x080098e9   Thumb Code    70  system.o(i.system_init)
    system_judge_curr_mode                   0x0800994d   Thumb Code    42  system.o(i.system_judge_curr_mode)
    systick_config                           0x08009981   Thumb Code    44  systick.o(i.systick_config)
    timer0_init                              0x080099b5   Thumb Code   172  timer.o(i.timer0_init)
    timer13_delay_irq                        0x08009a65   Thumb Code    48  usb_delay.o(i.timer13_delay_irq)
    timer14_init                             0x08009a9d   Thumb Code    84  timer.o(i.timer14_init)
    timer15_init                             0x08009af5   Thumb Code    88  timer.o(i.timer15_init)
    timer_auto_reload_shadow_disable         0x08009b51   Thumb Code    10  gd32f3x0_timer.o(i.timer_auto_reload_shadow_disable)
    timer_auto_reload_shadow_enable          0x08009b5b   Thumb Code    10  gd32f3x0_timer.o(i.timer_auto_reload_shadow_enable)
    timer_autoreload_value_config            0x08009b65   Thumb Code     4  gd32f3x0_timer.o(i.timer_autoreload_value_config)
    timer_channel_output_config              0x08009b69   Thumb Code   476  gd32f3x0_timer.o(i.timer_channel_output_config)
    timer_channel_output_mode_config         0x08009d55   Thumb Code    78  gd32f3x0_timer.o(i.timer_channel_output_mode_config)
    timer_channel_output_pulse_value_config  0x08009da3   Thumb Code    30  gd32f3x0_timer.o(i.timer_channel_output_pulse_value_config)
    timer_channel_output_shadow_config       0x08009dc1   Thumb Code    78  gd32f3x0_timer.o(i.timer_channel_output_shadow_config)
    timer_config                             0x08009e0f   Thumb Code    18  timer.o(i.timer_config)
    timer_deinit                             0x08009e21   Thumb Code   118  gd32f3x0_timer.o(i.timer_deinit)
    timer_disable                            0x08009ea1   Thumb Code    10  gd32f3x0_timer.o(i.timer_disable)
    timer_enable                             0x08009eab   Thumb Code    10  gd32f3x0_timer.o(i.timer_enable)
    timer_event_software_generate            0x08009eb5   Thumb Code     8  gd32f3x0_timer.o(i.timer_event_software_generate)
    timer_flag_clear                         0x08009ebd   Thumb Code     6  gd32f3x0_timer.o(i.timer_flag_clear)
    timer_flag_get                           0x08009ec3   Thumb Code    10  gd32f3x0_timer.o(i.timer_flag_get)
    timer_init                               0x08009ecd   Thumb Code   136  gd32f3x0_timer.o(i.timer_init)
    timer_interrupt_enable                   0x08009f6d   Thumb Code     8  gd32f3x0_timer.o(i.timer_interrupt_enable)
    timer_primary_output_config              0x08009f75   Thumb Code    20  gd32f3x0_timer.o(i.timer_primary_output_config)
    timer_single_pulse_mode_config           0x08009f89   Thumb Code    24  gd32f3x0_timer.o(i.timer_single_pulse_mode_config)
    timer_update_event_enable                0x08009fa1   Thumb Code    10  gd32f3x0_timer.o(i.timer_update_event_enable)
    timer_update_source_config               0x08009fab   Thumb Code    24  gd32f3x0_timer.o(i.timer_update_source_config)
    trackpad_data_report                     0x08009fc3   Thumb Code   248  iqs.o(i.trackpad_data_report)
    u16saveu32                               0x0800a0bb   Thumb Code    30  config.o(i.u16saveu32)
    ug_hw_serial_isr                         0x0800a0d9   Thumb Code    90  serial.o(i.ug_hw_serial_isr)
    ug_hw_serial_register                    0x0800a133   Thumb Code    30  serial.o(i.ug_hw_serial_register)
    ug_tick_get                              0x0800a1e5   Thumb Code     6  clock.o(i.ug_tick_get)
    ug_tick_increase                         0x0800a1f1   Thumb Code    10  clock.o(i.ug_tick_increase)
    ugee_adc_delay                           0x0800a201   Thumb Code    34  timer.o(i.ugee_adc_delay)
    ugee_i2c_buffer_read                     0x0800a229   Thumb Code   458  ugee_i2c.o(i.ugee_i2c_buffer_read)
    ugee_i2c_buffer_read_iqs572              0x0800a3fd   Thumb Code   506  ugee_i2c.o(i.ugee_i2c_buffer_read_iqs572)
    ugee_i2c_buffer_write                    0x0800a601   Thumb Code   260  ugee_i2c.o(i.ugee_i2c_buffer_write)
    ugee_i2c_buffer_write_iqs572             0x0800a70d   Thumb Code   310  ugee_i2c.o(i.ugee_i2c_buffer_write_iqs572)
    ugee_i2c_config                          0x0800a84d   Thumb Code   148  ugee_i2c.o(i.ugee_i2c_config)
    usart_baudrate_set                       0x0800a8ed   Thumb Code    86  gd32f3x0_usart.o(i.usart_baudrate_set)
    usart_data_analyze                       0x0800a9e1   Thumb Code   136  app_usart.o(i.usart_data_analyze)
    usart_data_first_config                  0x0800aa6d   Thumb Code    28  gd32f3x0_usart.o(i.usart_data_first_config)
    usart_data_receive                       0x0800aa89   Thumb Code     8  gd32f3x0_usart.o(i.usart_data_receive)
    usart_deinit                             0x0800aa91   Thumb Code    42  gd32f3x0_usart.o(i.usart_deinit)
    usart_dispose_recvDataTask               0x0800aac1   Thumb Code    84  app_usart.o(i.usart_dispose_recvDataTask)
    usart_enable                             0x0800ab85   Thumb Code    10  gd32f3x0_usart.o(i.usart_enable)
    usart_flag_clear                         0x0800ab8f   Thumb Code    16  gd32f3x0_usart.o(i.usart_flag_clear)
    usart_flag_get                           0x0800ab9f   Thumb Code    22  gd32f3x0_usart.o(i.usart_flag_get)
    usart_interrupt_disable                  0x0800aea5   Thumb Code    20  gd32f3x0_usart.o(i.usart_interrupt_disable)
    usart_interrupt_enable                   0x0800aeb9   Thumb Code    20  gd32f3x0_usart.o(i.usart_interrupt_enable)
    usart_interrupt_flag_clear               0x0800aecd   Thumb Code    34  gd32f3x0_usart.o(i.usart_interrupt_flag_clear)
    usart_interrupt_flag_get                 0x0800aef5   Thumb Code    46  gd32f3x0_usart.o(i.usart_interrupt_flag_get)
    usart_invert_config                      0x0800af23   Thumb Code    90  gd32f3x0_usart.o(i.usart_invert_config)
    usart_isr                                0x0800af7d   Thumb Code   124  usart.o(i.usart_isr)
    usart_overrun_enable                     0x0800affd   Thumb Code    18  gd32f3x0_usart.o(i.usart_overrun_enable)
    usart_parity_config                      0x0800b00f   Thumb Code    24  gd32f3x0_usart.o(i.usart_parity_config)
    usart_receive_config                     0x0800b027   Thumb Code    16  gd32f3x0_usart.o(i.usart_receive_config)
    usart_stop_bit_set                       0x0800b037   Thumb Code    24  gd32f3x0_usart.o(i.usart_stop_bit_set)
    usart_transmit_config                    0x0800b04f   Thumb Code    16  gd32f3x0_usart.o(i.usart_transmit_config)
    usart_word_length_set                    0x0800b05f   Thumb Code    24  gd32f3x0_usart.o(i.usart_word_length_set)
    usb_clock_config                         0x0800b079   Thumb Code    94  usb.o(i.usb_clock_config)
    usb_clock_ungate                         0x0800b0f1   Thumb Code    34  usb_core.o(i.usb_clock_ungate)
    usb_config                               0x0800b289   Thumb Code    26  usb.o(i.usb_config)
    usb_core_init                            0x0800b2a9   Thumb Code    92  usb_core.o(i.usb_core_init)
    usb_core_select                          0x0800b309   Thumb Code    38  usb_core.o(i.usb_core_select)
    usb_delay_ms                             0x0800b331   Thumb Code    28  usb_delay.o(i.usb_delay_ms)
    usb_delay_us                             0x0800b355   Thumb Code    28  usb_delay.o(i.usb_delay_us)
    usb_devcore_init                         0x0800b379   Thumb Code   308  usb_core.o(i.usb_devcore_init)
    usb_ep0_startout                         0x0800b4c1   Thumb Code    12  usb_core.o(i.usb_ep0_startout)
    usb_fifo_read                            0x0800b4d5   Thumb Code    26  usb_core.o(i.usb_fifo_read)
    usb_fifo_write                           0x0800b4f5   Thumb Code    32  usb_core.o(i.usb_fifo_write)
    usb_interrupt_config                     0x0800b519   Thumb Code    60  usb.o(i.usb_interrupt_config)
    usb_mode_set                             0x0800b555   Thumb Code    60  usb_core.o(i.usb_mode_set)
    usb_rx_proc                              0x0800b68d   Thumb Code   502  usb.o(i.usb_rx_proc)
    usb_rxfifo_flush                         0x0800b891   Thumb Code    40  usb_core.o(i.usb_rxfifo_flush)
    usb_timer_nvic_init                      0x0800b8bd   Thumb Code    10  usb_delay.o(i.usb_timer_nvic_init)
    usb_tx                                   0x0800b8c9   Thumb Code    44  usb.o(i.usb_tx)
    usb_txfifo_flush                         0x0800b8fd   Thumb Code    52  usb_core.o(i.usb_txfifo_flush)
    usbd_ctlstatus_rx                        0x0800b9d5   Thumb Code    30  usbd_core.o(i.usbd_ctlstatus_rx)
    usbd_ctlstatus_tx                        0x0800b9f3   Thumb Code    30  usbd_core.o(i.usbd_ctlstatus_tx)
    usbd_ctltx                               0x0800ba11   Thumb Code    26  usbd_core.o(i.usbd_ctltx)
    usbd_enum_error                          0x0800bab9   Thumb Code    28  usbd_std.o(i.usbd_enum_error)
    usbd_ep_clear_stall                      0x0800bad5   Thumb Code   106  usbd_core.o(i.usbd_ep_clear_stall)
    usbd_ep_deinit                           0x0800bb41   Thumb Code    68  usbd_core.o(i.usbd_ep_deinit)
    usbd_ep_init                             0x0800bb89   Thumb Code   138  usbd_core.o(i.usbd_ep_init)
    usbd_ep_rx                               0x0800bc19   Thumb Code   126  usbd_core.o(i.usbd_ep_rx)
    usbd_ep_stall                            0x0800bc9d   Thumb Code    64  usbd_core.o(i.usbd_ep_stall)
    usbd_ep_tx                               0x0800bcdd   Thumb Code   208  usbd_core.o(i.usbd_ep_tx)
    usbd_hid_classreq_handle                 0x0800c0f1   Thumb Code   232  hid_core.o(i.usbd_hid_classreq_handle)
    usbd_hid_data_handler                    0x0800c1ed   Thumb Code    56  hid_core.o(i.usbd_hid_data_handler)
    usbd_hid_deinit                          0x0800c229   Thumb Code    38  hid_core.o(i.usbd_hid_deinit)
    usbd_hid_init                            0x0800c251   Thumb Code    56  hid_core.o(i.usbd_hid_init)
    usbd_hid_report_send                     0x0800c291   Thumb Code    78  hid_core.o(i.usbd_hid_report_send)
    usbd_in_transaction                      0x0800c2e5   Thumb Code   142  usbd_std.o(i.usbd_in_transaction)
    usbd_init                                0x0800c375   Thumb Code    92  usbd_core.o(i.usbd_init)
    usbd_isr                                 0x0800c735   Thumb Code   300  usbd_int.o(i.usbd_isr)
    usbd_out_transaction                     0x0800c871   Thumb Code    98  usbd_std.o(i.usbd_out_transaction)
    usbd_setup_transaction                   0x0800ca21   Thumb Code   152  usbd_std.o(i.usbd_setup_transaction)
    wheel_data_report                        0x0800cad1   Thumb Code   364  iqs.o(i.wheel_data_report)
    android_procTab                          0x0800ccac   Data          20  config.o(.constdata)
    keys_pin                                 0x0800ccc0   Data          32  gpio.o(.constdata)
    hc4051_x_pin                             0x0800cce0   Data          24  gpio.o(.constdata)
    hc4051_y_pin                             0x0800ccf8   Data          64  gpio.o(.constdata)
    x_ant_pin                                0x0800cd38   Data          72  gpio.o(.constdata)
    y_ant_pin                                0x0800cd80   Data         232  gpio.o(.constdata)
    sd000                                    0x0800d090   Data           4  hid_descriptor.o(.constdata)
    sd001                                    0x0800d094   Data          18  hid_descriptor.o(.constdata)
    sd002                                    0x0800d0a6   Data          24  hid_descriptor.o(.constdata)
    sd003                                    0x0800d0be   Data          14  hid_descriptor.o(.constdata)
    sd004                                    0x0800d0cc   Data          34  hid_descriptor.o(.constdata)
    sd005                                    0x0800d0ee   Data          44  hid_descriptor.o(.constdata)
    sd020                                    0x0800d11a   Data          26  hid_descriptor.o(.constdata)
    sd021                                    0x0800d134   Data          28  hid_descriptor.o(.constdata)
    sd022                                    0x0800d150   Data          28  hid_descriptor.o(.constdata)
    sd023                                    0x0800d16c   Data          28  hid_descriptor.o(.constdata)
    sd024                                    0x0800d188   Data          20  hid_descriptor.o(.constdata)
    sd025                                    0x0800d19c   Data          38  hid_descriptor.o(.constdata)
    sd026                                    0x0800d1c2   Data          24  hid_descriptor.o(.constdata)
    sd027                                    0x0800d1da   Data          24  hid_descriptor.o(.constdata)
    sd028                                    0x0800d1f2   Data          24  hid_descriptor.o(.constdata)
    sd029                                    0x0800d20a   Data          24  hid_descriptor.o(.constdata)
    sd030                                    0x0800d222   Data           4  hid_descriptor.o(.constdata)
    sd031                                    0x0800d226   Data           4  hid_descriptor.o(.constdata)
    sd098                                    0x0800d22a   Data          32  hid_descriptor.o(.constdata)
    sd100                                    0x0800d24a   Data          14  hid_descriptor.o(.constdata)
    sd101                                    0x0800d258   Data           4  hid_descriptor.o(.constdata)
    sd102                                    0x0800d25c   Data          44  hid_descriptor.o(.constdata)
    sd104                                    0x0800d288   Data           6  hid_descriptor.o(.constdata)
    sd105                                    0x0800d28e   Data           4  hid_descriptor.o(.constdata)
    sd110                                    0x0800d292   Data          10  hid_descriptor.o(.constdata)
    sd111                                    0x0800d29c   Data           6  hid_descriptor.o(.constdata)
    sd121                                    0x0800d2a2   Data          16  hid_descriptor.o(.constdata)
    sd122                                    0x0800d2b2   Data           8  hid_descriptor.o(.constdata)
    sd123                                    0x0800d2ba   Data          12  hid_descriptor.o(.constdata)
    sd124                                    0x0800d2c6   Data          14  hid_descriptor.o(.constdata)
    sd131                                    0x0800d2d4   Data           6  hid_descriptor.o(.constdata)
    sd168                                    0x0800d2da   Data          18  hid_descriptor.o(.constdata)
    hid_report_desc01                        0x0800d2ec   Data         177  hid_descriptor.o(.constdata)
    hid_report_desc02                        0x0800d39d   Data         109  hid_descriptor.o(.constdata)
    hid_report_desc03                        0x0800d40a   Data          36  hid_descriptor.o(.constdata)
    freq_result                              0x0800d440   Data         420  pressure.o(.constdata)
    count_value                              0x0800d5e4   Data         420  pressure.o(.constdata)
    correction_x                             0x0800d818   Data         604  xy_calibration.o(.constdata)
    correction_y                             0x0800da74   Data         360  xy_calibration.o(.constdata)
    Region$$Table$$Base                      0x0800e1b4   Number         0  anon$$obj.o(Region$$Table)
    Region$$Table$$Limit                     0x0800e1d4   Number         0  anon$$obj.o(Region$$Table)
    android_handle                           0x20000008   Data           4  config.o(.data)
    x_deg                                    0x2000000c   Data           1  digitizer_comm.o(.data)
    y_deg                                    0x2000000d   Data           1  digitizer_comm.o(.data)
    PenJitterRange                           0x2000000e   Data           1  digitizer_comm.o(.data)
    AutoJitter_level                         0x20000010   Data           4  digitizer_comm.o(.data)
    AutoJitter_range                         0x20000014   Data           4  digitizer_comm.o(.data)
    Jitter_Table                             0x20000018   Data          16  digitizer_comm.o(.data)
    usbd_int_fops                            0x20000034   Data           4  hid_core.o(.data)
    device_descripter                        0x20000038   Data          18  hid_descriptor.o(.data)
    configuration_descriptor                 0x2000004a   Data          91  hid_descriptor.o(.data)
    sd103                                    0x200000a5   Data           8  hid_descriptor.o(.data)
    sd120                                    0x200000ad   Data          12  hid_descriptor.o(.data)
    sd109                                    0x200000b9   Data           4  hid_descriptor.o(.data)
    usbd_strings                             0x200000c0   Data         140  hid_descriptor.o(.data)
    sw1_real_counter                         0x20000168   Data           1  pressure.o(.data)
    sw1_flag                                 0x20000169   Data           1  pressure.o(.data)
    zih_freq                                 0x2000016c   Data           4  pressure.o(.data)
    test_z                                   0x20000170   Data           4  pressure.o(.data)
    A0sure                                   0x20000174   Data           4  pressure.o(.data)
    A1sure                                   0x20000178   Data           4  pressure.o(.data)
    A2sure                                   0x2000017c   Data           4  pressure.o(.data)
    A3sure                                   0x20000180   Data           4  pressure.o(.data)
    A4sure                                   0x20000184   Data           4  pressure.o(.data)
    A5sure                                   0x20000188   Data           4  pressure.o(.data)
    pressure_old_temp                        0x2000018c   Data           4  pressure.o(.data)
    gADCDelay                                0x20000193   Data           3  scan.o(.data)
    usb_soft_cnt                             0x200001ac   Data           4  system.o(.data)
    usart0                                   0x200001b0   Data           8  usart.o(.data)
    serial0                                  0x200001b8   Data          24  usart.o(.data)
    timer_prescaler                          0x200001d0   Data           1  usb.o(.data)
    usbfs_prescaler                          0x200001d4   Data           4  usb.o(.data)
    g_usb_status                             0x200001d8   Data           4  usb.o(.data)
    usbhs_core_dev                           0x200001dc   Data         288  usb.o(.data)
    delay_num                                0x200002fc   Data           4  usb_delay.o(.data)
    track_status                             0x20000300   Data           1  iqs.o(.data)
    track_posi_count                         0x20000302   Data           2  iqs.o(.data)
    track_minus_count                        0x20000304   Data           2  iqs.o(.data)
    iqs624                                   0x20000308   Data           4  iqs.o(.data)
    repeat_times                             0x2000030c   Data           2  ugee_i2c.o(.data)
    SystemCoreClock                          0x20000310   Data           4  system_gd32f3x0.o(.data)
    test_mode                                0x20000328   Data           4  usbd_std.o(.data)
    check_sys                                0x2000032c   Data           4  usbd_std.o(.data)
    OS_ver                                   0x20000330   Data           4  usbd_std.o(.data)
    pin_irq_hdr_tab                          0x20000378   Data         256  drv_pin.o(.data)
    MyTimerTask                              0x2000047c   Data         128  taskschedule.o(.data)
    BoundaryLine                             0x200004fc   Data           1  digitizer_lib_200722.o(.data)
    OldBoundaryLine                          0x200004fd   Data           1  digitizer_lib_200722.o(.data)
    LockIn_X                                 0x200004fe   Data           1  digitizer_lib_200722.o(.data)
    LockIn_Y                                 0x200004ff   Data           1  digitizer_lib_200722.o(.data)
    LockOut                                  0x20000500   Data           1  digitizer_lib_200722.o(.data)
    LockInAlready                            0x20000501   Data           1  digitizer_lib_200722.o(.data)
    BoundaryLine_R                           0x20000502   Data           1  digitizer_lib_200722.o(.data)
    BoundaryLine_L                           0x20000503   Data           1  digitizer_lib_200722.o(.data)
    BoundaryLine_U                           0x20000504   Data           1  digitizer_lib_200722.o(.data)
    BoundaryLine_D                           0x20000505   Data           1  digitizer_lib_200722.o(.data)
    PenMoveFlag                              0x20000506   Data           1  digitizer_lib_200722.o(.data)
    TiltCnt                                  0x20000507   Data           1  digitizer_lib_200722.o(.data)
    TiltCnt_X                                0x20000508   Data           1  digitizer_lib_200722.o(.data)
    TiltCnt_Y                                0x20000509   Data           1  digitizer_lib_200722.o(.data)
    Temp_x_deg                               0x2000050a   Data           1  digitizer_lib_200722.o(.data)
    Temp_y_deg                               0x2000050b   Data           1  digitizer_lib_200722.o(.data)
    TiltX                                    0x2000050c   Data           2  digitizer_lib_200722.o(.data)
    TiltY                                    0x2000050e   Data           2  digitizer_lib_200722.o(.data)
    RETiltX                                  0x20000510   Data           2  digitizer_lib_200722.o(.data)
    RETiltY                                  0x20000512   Data           2  digitizer_lib_200722.o(.data)
    OldRETiltX                               0x20000514   Data           2  digitizer_lib_200722.o(.data)
    OldRETiltY                               0x20000516   Data           2  digitizer_lib_200722.o(.data)
    TiltX2                                   0x20000518   Data           2  digitizer_lib_200722.o(.data)
    TiltY2                                   0x2000051a   Data           2  digitizer_lib_200722.o(.data)
    tagX                                     0x2000051c   Data           1  digitizer_lib_200722.o(.data)
    tagY                                     0x2000051d   Data           1  digitizer_lib_200722.o(.data)
    last_x_deg                               0x2000051e   Data           1  digitizer_lib_200722.o(.data)
    last_y_deg                               0x2000051f   Data           1  digitizer_lib_200722.o(.data)
    LockChangQuadrant                        0x20000520   Data           1  digitizer_lib_200722.o(.data)
    TiltQuadrant                             0x20000521   Data           1  digitizer_lib_200722.o(.data)
    OldTiltQuadrant                          0x20000522   Data           1  digitizer_lib_200722.o(.data)
    tilt_x_flag                              0x20000523   Data           1  digitizer_lib_200722.o(.data)
    tilt_y_flag                              0x20000524   Data           1  digitizer_lib_200722.o(.data)
    temp_ui1                                 0x20000528   Data           4  digitizer_lib_200722.o(.data)
    temp_ui2                                 0x2000052c   Data           4  digitizer_lib_200722.o(.data)
    X_tilt                                   0x20000530   Data           4  digitizer_lib_200722.o(.data)
    Y_tilt                                   0x20000534   Data           4  digitizer_lib_200722.o(.data)
    X_tilt_sum                               0x20000538   Data           4  digitizer_lib_200722.o(.data)
    Y_tilt_sum                               0x2000053c   Data           4  digitizer_lib_200722.o(.data)
    Counter_tilt                             0x20000540   Data           1  digitizer_lib_200722.o(.data)
    __microlib_freelist                      0x20000544   Data           4  mvars.o(.data)
    __microlib_freelist_initialised          0x20000548   Data           4  mvars.o(.data)
    g_sys_cfg                                0x2000064c   Data          44  config.o(.bss)
    gb_hbStatus                              0x200006b4   Data          48  scan.o(.bss)
    gScanCurZ                                0x200006e4   Data          56  scan.o(.bss)
    gXAntADCVal                              0x2000071c   Data         120  scan.o(.bss)
    gYAntADCVal                              0x20000794   Data         120  scan.o(.bss)
    pos_calc                                 0x2000080c   Data          32  scan.o(.bss)
    report_pos                               0x2000082c   Data          28  scan.o(.bss)
    g_scan                                   0x20000848   Data          17  scan.o(.bss)
    sys_status                               0x2000085c   Data          84  system.o(.bss)
    usb_rx_buffer                            0x200008f0   Data          21  usb.o(.bss)
    iqs572                                   0x20000906   Data          18  iqs.o(.bss)
    iqs572_track_mode_data                   0x20000918   Data          12  iqs.o(.bss)
    __heap_base                              0x20000938   Data           0  startup_gd32f3x0.o(HEAP)
    __heap_limit                             0x20000d38   Data           0  startup_gd32f3x0.o(HEAP)
    __initial_sp                             0x20001138   Data           0  startup_gd32f3x0.o(STACK)



==============================================================================

Memory Map of the image

  Image Entry point : 0x08003951

  Load Region LR_IROM1 (Base: 0x08003800, Size: 0x0000af20, Max: 0x00020000, ABSOLUTE, COMPRESSED[0x0000ab7c])

    Execution Region ER_IROM1 (Base: 0x08003800, Size: 0x0000a9d4, Max: 0x00020000, ABSOLUTE)

    Base Addr    Size         Type   Attr      Idx    E Section Name        Object

    0x08003800   0x00000150   Data   RO         5398    RESET               startup_gd32f3x0.o
    0x08003950   0x00000000   Code   RO         6429  * .ARM.Collect$$$$00000000  mc_w.l(entry.o)
    0x08003950   0x00000004   Code   RO         6506    .ARM.Collect$$$$00000001  mc_w.l(entry2.o)
    0x08003954   0x00000004   Code   RO         6509    .ARM.Collect$$$$00000004  mc_w.l(entry5.o)
    0x08003958   0x00000000   Code   RO         6511    .ARM.Collect$$$$00000008  mc_w.l(entry7b.o)
    0x08003958   0x00000000   Code   RO         6513    .ARM.Collect$$$$0000000A  mc_w.l(entry8b.o)
    0x08003958   0x00000008   Code   RO         6514    .ARM.Collect$$$$0000000B  mc_w.l(entry9a.o)
    0x08003960   0x00000000   Code   RO         6516    .ARM.Collect$$$$0000000D  mc_w.l(entry10a.o)
    0x08003960   0x00000000   Code   RO         6518    .ARM.Collect$$$$0000000F  mc_w.l(entry11a.o)
    0x08003960   0x00000004   Code   RO         6507    .ARM.Collect$$$$00002712  mc_w.l(entry2.o)
    0x08003964   0x00000024   Code   RO         5399    .text               startup_gd32f3x0.o
    0x08003988   0x0000002c   Code   RO         6432    .text               mc_w.l(uidiv.o)
    0x080039b4   0x00000028   Code   RO         6434    .text               mc_w.l(idiv.o)
    0x080039dc   0x00000040   Code   RO         6438    .text               mc_w.l(memmovea.o)
    0x08003a1c   0x00000024   Code   RO         6440    .text               mc_w.l(memseta.o)
    0x08003a40   0x00000018   Code   RO         6442    .text               mc_w.l(strncpy.o)
    0x08003a58   0x00000014   Code   RO         6444    .text               mc_w.l(strchr.o)
    0x08003a6c   0x0000000e   Code   RO         6446    .text               mc_w.l(strlen.o)
    0x08003a7a   0x000000b0   Code   RO         6482    .text               mf_w.l(fadd.o)
    0x08003b2a   0x00000064   Code   RO         6484    .text               mf_w.l(fmul.o)
    0x08003b8e   0x0000007c   Code   RO         6486    .text               mf_w.l(fdiv.o)
    0x08003c0a   0x0000014e   Code   RO         6488    .text               mf_w.l(dadd.o)
    0x08003d58   0x000000e4   Code   RO         6490    .text               mf_w.l(dmul.o)
    0x08003e3c   0x00000012   Code   RO         6494    .text               mf_w.l(fflti.o)
    0x08003e4e   0x0000000a   Code   RO         6496    .text               mf_w.l(ffltui.o)
    0x08003e58   0x0000001a   Code   RO         6498    .text               mf_w.l(dfltui.o)
    0x08003e72   0x00000032   Code   RO         6500    .text               mf_w.l(ffixi.o)
    0x08003ea4   0x00000028   Code   RO         6502    .text               mf_w.l(ffixui.o)
    0x08003ecc   0x00000032   Code   RO         6504    .text               mf_w.l(dfixui.o)
    0x08003efe   0x0000001e   Code   RO         6520    .text               mc_w.l(llshl.o)
    0x08003f1c   0x00000020   Code   RO         6522    .text               mc_w.l(llushr.o)
    0x08003f3c   0x00000024   Code   RO         6524    .text               mc_w.l(llsshr.o)
    0x08003f60   0x00000000   Code   RO         6535    .text               mc_w.l(iusefp.o)
    0x08003f60   0x0000006e   Code   RO         6536    .text               mf_w.l(fepilogue.o)
    0x08003fce   0x000000ba   Code   RO         6538    .text               mf_w.l(depilogue.o)
    0x08004088   0x00000024   Code   RO         6544    .text               mc_w.l(init.o)
    0x080040ac   0x00000056   Code   RO         6554    .text               mc_w.l(__dczerorl2.o)
    0x08004102   0x0000000e   Code   RO         1834    i.ALLOFF_4051_Chip  xy_antana.o
    0x08004110   0x00000108   Code   RO          609    i.AutoJitter        digitizer_comm.o
    0x08004218   0x000000a0   Code   RO          610    i.AutoJitterSendToBuffer  digitizer_comm.o
    0x080042b8   0x00000002   Code   RO          718    i.BusFault_Handler  gd32f3x0_it.o
    0x080042ba   0x00000002   PAD
    0x080042bc   0x00000010   Code   RO         6001    i.ClrTimerTask      taskschedule.o
    0x080042cc   0x00000002   Code   RO          719    i.DebugMon_Handler  gd32f3x0_it.o
    0x080042ce   0x00000002   PAD
    0x080042d0   0x00000034   Code   RO          611    i.DeterminePenArea  digitizer_comm.o
    0x08004304   0x0000006c   Code   RO          720    i.EXTI0_1_IRQHandler  gd32f3x0_it.o
    0x08004370   0x00000026   Code   RO         5810    i.EXTI2_3_IRQHandler  drv_pin.o
    0x08004396   0x000000c2   Code   RO         5811    i.EXTI4_15_IRQHandler  drv_pin.o
    0x08004458   0x0000001a   Code   RO          171    i.GetCheckSumHEX    app_usart.o
    0x08004472   0x00000002   PAD
    0x08004474   0x00000010   Code   RO          721    i.HardFault_Handler  gd32f3x0_it.o
    0x08004484   0x0000002c   Code   RO          612    i.Inverter          digitizer_comm.o
    0x080044b0   0x00000088   Code   RO          614    i.Mapping           digitizer_comm.o
    0x08004538   0x00000002   Code   RO          722    i.MemManage_Handler  gd32f3x0_it.o
    0x0800453a   0x00000002   Code   RO          723    i.NMI_Handler       gd32f3x0_it.o
    0x0800453c   0x0000008c   Code   RO          615    i.Offset            digitizer_comm.o
    0x080045c8   0x00000002   Code   RO          724    i.PendSV_Handler    gd32f3x0_it.o
    0x080045ca   0x000000fe   Code   RO         6335    i.PosCalcCoordinate_3And4Line_Lib  digitizer_lib_200722.lib(digitizer_lib_200722.o)
    0x080046c8   0x000000a6   Code   RO         6338    i.PosCalcP_Lib      digitizer_lib_200722.lib(digitizer_lib_200722.o)
    0x0800476e   0x00000002   PAD
    0x08004770   0x00000230   Code   RO         6340    i.Pos_smooth_new_Lib  digitizer_lib_200722.lib(digitizer_lib_200722.o)
    0x080049a0   0x00000002   Code   RO          725    i.SVC_Handler       gd32f3x0_it.o
    0x080049a2   0x00000002   PAD
    0x080049a4   0x00000020   Code   RO         6003    i.SetTimerTask      taskschedule.o
    0x080049c4   0x000000d8   Code   RO          616    i.Smooth            digitizer_comm.o
    0x08004a9c   0x00000004   Code   RO          726    i.SysTick_Handler   gd32f3x0_it.o
    0x08004aa0   0x0000009c   Code   RO         2098    i.SystemCoreClockUpdate  system_gd32f3x0.o
    0x08004b3c   0x000000a0   Code   RO         2099    i.SystemInit        system_gd32f3x0.o
    0x08004bdc   0x00000050   Code   RO         1555    i.TIMER0_BRK_UP_TRG_COM_IRQHandler  timer.o
    0x08004c2c   0x00000004   Code   RO          727    i.TIMER13_IRQHandler  gd32f3x0_it.o
    0x08004c30   0x00000084   Code   RO         1556    i.TIMER15_IRQHandler  timer.o
    0x08004cb4   0x000000b4   Code   RO          617    i.Tilt              digitizer_comm.o
    0x08004d68   0x00000d32   Code   RO         6341    i.Tilt_LIB_B        digitizer_lib_200722.lib(digitizer_lib_200722.o)
    0x08005a9a   0x00000002   PAD
    0x08005a9c   0x0000014c   Code   RO         6343    i.Tilt_smooth       digitizer_lib_200722.lib(digitizer_lib_200722.o)
    0x08005be8   0x00000060   Code   RO         6005    i.TimerTaskScheduler  taskschedule.o
    0x08005c48   0x0000000c   Code   RO         1626    i.USART0_IRQHandler  usart.o
    0x08005c54   0x0000000c   Code   RO          728    i.USBFS_IRQHandler  gd32f3x0_it.o
    0x08005c60   0x0000003c   Code   RO          729    i.USBFS_WKUP_IRQHandler  gd32f3x0_it.o
    0x08005c9c   0x00000002   Code   RO          730    i.UsageFault_Handler  gd32f3x0_it.o
    0x08005c9e   0x00000002   PAD
    0x08005ca0   0x00000020   Code   RO         1835    i.XOFF_4051_Chip    xy_antana.o
    0x08005cc0   0x00000020   Code   RO         1836    i.YOFF_4051_Chip    xy_antana.o
    0x08005ce0   0x000000b4   Code   RO          172    i.__cmd_android_set  app_usart.o
    0x08005d94   0x000000a8   Code   RO          173    i.__cmd_led_set     app_usart.o
    0x08005e3c   0x00000268   Code   RO          174    i.__dongle_protocolParse  app_usart.o
    0x080060a4   0x0000000e   Code   RO         6548    i.__scatterload_copy  mc_w.l(handlers.o)
    0x080060b2   0x00000002   Code   RO         6549    i.__scatterload_null  mc_w.l(handlers.o)
    0x080060b4   0x0000000e   Code   RO         6550    i.__scatterload_zeroinit  mc_w.l(handlers.o)
    0x080060c2   0x00000046   Code   RO         5940    i._serial_int_rx    serial.o
    0x08006108   0x0000002a   Code   RO         5941    i._serial_int_tx    serial.o
    0x08006132   0x00000002   PAD
    0x08006134   0x00000024   Code   RO         2135    i.adc_calibration_enable  gd32f3x0_adc.o
    0x08006158   0x0000003c   Code   RO         2136    i.adc_channel_length_config  gd32f3x0_adc.o
    0x08006194   0x0000004e   Code   RO            3    i.adc_config        adc.o
    0x080061e2   0x00000002   PAD
    0x080061e4   0x0000001c   Code   RO         2137    i.adc_data_alignment_config  gd32f3x0_adc.o
    0x08006200   0x00000010   Code   RO         2139    i.adc_disable       gd32f3x0_adc.o
    0x08006210   0x00000018   Code   RO         2143    i.adc_enable        gd32f3x0_adc.o
    0x08006228   0x0000003c   Code   RO         2144    i.adc_external_trigger_config  gd32f3x0_adc.o
    0x08006264   0x00000028   Code   RO         2145    i.adc_external_trigger_source_config  gd32f3x0_adc.o
    0x0800628c   0x00000010   Code   RO         2146    i.adc_flag_clear    gd32f3x0_adc.o
    0x0800629c   0x00000014   Code   RO         2147    i.adc_flag_get      gd32f3x0_adc.o
    0x080062b0   0x0000000c   Code   RO            4    i.adc_get_last_value  adc.o
    0x080062bc   0x0000001c   Code   RO            5    i.adc_get_sum       adc.o
    0x080062d8   0x00000078   Code   RO         2158    i.adc_regular_channel_config  gd32f3x0_adc.o
    0x08006350   0x00000088   Code   RO            6    i.adc_sampling_start  adc.o
    0x080063d8   0x00000020   Code   RO         2161    i.adc_software_trigger_enable  gd32f3x0_adc.o
    0x080063f8   0x0000005c   Code   RO         2162    i.adc_special_function_config  gd32f3x0_adc.o
    0x08006454   0x000000e0   Code   RO         1837    i.antenna_open      xy_antana.o
    0x08006534   0x0000001c   Code   RO         5812    i.bit2bitno         drv_pin.o
    0x08006550   0x00000030   Code   RO         1376    i.bkp_init          system.o
    0x08006580   0x00000070   Code   RO         1870    i.calibration_X     xy_calibration.o
    0x080065f0   0x00000070   Code   RO         1871    i.calibration_Y     xy_calibration.o
    0x08006660   0x00000030   Code   RO          351    i.comm_repeat_report  comm.o
    0x08006690   0x00000014   Code   RO          419    i.config_android_direction_set  config.o
    0x080066a4   0x0000002c   Code   RO          420    i.config_android_handle_get  config.o
    0x080066d0   0x0000002c   Code   RO          421    i.config_android_handle_set  config.o
    0x080066fc   0x0000000c   Code   RO          422    i.config_android_support_get  config.o
    0x08006708   0x00000014   Code   RO          423    i.config_android_support_set  config.o
    0x0800671c   0x0000000c   Code   RO          424    i.config_channel_get  config.o
    0x08006728   0x00000014   Code   RO          425    i.config_channel_set  config.o
    0x0800673c   0x00000014   Code   RO          426    i.config_dfu_flag_set  config.o
    0x08006750   0x0000000c   Code   RO          427    i.config_footled_duty_get  config.o
    0x0800675c   0x00000020   Code   RO          428    i.config_footled_duty_set  config.o
    0x0800677c   0x0000000c   Code   RO          429    i.config_get_rotate_mode  config.o
    0x08006788   0x00000020   Code   RO          430    i.config_init       config.o
    0x080067a8   0x00000060   Code   RO          433    i.config_load       config.o
    0x08006808   0x00000054   Code   RO          434    i.config_store      config.o
    0x0800685c   0x0000000c   Code   RO          435    i.config_track_pad_duty_get  config.o
    0x08006868   0x00000010   Code   RO          436    i.config_track_pad_duty_set  config.o
    0x08006878   0x0000000c   Code   RO          437    i.config_track_pad_mode_get  config.o
    0x08006884   0x00000020   Code   RO          438    i.config_track_pad_mode_set  config.o
    0x080068a4   0x00000030   Code   RO          439    i.config_trackpad_rotate_set  config.o
    0x080068d4   0x0000001c   Code   RO         5306    i.crc_block_data_calculate  gd32f3x0_crc.o
    0x080068f0   0x00000010   Code   RO         5308    i.crc_data_register_reset  gd32f3x0_crc.o
    0x08006900   0x00000020   Code   RO         5309    i.crc_deinit        gd32f3x0_crc.o
    0x08006920   0x00000018   Code   RO         5313    i.crc_input_data_reverse_config  gd32f3x0_crc.o
    0x08006938   0x00000078   Code   RO         1770    i.delay_time_set    usb_delay.o
    0x080069b0   0x00000068   Code   RO         2736    i.exti_init         gd32f3x0_exti.o
    0x08006a18   0x00000010   Code   RO         2738    i.exti_interrupt_enable  gd32f3x0_exti.o
    0x08006a28   0x0000000c   Code   RO         2739    i.exti_interrupt_flag_clear  gd32f3x0_exti.o
    0x08006a34   0x00000024   Code   RO         2740    i.exti_interrupt_flag_get  gd32f3x0_exti.o
    0x08006a58   0x0000000c   Code   RO         2817    i.fmc_flag_clear    gd32f3x0_fmc.o
    0x08006a64   0x00000010   Code   RO         2824    i.fmc_lock          gd32f3x0_fmc.o
    0x08006a74   0x0000003c   Code   RO         2826    i.fmc_page_erase    gd32f3x0_fmc.o
    0x08006ab0   0x00000016   Code   RO         2827    i.fmc_ready_wait    gd32f3x0_fmc.o
    0x08006ac6   0x00000002   PAD
    0x08006ac8   0x00000028   Code   RO         2828    i.fmc_state_get     gd32f3x0_fmc.o
    0x08006af0   0x00000020   Code   RO         2829    i.fmc_unlock        gd32f3x0_fmc.o
    0x08006b10   0x00000034   Code   RO         2832    i.fmc_word_program  gd32f3x0_fmc.o
    0x08006b44   0x0000004c   Code   RO         1627    i.gd32_hw_usart_init  usart.o
    0x08006b90   0x00000074   Code   RO         5813    i.gd32_pin_attach_irq  drv_pin.o
    0x08006c04   0x000000c4   Code   RO         5815    i.gd32_pin_irq_enable  drv_pin.o
    0x08006cc8   0x000000ac   Code   RO         5816    i.gd32_pin_mode     drv_pin.o
    0x08006d74   0x0000001c   Code   RO         5817    i.gd32_pin_read     drv_pin.o
    0x08006d90   0x00000026   Code   RO         5818    i.gd32_pin_write    drv_pin.o
    0x08006db6   0x00000060   Code   RO         1628    i.gd32_usart_configure  usart.o
    0x08006e16   0x00000048   Code   RO         1629    i.gd32_usart_control  usart.o
    0x08006e5e   0x00000020   Code   RO         1630    i.gd32_usart_getc   usart.o
    0x08006e7e   0x0000001e   Code   RO         1631    i.gd32_usart_putc   usart.o
    0x08006e9c   0x00000010   Code   RO         1632    i.gd32_usart_read   usart.o
    0x08006eac   0x00000010   Code   RO         1633    i.gd32_usart_write  usart.o
    0x08006ebc   0x00000060   Code   RO         1903    i.gesture_report_click_end  iqs.o
    0x08006f1c   0x000000d0   Code   RO         1904    i.gesture_report_singleTap  iqs.o
    0x08006fec   0x00000048   Code   RO          618    i.get_Xcoordinate   digitizer_comm.o
    0x08007034   0x00000048   Code   RO          619    i.get_Ycoordinate   digitizer_comm.o
    0x0800707c   0x0000001c   Code   RO         5819    i.get_pin           drv_pin.o
    0x08007098   0x0000000c   Code   RO         1379    i.get_report_mode   system.o
    0x080070a4   0x00000064   Code   RO         3076    i.gpio_af_set       gd32f3x0_gpio.o
    0x08007108   0x00000004   Code   RO         3077    i.gpio_bit_reset    gd32f3x0_gpio.o
    0x0800710c   0x00000004   Code   RO         3078    i.gpio_bit_set      gd32f3x0_gpio.o
    0x08007110   0x00000058   Code   RO          824    i.gpio_config       gpio.o
    0x08007168   0x0000000a   Code   RO         3082    i.gpio_input_bit_get  gd32f3x0_gpio.o
    0x08007172   0x00000044   Code   RO         3084    i.gpio_mode_set     gd32f3x0_gpio.o
    0x080071b6   0x00000002   PAD
    0x080071b8   0x00000070   Code   RO         3086    i.gpio_output_options_set  gd32f3x0_gpio.o
    0x08007228   0x00000678   Code   RO          352    i.hid_report        comm.o
    0x080078a0   0x00000014   Code   RO         3180    i.i2c_ack_config    gd32f3x0_i2c.o
    0x080078b4   0x00000014   Code   RO         3181    i.i2c_ackpos_config  gd32f3x0_i2c.o
    0x080078c8   0x000000fc   Code   RO         3182    i.i2c_clock_config  gd32f3x0_i2c.o
    0x080079c4   0x00000006   Code   RO         3183    i.i2c_data_receive  gd32f3x0_i2c.o
    0x080079ca   0x00000004   Code   RO         3184    i.i2c_data_transmit  gd32f3x0_i2c.o
    0x080079ce   0x00000002   PAD
    0x080079d0   0x00000030   Code   RO         3185    i.i2c_deinit        gd32f3x0_i2c.o
    0x08007a00   0x0000000c   Code   RO         3190    i.i2c_dualaddr_enable  gd32f3x0_i2c.o
    0x08007a0c   0x0000000a   Code   RO         3191    i.i2c_enable        gd32f3x0_i2c.o
    0x08007a16   0x00000022   Code   RO         3192    i.i2c_flag_clear    gd32f3x0_i2c.o
    0x08007a38   0x00000016   Code   RO         3193    i.i2c_flag_get      gd32f3x0_i2c.o
    0x08007a4e   0x00000012   Code   RO         3198    i.i2c_master_addressing  gd32f3x0_i2c.o
    0x08007a60   0x00000016   Code   RO         3199    i.i2c_mode_addr_config  gd32f3x0_i2c.o
    0x08007a76   0x0000000a   Code   RO         3208    i.i2c_start_on_bus  gd32f3x0_i2c.o
    0x08007a80   0x0000000a   Code   RO         3209    i.i2c_stop_on_bus   gd32f3x0_i2c.o
    0x08007a8a   0x00000002   PAD
    0x08007a8c   0x0000001c   Code   RO         1905    i.iqs572_setup      iqs.o
    0x08007aa8   0x00000008   Code   RO         1907    i.iqs5xx_buffer_read  iqs.o
    0x08007ab0   0x00000008   Code   RO         1908    i.iqs5xx_buffer_write  iqs.o
    0x08007ab8   0x00000014   Code   RO         1909    i.iqs5xx_clear_status  iqs.o
    0x08007acc   0x00000010   Code   RO         1910    i.iqs5xx_comm_end   iqs.o
    0x08007adc   0x0000011c   Code   RO         1911    i.iqs5xx_events_process  iqs.o
    0x08007bf8   0x00000026   Code   RO         1912    i.iqs5xx_gesture_config  iqs.o
    0x08007c1e   0x00000002   PAD
    0x08007c20   0x0000019c   Code   RO         1913    i.iqs5xx_track_mode_pro  iqs.o
    0x08007dbc   0x0000000c   Code   RO         1914    i.iqs5xx_track_mode_start  iqs.o
    0x08007dc8   0x00000128   Code   RO         1915    i.iqs624_setup      iqs.o
    0x08007ef0   0x00000008   Code   RO         1916    i.iqs6xx_buffer_read  iqs.o
    0x08007ef8   0x00000008   Code   RO         1917    i.iqs6xx_buffer_write  iqs.o
    0x08007f00   0x00000058   Code   RO         1918    i.iqs6xx_events_process  iqs.o
    0x08007f58   0x00000016   Code   RO         1919    i.iqs_init          iqs.o
    0x08007f6e   0x0000001e   Code   RO         1920    i.iqs_interrupt_config  iqs.o
    0x08007f8c   0x0000004c   Code   RO         1921    i.iqs_loop          iqs.o
    0x08007fd8   0x00000014   Code   RO          999    i.key_init          key.o
    0x08007fec   0x00000028   Code   RO         1000    i.key_longPressReset  key.o
    0x08008014   0x0000014c   Code   RO         1001    i.key_report        key.o
    0x08008160   0x00000150   Code   RO         1002    i.key_scan          key.o
    0x080082b0   0x0000000c   Code   RO         1003    i.key_status_read   key.o
    0x080082bc   0x00000010   Code   RO         1047    i.led_flash_monitor  led.o
    0x080082cc   0x0000001a   Code   RO         1048    i.led_foot_duty_set  led.o
    0x080082e6   0x00000002   PAD
    0x080082e8   0x0000000c   Code   RO         1050    i.led_init          led.o
    0x080082f4   0x0000007a   Code   RO         1051    i.led_manage        led.o
    0x0800836e   0x00000002   PAD
    0x08008370   0x00000018   Code   RO         1052    i.led_mode_config   led.o
    0x08008388   0x00000014   Code   RO         1053    i.led_off           led.o
    0x0800839c   0x00000034   Code   RO         1114    i.main              main.o
    0x080083d0   0x0000006c   Code   RO         6455    i.malloc            mc_w.l(malloc.o)
    0x0800843c   0x00000016   Code   RO         3380    i.nvic_irq_disable  gd32f3x0_misc.o
    0x08008452   0x00000002   PAD
    0x08008454   0x00000088   Code   RO         3381    i.nvic_irq_enable   gd32f3x0_misc.o
    0x080084dc   0x00000014   Code   RO         3382    i.nvic_priority_group_set  gd32f3x0_misc.o
    0x080084f0   0x00000014   Code   RO         3383    i.nvic_vector_table_set  gd32f3x0_misc.o
    0x08008504   0x0000012c   Code   RO         1140    i.pen_key_status_update  pressure.o
    0x08008630   0x00000036   Code   RO         1381    i.peripheral_init   system.o
    0x08008666   0x00000008   Code   RO         5820    i.pin_af_init       drv_pin.o
    0x0800866e   0x00000006   Code   RO         5821    i.pin_in_init       drv_pin.o
    0x08008674   0x00000034   Code   RO         5822    i.pin_irq_hdr       drv_pin.o
    0x080086a8   0x0000002e   Code   RO         5823    i.pin_irq_install   drv_pin.o
    0x080086d6   0x00000006   Code   RO         5824    i.pin_out_init      drv_pin.o
    0x080086dc   0x00000006   Code   RO         5825    i.pin_out_off       drv_pin.o
    0x080086e2   0x00000006   Code   RO         5826    i.pin_out_on        drv_pin.o
    0x080086e8   0x0000001a   Code   RO         5827    i.pin_out_set       drv_pin.o
    0x08008702   0x00000004   Code   RO         5828    i.pin_read          drv_pin.o
    0x08008706   0x00000002   PAD
    0x08008708   0x00000010   Code   RO         3437    i.pmu_backup_write_enable  gd32f3x0_pmu.o
    0x08008718   0x00000094   Code   RO         3451    i.pmu_to_deepsleepmode  gd32f3x0_pmu.o
    0x080087ac   0x000000a4   Code   RO         1261    i.pre_scan_x_recv   scan.o
    0x08008850   0x00000098   Code   RO         1262    i.pre_scan_y_recv   scan.o
    0x080088e8   0x000001b0   Code   RO         1141    i.pressure_calculate  pressure.o
    0x08008a98   0x00000068   Code   RO         1142    i.pressure_freq_calculate  pressure.o
    0x08008b00   0x0000008c   Code   RO         1143    i.pressure_gamma_calibration  pressure.o
    0x08008b8c   0x00000044   Code   RO         1144    i.pressure_smooth   pressure.o
    0x08008bd0   0x000000a4   Code   RO          440    i.product_info_calibration  config.o
    0x08008c74   0x0000001a   Code   RO         1382    i.prvSetupHardware  system.o
    0x08008c8e   0x00000002   PAD
    0x08008c90   0x0000000c   Code   RO         1194    i.pwm_period_idx_get_by_pre_idx  pwm.o
    0x08008c9c   0x00000054   Code   RO         1196    i.pwm_period_set_by_idx  pwm.o
    0x08008cf0   0x00000054   Code   RO         1197    i.pwm_period_set_by_pre_idx  pwm.o
    0x08008d44   0x00000036   Code   RO         1232    i.queue_de          queue.o
    0x08008d7a   0x0000003c   Code   RO         1233    i.queue_en          queue.o
    0x08008db6   0x0000000e   Code   RO         1234    i.queue_init        queue.o
    0x08008dc4   0x00000090   Code   RO         3571    i.rcu_adc_clock_config  gd32f3x0_rcu.o
    0x08008e54   0x00000014   Code   RO         3579    i.rcu_ck48m_clock_config  gd32f3x0_rcu.o
    0x08008e68   0x000001cc   Code   RO         3581    i.rcu_clock_freq_get  gd32f3x0_rcu.o
    0x08009034   0x0000001c   Code   RO         3601    i.rcu_periph_clock_enable  gd32f3x0_rcu.o
    0x08009050   0x0000001c   Code   RO         3604    i.rcu_periph_reset_disable  gd32f3x0_rcu.o
    0x0800906c   0x0000001c   Code   RO         3605    i.rcu_periph_reset_enable  gd32f3x0_rcu.o
    0x08009088   0x0000002c   Code   RO         3612    i.rcu_usbfs_clock_config  gd32f3x0_rcu.o
    0x080090b4   0x0000000c   Code   RO         1263    i.read_hand_pencil_status  scan.o
    0x080090c0   0x00000054   Code   RO         1264    i.scan_calculate    scan.o
    0x08009114   0x00000024   Code   RO         1265    i.scan_chrg         scan.o
    0x08009138   0x00000040   Code   RO         1266    i.scan_delay_adjust  scan.o
    0x08009178   0x00000040   Code   RO         1267    i.scan_main_calculate  scan.o
    0x080091b8   0x000000f8   Code   RO         1269    i.scan_pressure_recv  scan.o
    0x080092b0   0x0000002c   Code   RO         1270    i.scan_recv         scan.o
    0x080092dc   0x0000005c   Code   RO         1271    i.scan_reset        scan.o
    0x08009338   0x0000004c   Code   RO         1272    i.scan_start        scan.o
    0x08009384   0x000000f8   Code   RO         1273    i.scan_x_recv       scan.o
    0x0800947c   0x000000e4   Code   RO         1274    i.scan_y_recv       scan.o
    0x08009560   0x0000000c   Code   RO         1275    i.set_hand_pencil_status  scan.o
    0x0800956c   0x0000000c   Code   RO         1383    i.set_report_mode   system.o
    0x08009578   0x00000040   Code   RO         1384    i.sleep_int_install  system.o
    0x080095b8   0x0000002c   Code   RO         1385    i.sleep_int_uninstall  system.o
    0x080095e4   0x00000028   Code   RO          441    i.soft_reset        config.o
    0x0800960c   0x0000005c   Code   RO         4048    i.syscfg_exti_line_config  gd32f3x0_syscfg.o
    0x08009668   0x00000174   Code   RO         1386    i.system_1s_task    system.o
    0x080097dc   0x0000000c   Code   RO         1387    i.system_clear_sleep_count  system.o
    0x080097e8   0x0000006c   Code   RO         2100    i.system_clock_72m_hxtal  system_gd32f3x0.o
    0x08009854   0x0000002c   Code   RO         1388    i.system_config_after_wakeup  system.o
    0x08009880   0x00000048   Code   RO         1389    i.system_config_before_sleep  system.o
    0x080098c8   0x0000001e   Code   RO         1392    i.system_halt       system.o
    0x080098e6   0x00000002   PAD
    0x080098e8   0x00000064   Code   RO         1393    i.system_init       system.o
    0x0800994c   0x00000034   Code   RO         1394    i.system_judge_curr_mode  system.o
    0x08009980   0x00000034   Code   RO         1519    i.systick_config    systick.o
    0x080099b4   0x000000b0   Code   RO         1557    i.timer0_init       timer.o
    0x08009a64   0x00000038   Code   RO         1771    i.timer13_delay_irq  usb_delay.o
    0x08009a9c   0x00000058   Code   RO         1558    i.timer14_init      timer.o
    0x08009af4   0x0000005c   Code   RO         1559    i.timer15_init      timer.o
    0x08009b50   0x0000000a   Code   RO         4123    i.timer_auto_reload_shadow_disable  gd32f3x0_timer.o
    0x08009b5a   0x0000000a   Code   RO         4124    i.timer_auto_reload_shadow_enable  gd32f3x0_timer.o
    0x08009b64   0x00000004   Code   RO         4127    i.timer_autoreload_value_config  gd32f3x0_timer.o
    0x08009b68   0x000001ec   Code   RO         4141    i.timer_channel_output_config  gd32f3x0_timer.o
    0x08009d54   0x0000004e   Code   RO         4143    i.timer_channel_output_mode_config  gd32f3x0_timer.o
    0x08009da2   0x0000001e   Code   RO         4145    i.timer_channel_output_pulse_value_config  gd32f3x0_timer.o
    0x08009dc0   0x0000004e   Code   RO         4146    i.timer_channel_output_shadow_config  gd32f3x0_timer.o
    0x08009e0e   0x00000012   Code   RO         1562    i.timer_config      timer.o
    0x08009e20   0x00000080   Code   RO         4155    i.timer_deinit      gd32f3x0_timer.o
    0x08009ea0   0x0000000a   Code   RO         4156    i.timer_disable     gd32f3x0_timer.o
    0x08009eaa   0x0000000a   Code   RO         4160    i.timer_enable      gd32f3x0_timer.o
    0x08009eb4   0x00000008   Code   RO         4161    i.timer_event_software_generate  gd32f3x0_timer.o
    0x08009ebc   0x00000006   Code   RO         4167    i.timer_flag_clear  gd32f3x0_timer.o
    0x08009ec2   0x0000000a   Code   RO         4168    i.timer_flag_get    gd32f3x0_timer.o
    0x08009ecc   0x000000a0   Code   RO         4170    i.timer_init        gd32f3x0_timer.o
    0x08009f6c   0x00000008   Code   RO         4177    i.timer_interrupt_enable  gd32f3x0_timer.o
    0x08009f74   0x00000014   Code   RO         4186    i.timer_primary_output_config  gd32f3x0_timer.o
    0x08009f88   0x00000018   Code   RO         4189    i.timer_single_pulse_mode_config  gd32f3x0_timer.o
    0x08009fa0   0x0000000a   Code   RO         4193    i.timer_update_event_enable  gd32f3x0_timer.o
    0x08009faa   0x00000018   Code   RO         4194    i.timer_update_source_config  gd32f3x0_timer.o
    0x08009fc2   0x000000f8   Code   RO         1922    i.trackpad_data_report  iqs.o
    0x0800a0ba   0x0000001e   Code   RO          443    i.u16saveu32        config.o
    0x0800a0d8   0x0000005a   Code   RO         5944    i.ug_hw_serial_isr  serial.o
    0x0800a132   0x0000001e   Code   RO         5945    i.ug_hw_serial_register  serial.o
    0x0800a150   0x00000094   Code   RO         5946    i.ug_serial_open    serial.o
    0x0800a1e4   0x0000000c   Code   RO         5771    i.ug_tick_get       clock.o
    0x0800a1f0   0x00000010   Code   RO         5772    i.ug_tick_increase  clock.o
    0x0800a200   0x00000028   Code   RO         1563    i.ugee_adc_delay    timer.o
    0x0800a228   0x000001d4   Code   RO         2051    i.ugee_i2c_buffer_read  ugee_i2c.o
    0x0800a3fc   0x00000204   Code   RO         2052    i.ugee_i2c_buffer_read_iqs572  ugee_i2c.o
    0x0800a600   0x0000010c   Code   RO         2053    i.ugee_i2c_buffer_write  ugee_i2c.o
    0x0800a70c   0x00000140   Code   RO         2054    i.ugee_i2c_buffer_write_iqs572  ugee_i2c.o
    0x0800a84c   0x000000a0   Code   RO         2055    i.ugee_i2c_config   ugee_i2c.o
    0x0800a8ec   0x0000005c   Code   RO         4579    i.usart_baudrate_set  gd32f3x0_usart.o
    0x0800a948   0x00000080   Code   RO          177    i.usart_ble_led_light_get_response  app_usart.o
    0x0800a9c8   0x00000018   Code   RO          178    i.usart_ble_led_light_set_response  app_usart.o
    0x0800a9e0   0x0000008c   Code   RO          179    i.usart_data_analyze  app_usart.o
    0x0800aa6c   0x0000001c   Code   RO         4584    i.usart_data_first_config  gd32f3x0_usart.o
    0x0800aa88   0x00000008   Code   RO         4585    i.usart_data_receive  gd32f3x0_usart.o
    0x0800aa90   0x00000030   Code   RO         4587    i.usart_deinit      gd32f3x0_usart.o
    0x0800aac0   0x0000005c   Code   RO          180    i.usart_dispose_recvDataTask  app_usart.o
    0x0800ab1c   0x00000068   Code   RO          181    i.usart_dongle_parse  app_usart.o
    0x0800ab84   0x0000000a   Code   RO         4594    i.usart_enable      gd32f3x0_usart.o
    0x0800ab8e   0x00000010   Code   RO         4595    i.usart_flag_clear  gd32f3x0_usart.o
    0x0800ab9e   0x00000016   Code   RO         4596    i.usart_flag_get    gd32f3x0_usart.o
    0x0800abb4   0x00000090   Code   RO          182    i.usart_get_batt_value  app_usart.o
    0x0800ac44   0x0000001c   Code   RO          183    i.usart_get_ble_firmwareVer  app_usart.o
    0x0800ac60   0x0000004c   Code   RO          184    i.usart_get_ble_mac  app_usart.o
    0x0800acac   0x00000010   Code   RO          185    i.usart_get_ble_matches  app_usart.o
    0x0800acbc   0x00000038   Code   RO          186    i.usart_get_ble_status  app_usart.o
    0x0800acf4   0x00000048   Code   RO          187    i.usart_get_chrgSta  app_usart.o
    0x0800ad3c   0x00000074   Code   RO          188    i.usart_get_devInfo  app_usart.o
    0x0800adb0   0x0000005c   Code   RO          189    i.usart_get_devName  app_usart.o
    0x0800ae0c   0x00000054   Code   RO          190    i.usart_get_handPad_firmwareVer  app_usart.o
    0x0800ae60   0x00000044   Code   RO          191    i.usart_get_issue_mac  app_usart.o
    0x0800aea4   0x00000014   Code   RO         4602    i.usart_interrupt_disable  gd32f3x0_usart.o
    0x0800aeb8   0x00000014   Code   RO         4603    i.usart_interrupt_enable  gd32f3x0_usart.o
    0x0800aecc   0x00000028   Code   RO         4604    i.usart_interrupt_flag_clear  gd32f3x0_usart.o
    0x0800aef4   0x0000002e   Code   RO         4605    i.usart_interrupt_flag_get  gd32f3x0_usart.o
    0x0800af22   0x0000005a   Code   RO         4606    i.usart_invert_config  gd32f3x0_usart.o
    0x0800af7c   0x00000080   Code   RO         1634    i.usart_isr         usart.o
    0x0800affc   0x00000012   Code   RO         4617    i.usart_overrun_enable  gd32f3x0_usart.o
    0x0800b00e   0x00000018   Code   RO         4619    i.usart_parity_config  gd32f3x0_usart.o
    0x0800b026   0x00000010   Code   RO         4621    i.usart_receive_config  gd32f3x0_usart.o
    0x0800b036   0x00000018   Code   RO         4640    i.usart_stop_bit_set  gd32f3x0_usart.o
    0x0800b04e   0x00000010   Code   RO         4642    i.usart_transmit_config  gd32f3x0_usart.o
    0x0800b05e   0x00000018   Code   RO         4646    i.usart_word_length_set  gd32f3x0_usart.o
    0x0800b076   0x00000002   PAD
    0x0800b078   0x00000078   Code   RO         1701    i.usb_clock_config  usb.o
    0x0800b0f0   0x0000002c   Code   RO         5405    i.usb_clock_ungate  usb_core.o
    0x0800b11c   0x00000084   Code   RO         1702    i.usb_cmd_android_set  usb.o
    0x0800b1a0   0x000000e8   Code   RO         1703    i.usb_cmd_led_set   usb.o
    0x0800b288   0x00000020   Code   RO         1704    i.usb_config        usb.o
    0x0800b2a8   0x00000060   Code   RO         5406    i.usb_core_init     usb_core.o
    0x0800b308   0x00000026   Code   RO         5407    i.usb_core_select   usb_core.o
    0x0800b32e   0x00000002   PAD
    0x0800b330   0x00000024   Code   RO         1772    i.usb_delay_ms      usb_delay.o
    0x0800b354   0x00000024   Code   RO         1773    i.usb_delay_us      usb_delay.o
    0x0800b378   0x00000148   Code   RO         5408    i.usb_devcore_init  usb_core.o
    0x0800b4c0   0x00000014   Code   RO         5410    i.usb_ep0_startout  usb_core.o
    0x0800b4d4   0x00000020   Code   RO         5411    i.usb_fifo_read     usb_core.o
    0x0800b4f4   0x00000024   Code   RO         5412    i.usb_fifo_write    usb_core.o
    0x0800b518   0x0000003c   Code   RO         1705    i.usb_interrupt_config  usb.o
    0x0800b554   0x0000003c   Code   RO         5413    i.usb_mode_set      usb_core.o
    0x0800b590   0x000000fc   Code   RO         1706    i.usb_protocolParse  usb.o
    0x0800b68c   0x00000204   Code   RO         1707    i.usb_rx_proc       usb.o
    0x0800b890   0x0000002c   Code   RO         5415    i.usb_rxfifo_flush  usb_core.o
    0x0800b8bc   0x0000000a   Code   RO         1774    i.usb_timer_nvic_init  usb_delay.o
    0x0800b8c6   0x00000002   PAD
    0x0800b8c8   0x00000034   Code   RO         1708    i.usb_tx            usb.o
    0x0800b8fc   0x00000038   Code   RO         5416    i.usb_txfifo_flush  usb_core.o
    0x0800b934   0x00000092   Code   RO         5641    i.usbd_clrfeature   usbd_std.o
    0x0800b9c6   0x0000000e   Code   RO         5642    i.usbd_configuration_descriptor_get  usbd_std.o
    0x0800b9d4   0x0000001e   Code   RO         5494    i.usbd_ctlstatus_rx  usbd_core.o
    0x0800b9f2   0x0000001e   Code   RO         5495    i.usbd_ctlstatus_tx  usbd_core.o
    0x0800ba10   0x0000001a   Code   RO         5496    i.usbd_ctltx        usbd_core.o
    0x0800ba2a   0x0000000c   Code   RO         5643    i.usbd_device_descriptor_get  usbd_std.o
    0x0800ba36   0x00000002   PAD
    0x0800ba38   0x00000080   Code   RO         5585    i.usbd_emptytxfifo_write  usbd_int.o
    0x0800bab8   0x0000001c   Code   RO         5644    i.usbd_enum_error   usbd_std.o
    0x0800bad4   0x0000006a   Code   RO         5497    i.usbd_ep_clear_stall  usbd_core.o
    0x0800bb3e   0x00000002   PAD
    0x0800bb40   0x00000048   Code   RO         5498    i.usbd_ep_deinit    usbd_core.o
    0x0800bb88   0x00000090   Code   RO         5500    i.usbd_ep_init      usbd_core.o
    0x0800bc18   0x00000084   Code   RO         5501    i.usbd_ep_rx        usbd_core.o
    0x0800bc9c   0x00000040   Code   RO         5502    i.usbd_ep_stall     usbd_core.o
    0x0800bcdc   0x000000d8   Code   RO         5503    i.usbd_ep_tx        usbd_core.o
    0x0800bdb4   0x00000028   Code   RO         5645    i.usbd_getconfig    usbd_std.o
    0x0800bddc   0x00000290   Code   RO         5646    i.usbd_getdescriptor  usbd_std.o
    0x0800c06c   0x00000006   Code   RO         5647    i.usbd_getinterface  usbd_std.o
    0x0800c072   0x00000002   PAD
    0x0800c074   0x0000007c   Code   RO         5648    i.usbd_getstatus    usbd_std.o
    0x0800c0f0   0x000000fc   Code   RO          867    i.usbd_hid_classreq_handle  hid_core.o
    0x0800c1ec   0x0000003c   Code   RO          868    i.usbd_hid_data_handler  hid_core.o
    0x0800c228   0x00000026   Code   RO          869    i.usbd_hid_deinit   hid_core.o
    0x0800c24e   0x00000002   PAD
    0x0800c250   0x00000040   Code   RO          870    i.usbd_hid_init     hid_core.o
    0x0800c290   0x00000054   Code   RO          871    i.usbd_hid_report_send  hid_core.o
    0x0800c2e4   0x0000008e   Code   RO         5649    i.usbd_in_transaction  usbd_std.o
    0x0800c372   0x00000002   PAD
    0x0800c374   0x00000060   Code   RO         5504    i.usbd_init         usbd_core.o
    0x0800c3d4   0x00000080   Code   RO         5586    i.usbd_intf_enumfinish  usbd_int.o
    0x0800c454   0x000000ac   Code   RO         5587    i.usbd_intf_inep    usbd_int.o
    0x0800c500   0x00000084   Code   RO         5588    i.usbd_intf_outep   usbd_int.o
    0x0800c584   0x00000108   Code   RO         5589    i.usbd_intf_reset   usbd_int.o
    0x0800c68c   0x000000a8   Code   RO         5590    i.usbd_intf_rxfifo  usbd_int.o
    0x0800c734   0x0000013c   Code   RO         5591    i.usbd_isr          usbd_int.o
    0x0800c870   0x00000062   Code   RO         5650    i.usbd_out_transaction  usbd_std.o
    0x0800c8d2   0x00000002   Code   RO         5651    i.usbd_reserved     usbd_std.o
    0x0800c8d4   0x00000044   Code   RO         5652    i.usbd_setaddress   usbd_std.o
    0x0800c918   0x00000068   Code   RO         5653    i.usbd_setconfig    usbd_std.o
    0x0800c980   0x00000002   Code   RO         5654    i.usbd_setdescriptor  usbd_std.o
    0x0800c982   0x00000002   PAD
    0x0800c984   0x00000094   Code   RO         5655    i.usbd_setfeature   usbd_std.o
    0x0800ca18   0x00000006   Code   RO         5656    i.usbd_setinterface  usbd_std.o
    0x0800ca1e   0x00000002   PAD
    0x0800ca20   0x0000009c   Code   RO         5657    i.usbd_setup_transaction  usbd_std.o
    0x0800cabc   0x0000000e   Code   RO         5658    i.usbd_string_descriptor_get  usbd_std.o
    0x0800caca   0x00000002   Code   RO         5659    i.usbd_synchframe   usbd_std.o
    0x0800cacc   0x00000002   Code   RO         1395    i.wakeup_hdr        system.o
    0x0800cace   0x00000002   PAD
    0x0800cad0   0x0000016c   Code   RO         1923    i.wheel_data_report  iqs.o
    0x0800cc3c   0x00000070   Data   RO          193    .constdata          app_usart.o
    0x0800ccac   0x00000014   Data   RO          445    .constdata          config.o
    0x0800ccc0   0x00000020   Data   RO          826    .constdata          gpio.o
    0x0800cce0   0x00000018   Data   RO          827    .constdata          gpio.o
    0x0800ccf8   0x00000040   Data   RO          828    .constdata          gpio.o
    0x0800cd38   0x00000048   Data   RO          829    .constdata          gpio.o
    0x0800cd80   0x000000e8   Data   RO          830    .constdata          gpio.o
    0x0800ce68   0x00000228   Data   RO          831    .constdata          gpio.o
    0x0800d090   0x00000004   Data   RO          930    .constdata          hid_descriptor.o
    0x0800d094   0x00000012   Data   RO          931    .constdata          hid_descriptor.o
    0x0800d0a6   0x00000018   Data   RO          932    .constdata          hid_descriptor.o
    0x0800d0be   0x0000000e   Data   RO          933    .constdata          hid_descriptor.o
    0x0800d0cc   0x00000022   Data   RO          934    .constdata          hid_descriptor.o
    0x0800d0ee   0x0000002c   Data   RO          935    .constdata          hid_descriptor.o
    0x0800d11a   0x0000001a   Data   RO          936    .constdata          hid_descriptor.o
    0x0800d134   0x0000001c   Data   RO          937    .constdata          hid_descriptor.o
    0x0800d150   0x0000001c   Data   RO          938    .constdata          hid_descriptor.o
    0x0800d16c   0x0000001c   Data   RO          939    .constdata          hid_descriptor.o
    0x0800d188   0x00000014   Data   RO          940    .constdata          hid_descriptor.o
    0x0800d19c   0x00000026   Data   RO          941    .constdata          hid_descriptor.o
    0x0800d1c2   0x00000018   Data   RO          942    .constdata          hid_descriptor.o
    0x0800d1da   0x00000018   Data   RO          943    .constdata          hid_descriptor.o
    0x0800d1f2   0x00000018   Data   RO          944    .constdata          hid_descriptor.o
    0x0800d20a   0x00000018   Data   RO          945    .constdata          hid_descriptor.o
    0x0800d222   0x00000004   Data   RO          946    .constdata          hid_descriptor.o
    0x0800d226   0x00000004   Data   RO          947    .constdata          hid_descriptor.o
    0x0800d22a   0x00000020   Data   RO          948    .constdata          hid_descriptor.o
    0x0800d24a   0x0000000e   Data   RO          949    .constdata          hid_descriptor.o
    0x0800d258   0x00000004   Data   RO          950    .constdata          hid_descriptor.o
    0x0800d25c   0x0000002c   Data   RO          951    .constdata          hid_descriptor.o
    0x0800d288   0x00000006   Data   RO          952    .constdata          hid_descriptor.o
    0x0800d28e   0x00000004   Data   RO          953    .constdata          hid_descriptor.o
    0x0800d292   0x0000000a   Data   RO          954    .constdata          hid_descriptor.o
    0x0800d29c   0x00000006   Data   RO          955    .constdata          hid_descriptor.o
    0x0800d2a2   0x00000010   Data   RO          956    .constdata          hid_descriptor.o
    0x0800d2b2   0x00000008   Data   RO          957    .constdata          hid_descriptor.o
    0x0800d2ba   0x0000000c   Data   RO          958    .constdata          hid_descriptor.o
    0x0800d2c6   0x0000000e   Data   RO          959    .constdata          hid_descriptor.o
    0x0800d2d4   0x00000006   Data   RO          960    .constdata          hid_descriptor.o
    0x0800d2da   0x00000012   Data   RO          961    .constdata          hid_descriptor.o
    0x0800d2ec   0x000000b1   Data   RO          968    .constdata          hid_descriptor.o
    0x0800d39d   0x0000006d   Data   RO          969    .constdata          hid_descriptor.o
    0x0800d40a   0x00000024   Data   RO          970    .constdata          hid_descriptor.o
    0x0800d42e   0x00000010   Data   RO         1005    .constdata          key.o
    0x0800d43e   0x00000002   PAD
    0x0800d440   0x00000388   Data   RO         1145    .constdata          pressure.o
    0x0800d7c8   0x0000003b   Data   RO         1198    .constdata          pwm.o
    0x0800d803   0x00000001   PAD
    0x0800d804   0x00000014   Data   RO         1636    .constdata          usart.o
    0x0800d818   0x000003c4   Data   RO         1872    .constdata          xy_calibration.o
    0x0800dbdc   0x00000004   Data   RO         5592    .constdata          usbd_int.o
    0x0800dbe0   0x000005d4   Data   RO         5829    .constdata          drv_pin.o
    0x0800e1b4   0x00000020   Data   RO         6546    Region$$Table       anon$$obj.o


    Execution Region RW_IRAM1 (Base: 0x20000000, Size: 0x00001138, Max: 0x00004000, ABSOLUTE, COMPRESSED[0x000001a8])

    Base Addr    Size         Type   Attr      Idx    E Section Name        Object

    0x20000000   0x00000004   Data   RW            8    .data               adc.o
    0x20000004   0x00000001   Data   RW          194    .data               app_usart.o
    0x20000005   0x00000001   Data   RW          354    .data               comm.o
    0x20000006   0x00000002   PAD
    0x20000008   0x00000004   Data   RW          446    .data               config.o
    0x2000000c   0x0000001c   Data   RW          620    .data               digitizer_comm.o
    0x20000028   0x0000000c   Data   RW          872    .data               hid_core.o
    0x20000034   0x00000004   Data   RW          873    .data               hid_core.o
    0x20000038   0x00000012   Data   RW          971    .data               hid_descriptor.o
    0x2000004a   0x0000005b   Data   RW          972    .data               hid_descriptor.o
    0x200000a5   0x00000008   Data   RW          973    .data               hid_descriptor.o
    0x200000ad   0x0000000c   Data   RW          974    .data               hid_descriptor.o
    0x200000b9   0x00000004   Data   RW          975    .data               hid_descriptor.o
    0x200000bd   0x00000003   PAD
    0x200000c0   0x0000008c   Data   RW          976    .data               hid_descriptor.o
    0x2000014c   0x00000014   Data   RW         1006    .data               key.o
    0x20000160   0x00000006   Data   RW         1055    .data               led.o
    0x20000166   0x00000002   PAD
    0x20000168   0x00000028   Data   RW         1146    .data               pressure.o
    0x20000190   0x00000018   Data   RW         1277    .data               scan.o
    0x200001a8   0x00000008   Data   RW         1397    .data               system.o
    0x200001b0   0x00000008   Data   RW         1637    .data               usart.o
    0x200001b8   0x00000018   Data   RW         1638    .data               usart.o
    0x200001d0   0x0000012c   Data   RW         1710    .data               usb.o
    0x200002fc   0x00000004   Data   RW         1775    .data               usb_delay.o
    0x20000300   0x0000000c   Data   RW         1925    .data               iqs.o
    0x2000030c   0x00000002   Data   RW         2056    .data               ugee_i2c.o
    0x2000030e   0x00000002   PAD
    0x20000310   0x00000004   Data   RW         2101    .data               system_gd32f3x0.o
    0x20000314   0x00000008   Data   RW         5417    .data               usb_core.o
    0x2000031c   0x00000004   Data   RW         5593    .data               usbd_int.o
    0x20000320   0x00000054   Data   RW         5660    .data               usbd_std.o
    0x20000374   0x00000004   Data   RW         5774    .data               clock.o
    0x20000378   0x00000100   Data   RW         5830    .data               drv_pin.o
    0x20000478   0x00000084   Data   RW         6006    .data               taskschedule.o
    0x200004fc   0x00000048   Data   RW         6344    .data               digitizer_lib_200722.lib(digitizer_lib_200722.o)
    0x20000544   0x00000004   Data   RW         6526    .data               mc_w.l(mvars.o)
    0x20000548   0x00000004   Data   RW         6527    .data               mc_w.l(mvars.o)
    0x2000054c   0x00000066   Zero   RW            7    .bss                adc.o
    0x200005b2   0x00000084   Zero   RW          192    .bss                app_usart.o
    0x20000636   0x00000014   Zero   RW          353    .bss                comm.o
    0x2000064a   0x00000002   PAD
    0x2000064c   0x0000002c   Zero   RW          444    .bss                config.o
    0x20000678   0x0000003c   Zero   RW         1004    .bss                key.o
    0x200006b4   0x000001a5   Zero   RW         1276    .bss                scan.o
    0x20000859   0x00000003   PAD
    0x2000085c   0x00000054   Zero   RW         1396    .bss                system.o
    0x200008b0   0x00000055   Zero   RW         1709    .bss                usb.o
    0x20000905   0x00000001   PAD
    0x20000906   0x0000001e   Zero   RW         1924    .bss                iqs.o
    0x20000924   0x00000010   Zero   RW         3456    .bss                gd32f3x0_pmu.o
    0x20000934   0x00000004   PAD
    0x20000938   0x00000400   Zero   RW         5397    HEAP                startup_gd32f3x0.o
    0x20000d38   0x00000400   Zero   RW         5396    STACK               startup_gd32f3x0.o


==============================================================================

Image component sizes


      Code (inc. data)   RO Data    RW Data    ZI Data      Debug   Object Name

       254         20          0          4        102      82110   adc.o
      2230        138        112          1        132      27714   app_usart.o
        28         12          0          4          0       1465   clock.o
      1704         88          0          1         20      11922   comm.o
       814        156         20          4         44      41049   config.o
      1336        128          0         28          0       9497   digitizer_comm.o
       998         28       1492        256          0      12677   drv_pin.o
       544         62          0          0          0       7920   gd32f3x0_adc.o
       100         22          0          0          0       2842   gd32f3x0_crc.o
       168         28          0          0          0       2686   gd32f3x0_exti.o
       234         40          0          0          0       5035   gd32f3x0_fmc.o
       298          0          0          0          0       4465   gd32f3x0_gpio.o
       488         18          0          0          0       9371   gd32f3x0_i2c.o
       218         32          0          0          0       6075   gd32f3x0_it.o
       198         22          0          0          0       3195   gd32f3x0_misc.o
       164         24          0          0         16       1341   gd32f3x0_pmu.o
       752         96          0          0          0       6452   gd32f3x0_rcu.o
        92          6          0          0          0        850   gd32f3x0_syscfg.o
      1120         50          0          0          0      13839   gd32f3x0_timer.o
       562         26          0          0          0      12032   gd32f3x0_usart.o
        88          6        976          0          0       8863   gpio.o
       498         50          0         16          0       4876   hid_core.o
         0          0        926        273          0       6668   hid_descriptor.o
      2270         98          0         12         30      16037   iqs.o
       740         48         16         20         60       4038   key.o
       220         16          0          6          0       3284   led.o
        52          6          0          0          0        483   main.o
      1044        106        904         40          0       4887   pressure.o
       180         32         59          0          0       2332   pwm.o
       128          0          0          0          0       2239   queue.o
      1524        136          0         24        421      11373   scan.o
       380          0          0          0          0       4305   serial.o
        36          8        336          0       2048        888   startup_gd32f3x0.o
       944        112          0          8         84      35004   system.o
       424         74          0          4          0       3015   system_gd32f3x0.o
        52          8          0          0          0      25264   systick.o
       144         14          0        132          0       2702   taskschedule.o
       626         42          0          0          0       4336   timer.o
      1732         50          0          2          0       5729   ugee_i2c.o
       478         28         20         32          0       6083   usart.o
      1396        110          0        300         85       6918   usb.o
       754         60          0          8          0       8085   usb_core.o
       258         32          0          4          0       3158   usb_delay.o
       916         28          0          0          0       8117   usbd_core.o
      1308         70          4          4          0       8202   usbd_int.o
      1768         48          0         84          0      15295   usbd_std.o
       302         22          0          0          0       2656   xy_antana.o
       224         16        964          0          0       1896   xy_calibration.o

    ----------------------------------------------------------------------
     30846       2216       5864       1276       3052     469270   Object Totals
         0          0         32          0          0          0   (incl. Generated)
        58          0          3          9         10          0   (incl. Padding)

    ----------------------------------------------------------------------

      Code (inc. data)   RO Data    RW Data    ZI Data      Debug   Library Member Name

      4690        330          0         72          0      10996   digitizer_lib_200722.o
        86          0          0          0          0          0   __dczerorl2.o
         0          0          0          0          0          0   entry.o
         0          0          0          0          0          0   entry10a.o
         0          0          0          0          0          0   entry11a.o
         8          4          0          0          0          0   entry2.o
         4          0          0          0          0          0   entry5.o
         0          0          0          0          0          0   entry7b.o
         0          0          0          0          0          0   entry8b.o
         8          4          0          0          0          0   entry9a.o
        30          0          0          0          0          0   handlers.o
        40          0          0          0          0         80   idiv.o
        36          8          0          0          0         68   init.o
         0          0          0          0          0          0   iusefp.o
        30          0          0          0          0         68   llshl.o
        36          0          0          0          0         68   llsshr.o
        32          0          0          0          0         68   llushr.o
       108         16          0          0          0         84   malloc.o
        64          0          0          0          0         76   memmovea.o
        36          0          0          0          0        108   memseta.o
         0          0          0          8          0          0   mvars.o
        20          0          0          0          0         68   strchr.o
        14          0          0          0          0         68   strlen.o
        24          0          0          0          0         76   strncpy.o
        44          0          0          0          0         80   uidiv.o
       334          0          0          0          0        148   dadd.o
       186          0          0          0          0        176   depilogue.o
        50          0          0          0          0         76   dfixui.o
        26          0          0          0          0         76   dfltui.o
       228          0          0          0          0         96   dmul.o
       176          0          0          0          0        140   fadd.o
       124          0          0          0          0         88   fdiv.o
       110          0          0          0          0        168   fepilogue.o
        50          0          0          0          0         68   ffixi.o
        40          0          0          0          0         68   ffixui.o
        18          0          0          0          0         68   fflti.o
        10          0          0          0          0         68   ffltui.o
       100          0          0          0          0         76   fmul.o

    ----------------------------------------------------------------------
      6766        362          0         80          0      13224   Library Totals
         4          0          0          0          0          0   (incl. Padding)

    ----------------------------------------------------------------------

      Code (inc. data)   RO Data    RW Data    ZI Data      Debug   Library Name

      4690        330          0         72          0      10996   digitizer_lib_200722.lib
       620         32          0          8          0        912   mc_w.l
      1452          0          0          0          0       1316   mf_w.l

    ----------------------------------------------------------------------
      6766        362          0         80          0      13224   Library Totals

    ----------------------------------------------------------------------

==============================================================================


      Code (inc. data)   RO Data    RW Data    ZI Data      Debug   

     37612       2578       5864       1356       3052     445858   Grand Totals
     37612       2578       5864        424       3052     445858   ELF Image Totals (compressed)
     37612       2578       5864        424          0          0   ROM Totals

==============================================================================

    Total RO  Size (Code + RO Data)                43476 (  42.46kB)
    Total RW  Size (RW Data + ZI Data)              4408 (   4.30kB)
    Total ROM Size (Code + RO Data + RW Data)      43900 (  42.87kB)

==============================================================================

